Analysis & Synthesis report for Lab3
Mon Oct  4 16:48:38 2021
Quartus II 64-Bit Version 13.0.1 Build 232 06/12/2013 Service Pack 1 SJ Web Edition


---------------------
; Table of Contents ;
---------------------
  1. Legal Notice
  2. Analysis & Synthesis Summary
  3. Analysis & Synthesis Settings
  4. Parallel Compilation
  5. Analysis & Synthesis Source Files Read
  6. Analysis & Synthesis Resource Usage Summary
  7. Analysis & Synthesis Resource Utilization by Entity
  8. Registers Removed During Synthesis
  9. Removed Registers Triggering Further Register Optimizations
 10. General Register Statistics
 11. Parameter Settings for User Entity Instance: Top-level Entity: |MCU_FSM
 12. Parameter Settings for User Entity Instance: Datapath:dp
 13. Parameter Settings for User Entity Instance: Datapath:dp|Register_File:rf
 14. Parameter Settings for User Entity Instance: Datapath:dp|ALU:the_best_alu_in_kista
 15. Port Connectivity Checks: "micro_code:ucode"
 16. Port Connectivity Checks: "Datapath:dp"
 17. Elapsed Time Per Partition
 18. Analysis & Synthesis Messages



----------------
; Legal Notice ;
----------------
Copyright (C) 1991-2013 Altera Corporation
Your use of Altera Corporation's design tools, logic functions 
and other software and tools, and its AMPP partner logic 
functions, and any output files from any of the foregoing 
(including device programming or simulation files), and any 
associated documentation or information are expressly subject 
to the terms and conditions of the Altera Program License 
Subscription Agreement, Altera MegaCore Function License 
Agreement, or other applicable license agreement, including, 
without limitation, that your use is for the sole purpose of 
programming logic devices manufactured by Altera and sold by 
Altera or its authorized distributors.  Please refer to the 
applicable agreement for further details.



+--------------------------------------------------------------------------------------+
; Analysis & Synthesis Summary                                                         ;
+------------------------------------+-------------------------------------------------+
; Analysis & Synthesis Status        ; Successful - Mon Oct  4 16:48:38 2021           ;
; Quartus II 64-Bit Version          ; 13.0.1 Build 232 06/12/2013 SP 1 SJ Web Edition ;
; Revision Name                      ; Lab3                                            ;
; Top-level Entity Name              ; MCU_FSM                                         ;
; Family                             ; Cyclone IV GX                                   ;
; Total logic elements               ; 10                                              ;
;     Total combinational functions  ; 6                                               ;
;     Dedicated logic registers      ; 6                                               ;
; Total registers                    ; 6                                               ;
; Total pins                         ; 51                                              ;
; Total virtual pins                 ; 0                                               ;
; Total memory bits                  ; 0                                               ;
; Embedded Multiplier 9-bit elements ; 0                                               ;
; Total GXB Receiver Channel PCS     ; 0                                               ;
; Total GXB Receiver Channel PMA     ; 0                                               ;
; Total GXB Transmitter Channel PCS  ; 0                                               ;
; Total GXB Transmitter Channel PMA  ; 0                                               ;
; Total PLLs                         ; 0                                               ;
+------------------------------------+-------------------------------------------------+


+----------------------------------------------------------------------------------------------------------------------+
; Analysis & Synthesis Settings                                                                                        ;
+----------------------------------------------------------------------------+--------------------+--------------------+
; Option                                                                     ; Setting            ; Default Value      ;
+----------------------------------------------------------------------------+--------------------+--------------------+
; Top-level entity name                                                      ; MCU_FSM            ; Lab3               ;
; Family name                                                                ; Cyclone IV GX      ; Cyclone IV GX      ;
; Use smart compilation                                                      ; Off                ; Off                ;
; Enable parallel Assembler and TimeQuest Timing Analyzer during compilation ; On                 ; On                 ;
; Enable compact report table                                                ; Off                ; Off                ;
; Restructure Multiplexers                                                   ; Auto               ; Auto               ;
; Create Debugging Nodes for IP Cores                                        ; Off                ; Off                ;
; Preserve fewer node names                                                  ; On                 ; On                 ;
; Disable OpenCore Plus hardware evaluation                                  ; Off                ; Off                ;
; Verilog Version                                                            ; Verilog_2001       ; Verilog_2001       ;
; VHDL Version                                                               ; VHDL_1993          ; VHDL_1993          ;
; State Machine Processing                                                   ; Auto               ; Auto               ;
; Safe State Machine                                                         ; Off                ; Off                ;
; Extract Verilog State Machines                                             ; On                 ; On                 ;
; Extract VHDL State Machines                                                ; On                 ; On                 ;
; Ignore Verilog initial constructs                                          ; Off                ; Off                ;
; Iteration limit for constant Verilog loops                                 ; 5000               ; 5000               ;
; Iteration limit for non-constant Verilog loops                             ; 250                ; 250                ;
; Add Pass-Through Logic to Inferred RAMs                                    ; On                 ; On                 ;
; Infer RAMs from Raw Logic                                                  ; On                 ; On                 ;
; Parallel Synthesis                                                         ; On                 ; On                 ;
; DSP Block Balancing                                                        ; Auto               ; Auto               ;
; NOT Gate Push-Back                                                         ; On                 ; On                 ;
; Power-Up Don't Care                                                        ; On                 ; On                 ;
; Remove Redundant Logic Cells                                               ; Off                ; Off                ;
; Remove Duplicate Registers                                                 ; On                 ; On                 ;
; Ignore CARRY Buffers                                                       ; Off                ; Off                ;
; Ignore CASCADE Buffers                                                     ; Off                ; Off                ;
; Ignore GLOBAL Buffers                                                      ; Off                ; Off                ;
; Ignore ROW GLOBAL Buffers                                                  ; Off                ; Off                ;
; Ignore LCELL Buffers                                                       ; Off                ; Off                ;
; Ignore SOFT Buffers                                                        ; On                 ; On                 ;
; Limit AHDL Integers to 32 Bits                                             ; Off                ; Off                ;
; Optimization Technique                                                     ; Balanced           ; Balanced           ;
; Carry Chain Length                                                         ; 70                 ; 70                 ;
; Auto Carry Chains                                                          ; On                 ; On                 ;
; Auto Open-Drain Pins                                                       ; On                 ; On                 ;
; Perform WYSIWYG Primitive Resynthesis                                      ; Off                ; Off                ;
; Auto ROM Replacement                                                       ; On                 ; On                 ;
; Auto RAM Replacement                                                       ; On                 ; On                 ;
; Auto DSP Block Replacement                                                 ; On                 ; On                 ;
; Auto Shift Register Replacement                                            ; Auto               ; Auto               ;
; Allow Shift Register Merging across Hierarchies                            ; Auto               ; Auto               ;
; Auto Clock Enable Replacement                                              ; On                 ; On                 ;
; Strict RAM Replacement                                                     ; Off                ; Off                ;
; Allow Synchronous Control Signals                                          ; On                 ; On                 ;
; Force Use of Synchronous Clear Signals                                     ; Off                ; Off                ;
; Auto RAM Block Balancing                                                   ; On                 ; On                 ;
; Auto RAM to Logic Cell Conversion                                          ; Off                ; Off                ;
; Auto Resource Sharing                                                      ; Off                ; Off                ;
; Allow Any RAM Size For Recognition                                         ; Off                ; Off                ;
; Allow Any ROM Size For Recognition                                         ; Off                ; Off                ;
; Allow Any Shift Register Size For Recognition                              ; Off                ; Off                ;
; Use LogicLock Constraints during Resource Balancing                        ; On                 ; On                 ;
; Ignore translate_off and synthesis_off directives                          ; Off                ; Off                ;
; Timing-Driven Synthesis                                                    ; On                 ; On                 ;
; Report Parameter Settings                                                  ; On                 ; On                 ;
; Report Source Assignments                                                  ; On                 ; On                 ;
; Report Connectivity Checks                                                 ; On                 ; On                 ;
; Ignore Maximum Fan-Out Assignments                                         ; Off                ; Off                ;
; Synchronization Register Chain Length                                      ; 2                  ; 2                  ;
; PowerPlay Power Optimization                                               ; Normal compilation ; Normal compilation ;
; HDL message level                                                          ; Level2             ; Level2             ;
; Suppress Register Optimization Related Messages                            ; Off                ; Off                ;
; Number of Removed Registers Reported in Synthesis Report                   ; 5000               ; 5000               ;
; Number of Swept Nodes Reported in Synthesis Report                         ; 5000               ; 5000               ;
; Number of Inverted Registers Reported in Synthesis Report                  ; 100                ; 100                ;
; Clock MUX Protection                                                       ; On                 ; On                 ;
; Auto Gated Clock Conversion                                                ; Off                ; Off                ;
; Block Design Naming                                                        ; Auto               ; Auto               ;
; SDC constraint protection                                                  ; Off                ; Off                ;
; Synthesis Effort                                                           ; Auto               ; Auto               ;
; Shift Register Replacement - Allow Asynchronous Clear Signal               ; On                 ; On                 ;
; Pre-Mapping Resynthesis Optimization                                       ; Off                ; Off                ;
; Analysis & Synthesis Message Level                                         ; Medium             ; Medium             ;
; Disable Register Merging Across Hierarchies                                ; Auto               ; Auto               ;
; Resource Aware Inference For Block RAM                                     ; On                 ; On                 ;
; Synthesis Seed                                                             ; 1                  ; 1                  ;
+----------------------------------------------------------------------------+--------------------+--------------------+


Parallel compilation was disabled, but you have multiple processors available. Enable parallel compilation to reduce compilation time.
+-------------------------------------+
; Parallel Compilation                ;
+----------------------------+--------+
; Processors                 ; Number ;
+----------------------------+--------+
; Number detected on machine ; 16     ;
; Maximum allowed            ; 1      ;
+----------------------------+--------+


+---------------------------------------------------------------------------------------------------------------------------------+
; Analysis & Synthesis Source Files Read                                                                                          ;
+----------------------------------+-----------------+-----------------+------------------------------------------------+---------+
; File Name with User-Entered Path ; Used in Netlist ; File Type       ; File Name with Absolute Path                   ; Library ;
+----------------------------------+-----------------+-----------------+------------------------------------------------+---------+
; Instruction.vhd                  ; yes             ; User VHDL File  ; /home/morgan/git/IL2203/Lab3/Instruction.vhd   ;         ;
; test_rf.vhd                      ; yes             ; User VHDL File  ; /home/morgan/git/IL2203/Lab3/test_rf.vhd       ;         ;
; test_datapath.vhd                ; yes             ; User VHDL File  ; /home/morgan/git/IL2203/Lab3/test_datapath.vhd ;         ;
; test_ALU.vhd                     ; yes             ; User VHDL File  ; /home/morgan/git/IL2203/Lab3/test_ALU.vhd      ;         ;
; Register_File.vhd                ; yes             ; User VHDL File  ; /home/morgan/git/IL2203/Lab3/Register_File.vhd ;         ;
; Datapath.vhd                     ; yes             ; User VHDL File  ; /home/morgan/git/IL2203/Lab3/Datapath.vhd      ;         ;
; Clock_Divider.vhd                ; yes             ; User VHDL File  ; /home/morgan/git/IL2203/Lab3/Clock_Divider.vhd ;         ;
; ALU.vhd                          ; yes             ; User VHDL File  ; /home/morgan/git/IL2203/Lab3/ALU.vhd           ;         ;
; MCU_FSM.vhd                      ; yes             ; User VHDL File  ; /home/morgan/git/IL2203/Lab3/MCU_FSM.vhd       ;         ;
; Micro_code.vhd                   ; yes             ; User VHDL File  ; /home/morgan/git/IL2203/Lab3/Micro_code.vhd    ;         ;
+----------------------------------+-----------------+-----------------+------------------------------------------------+---------+


+---------------------------------------------+
; Analysis & Synthesis Resource Usage Summary ;
+--------------------------+------------------+
; Resource                 ; Usage            ;
+--------------------------+------------------+
; I/O pins                 ; 51               ;
; DSP block 9-bit elements ; 0                ;
; Maximum fan-out node     ; CLK~input        ;
; Maximum fan-out          ; 6                ;
; Total fan-out            ; 85               ;
; Average fan-out          ; 0.75             ;
+--------------------------+------------------+


+-----------------------------------------------------------------------------------------------------------------------------------------------------------------------------------------------+
; Analysis & Synthesis Resource Utilization by Entity                                                                                                                                           ;
+----------------------------+-------------------+--------------+-------------+--------------+---------+-----------+-----------+------+--------------+---------------------------+--------------+
; Compilation Hierarchy Node ; LC Combinationals ; LC Registers ; Memory Bits ; DSP Elements ; DSP 9x9 ; DSP 18x18 ; DSP 36x36 ; Pins ; Virtual Pins ; Full Hierarchy Name       ; Library Name ;
+----------------------------+-------------------+--------------+-------------+--------------+---------+-----------+-----------+------+--------------+---------------------------+--------------+
; |MCU_FSM                   ; 6 (2)             ; 6 (6)        ; 0           ; 0            ; 0       ; 0         ; 0         ; 51   ; 0            ; |MCU_FSM                  ; work         ;
;    |micro_code:ucode|      ; 4 (4)             ; 0 (0)        ; 0           ; 0            ; 0       ; 0         ; 0         ; 0    ; 0            ; |MCU_FSM|micro_code:ucode ; work         ;
+----------------------------+-------------------+--------------+-------------+--------------+---------+-----------+-----------+------+--------------+---------------------------+--------------+
Note: For table entries with two numbers listed, the numbers in parentheses indicate the number of resources of the given type used by the specific entity alone. The numbers listed outside of parentheses indicate the total resources of the given type used by the specific entity and all of its sub-entities in the hierarchy.


+-------------------------------------------------------------------------------------------+
; Registers Removed During Synthesis                                                        ;
+--------------------------------------------------+----------------------------------------+
; Register name                                    ; Reason for Removal                     ;
+--------------------------------------------------+----------------------------------------+
; Datapath:dp|ALU:the_best_alu_in_kista|SUM[0..15] ; Stuck at GND due to stuck port clock   ;
; Datapath:dp|Register_File:rf|register_arr[0][0]  ; Stuck at GND due to stuck port clock   ;
; Datapath:dp|Register_File:rf|register_arr[0][1]  ; Stuck at GND due to stuck port clock   ;
; Datapath:dp|Register_File:rf|register_arr[0][2]  ; Stuck at GND due to stuck port clock   ;
; Datapath:dp|Register_File:rf|register_arr[0][3]  ; Stuck at GND due to stuck port clock   ;
; Datapath:dp|Register_File:rf|register_arr[0][4]  ; Stuck at GND due to stuck port clock   ;
; Datapath:dp|Register_File:rf|register_arr[0][5]  ; Stuck at GND due to stuck port clock   ;
; Datapath:dp|Register_File:rf|register_arr[0][6]  ; Stuck at GND due to stuck port clock   ;
; Datapath:dp|Register_File:rf|register_arr[0][7]  ; Stuck at GND due to stuck port clock   ;
; Datapath:dp|Register_File:rf|register_arr[0][8]  ; Stuck at GND due to stuck port clock   ;
; Datapath:dp|Register_File:rf|register_arr[0][9]  ; Stuck at GND due to stuck port clock   ;
; Datapath:dp|Register_File:rf|register_arr[0][10] ; Stuck at GND due to stuck port clock   ;
; Datapath:dp|Register_File:rf|register_arr[0][11] ; Stuck at GND due to stuck port clock   ;
; Datapath:dp|Register_File:rf|register_arr[0][12] ; Stuck at GND due to stuck port clock   ;
; Datapath:dp|Register_File:rf|register_arr[0][13] ; Stuck at GND due to stuck port clock   ;
; Datapath:dp|Register_File:rf|register_arr[0][14] ; Stuck at GND due to stuck port clock   ;
; Datapath:dp|Register_File:rf|register_arr[0][15] ; Stuck at GND due to stuck port clock   ;
; Datapath:dp|Register_File:rf|register_arr[1][0]  ; Stuck at GND due to stuck port clock   ;
; Datapath:dp|Register_File:rf|register_arr[1][1]  ; Stuck at GND due to stuck port clock   ;
; Datapath:dp|Register_File:rf|register_arr[1][2]  ; Stuck at GND due to stuck port clock   ;
; Datapath:dp|Register_File:rf|register_arr[1][3]  ; Stuck at GND due to stuck port clock   ;
; Datapath:dp|Register_File:rf|register_arr[1][4]  ; Stuck at GND due to stuck port clock   ;
; Datapath:dp|Register_File:rf|register_arr[1][5]  ; Stuck at GND due to stuck port clock   ;
; Datapath:dp|Register_File:rf|register_arr[1][6]  ; Stuck at GND due to stuck port clock   ;
; Datapath:dp|Register_File:rf|register_arr[1][7]  ; Stuck at GND due to stuck port clock   ;
; Datapath:dp|Register_File:rf|register_arr[1][8]  ; Stuck at GND due to stuck port clock   ;
; Datapath:dp|Register_File:rf|register_arr[1][9]  ; Stuck at GND due to stuck port clock   ;
; Datapath:dp|Register_File:rf|register_arr[1][10] ; Stuck at GND due to stuck port clock   ;
; Datapath:dp|Register_File:rf|register_arr[1][11] ; Stuck at GND due to stuck port clock   ;
; Datapath:dp|Register_File:rf|register_arr[1][12] ; Stuck at GND due to stuck port clock   ;
; Datapath:dp|Register_File:rf|register_arr[1][13] ; Stuck at GND due to stuck port clock   ;
; Datapath:dp|Register_File:rf|register_arr[1][14] ; Stuck at GND due to stuck port clock   ;
; Datapath:dp|Register_File:rf|register_arr[1][15] ; Stuck at GND due to stuck port clock   ;
; Datapath:dp|Register_File:rf|register_arr[2][0]  ; Stuck at GND due to stuck port clock   ;
; Datapath:dp|Register_File:rf|register_arr[2][1]  ; Stuck at GND due to stuck port clock   ;
; Datapath:dp|Register_File:rf|register_arr[2][2]  ; Stuck at GND due to stuck port clock   ;
; Datapath:dp|Register_File:rf|register_arr[2][3]  ; Stuck at GND due to stuck port clock   ;
; Datapath:dp|Register_File:rf|register_arr[2][4]  ; Stuck at GND due to stuck port clock   ;
; Datapath:dp|Register_File:rf|register_arr[2][5]  ; Stuck at GND due to stuck port clock   ;
; Datapath:dp|Register_File:rf|register_arr[2][6]  ; Stuck at GND due to stuck port clock   ;
; Datapath:dp|Register_File:rf|register_arr[2][7]  ; Stuck at GND due to stuck port clock   ;
; Datapath:dp|Register_File:rf|register_arr[2][8]  ; Stuck at GND due to stuck port clock   ;
; Datapath:dp|Register_File:rf|register_arr[2][9]  ; Stuck at GND due to stuck port clock   ;
; Datapath:dp|Register_File:rf|register_arr[2][10] ; Stuck at GND due to stuck port clock   ;
; Datapath:dp|Register_File:rf|register_arr[2][11] ; Stuck at GND due to stuck port clock   ;
; Datapath:dp|Register_File:rf|register_arr[2][12] ; Stuck at GND due to stuck port clock   ;
; Datapath:dp|Register_File:rf|register_arr[2][13] ; Stuck at GND due to stuck port clock   ;
; Datapath:dp|Register_File:rf|register_arr[2][14] ; Stuck at GND due to stuck port clock   ;
; Datapath:dp|Register_File:rf|register_arr[2][15] ; Stuck at GND due to stuck port clock   ;
; Datapath:dp|Register_File:rf|register_arr[3][0]  ; Stuck at GND due to stuck port clock   ;
; Datapath:dp|Register_File:rf|register_arr[3][1]  ; Stuck at GND due to stuck port clock   ;
; Datapath:dp|Register_File:rf|register_arr[3][2]  ; Stuck at GND due to stuck port clock   ;
; Datapath:dp|Register_File:rf|register_arr[3][3]  ; Stuck at GND due to stuck port clock   ;
; Datapath:dp|Register_File:rf|register_arr[3][4]  ; Stuck at GND due to stuck port clock   ;
; Datapath:dp|Register_File:rf|register_arr[3][5]  ; Stuck at GND due to stuck port clock   ;
; Datapath:dp|Register_File:rf|register_arr[3][6]  ; Stuck at GND due to stuck port clock   ;
; Datapath:dp|Register_File:rf|register_arr[3][7]  ; Stuck at GND due to stuck port clock   ;
; Datapath:dp|Register_File:rf|register_arr[3][8]  ; Stuck at GND due to stuck port clock   ;
; Datapath:dp|Register_File:rf|register_arr[3][9]  ; Stuck at GND due to stuck port clock   ;
; Datapath:dp|Register_File:rf|register_arr[3][10] ; Stuck at GND due to stuck port clock   ;
; Datapath:dp|Register_File:rf|register_arr[3][11] ; Stuck at GND due to stuck port clock   ;
; Datapath:dp|Register_File:rf|register_arr[3][12] ; Stuck at GND due to stuck port clock   ;
; Datapath:dp|Register_File:rf|register_arr[3][13] ; Stuck at GND due to stuck port clock   ;
; Datapath:dp|Register_File:rf|register_arr[3][14] ; Stuck at GND due to stuck port clock   ;
; Datapath:dp|Register_File:rf|register_arr[3][15] ; Stuck at GND due to stuck port clock   ;
; Datapath:dp|Register_File:rf|register_arr[4][0]  ; Stuck at GND due to stuck port clock   ;
; Datapath:dp|Register_File:rf|register_arr[4][1]  ; Stuck at GND due to stuck port clock   ;
; Datapath:dp|Register_File:rf|register_arr[4][2]  ; Stuck at GND due to stuck port clock   ;
; Datapath:dp|Register_File:rf|register_arr[4][3]  ; Stuck at GND due to stuck port clock   ;
; Datapath:dp|Register_File:rf|register_arr[4][4]  ; Stuck at GND due to stuck port clock   ;
; Datapath:dp|Register_File:rf|register_arr[4][5]  ; Stuck at GND due to stuck port clock   ;
; Datapath:dp|Register_File:rf|register_arr[4][6]  ; Stuck at GND due to stuck port clock   ;
; Datapath:dp|Register_File:rf|register_arr[4][7]  ; Stuck at GND due to stuck port clock   ;
; Datapath:dp|Register_File:rf|register_arr[4][8]  ; Stuck at GND due to stuck port clock   ;
; Datapath:dp|Register_File:rf|register_arr[4][9]  ; Stuck at GND due to stuck port clock   ;
; Datapath:dp|Register_File:rf|register_arr[4][10] ; Stuck at GND due to stuck port clock   ;
; Datapath:dp|Register_File:rf|register_arr[4][11] ; Stuck at GND due to stuck port clock   ;
; Datapath:dp|Register_File:rf|register_arr[4][12] ; Stuck at GND due to stuck port clock   ;
; Datapath:dp|Register_File:rf|register_arr[4][13] ; Stuck at GND due to stuck port clock   ;
; Datapath:dp|Register_File:rf|register_arr[4][14] ; Stuck at GND due to stuck port clock   ;
; Datapath:dp|Register_File:rf|register_arr[4][15] ; Stuck at GND due to stuck port clock   ;
; Datapath:dp|Register_File:rf|register_arr[5][0]  ; Stuck at GND due to stuck port clock   ;
; Datapath:dp|Register_File:rf|register_arr[5][1]  ; Stuck at GND due to stuck port clock   ;
; Datapath:dp|Register_File:rf|register_arr[5][2]  ; Stuck at GND due to stuck port clock   ;
; Datapath:dp|Register_File:rf|register_arr[5][3]  ; Stuck at GND due to stuck port clock   ;
; Datapath:dp|Register_File:rf|register_arr[5][4]  ; Stuck at GND due to stuck port clock   ;
; Datapath:dp|Register_File:rf|register_arr[5][5]  ; Stuck at GND due to stuck port clock   ;
; Datapath:dp|Register_File:rf|register_arr[5][6]  ; Stuck at GND due to stuck port clock   ;
; Datapath:dp|Register_File:rf|register_arr[5][7]  ; Stuck at GND due to stuck port clock   ;
; Datapath:dp|Register_File:rf|register_arr[5][8]  ; Stuck at GND due to stuck port clock   ;
; Datapath:dp|Register_File:rf|register_arr[5][9]  ; Stuck at GND due to stuck port clock   ;
; Datapath:dp|Register_File:rf|register_arr[5][10] ; Stuck at GND due to stuck port clock   ;
; Datapath:dp|Register_File:rf|register_arr[5][11] ; Stuck at GND due to stuck port clock   ;
; Datapath:dp|Register_File:rf|register_arr[5][12] ; Stuck at GND due to stuck port clock   ;
; Datapath:dp|Register_File:rf|register_arr[5][13] ; Stuck at GND due to stuck port clock   ;
; Datapath:dp|Register_File:rf|register_arr[5][14] ; Stuck at GND due to stuck port clock   ;
; Datapath:dp|Register_File:rf|register_arr[5][15] ; Stuck at GND due to stuck port clock   ;
; Datapath:dp|Register_File:rf|register_arr[6][0]  ; Stuck at GND due to stuck port clock   ;
; Datapath:dp|Register_File:rf|register_arr[6][1]  ; Stuck at GND due to stuck port clock   ;
; Datapath:dp|Register_File:rf|register_arr[6][2]  ; Stuck at GND due to stuck port clock   ;
; Datapath:dp|Register_File:rf|register_arr[6][3]  ; Stuck at GND due to stuck port clock   ;
; Datapath:dp|Register_File:rf|register_arr[6][4]  ; Stuck at GND due to stuck port clock   ;
; Datapath:dp|Register_File:rf|register_arr[6][5]  ; Stuck at GND due to stuck port clock   ;
; Datapath:dp|Register_File:rf|register_arr[6][6]  ; Stuck at GND due to stuck port clock   ;
; Datapath:dp|Register_File:rf|register_arr[6][7]  ; Stuck at GND due to stuck port clock   ;
; Datapath:dp|Register_File:rf|register_arr[6][8]  ; Stuck at GND due to stuck port clock   ;
; Datapath:dp|Register_File:rf|register_arr[6][9]  ; Stuck at GND due to stuck port clock   ;
; Datapath:dp|Register_File:rf|register_arr[6][10] ; Stuck at GND due to stuck port clock   ;
; Datapath:dp|Register_File:rf|register_arr[6][11] ; Stuck at GND due to stuck port clock   ;
; Datapath:dp|Register_File:rf|register_arr[6][12] ; Stuck at GND due to stuck port clock   ;
; Datapath:dp|Register_File:rf|register_arr[6][13] ; Stuck at GND due to stuck port clock   ;
; Datapath:dp|Register_File:rf|register_arr[6][14] ; Stuck at GND due to stuck port clock   ;
; Datapath:dp|Register_File:rf|register_arr[6][15] ; Stuck at GND due to stuck port clock   ;
; Datapath:dp|Register_File:rf|register_arr[7][0]  ; Stuck at GND due to stuck port clock   ;
; Datapath:dp|Register_File:rf|register_arr[7][1]  ; Stuck at GND due to stuck port clock   ;
; Datapath:dp|Register_File:rf|register_arr[7][2]  ; Stuck at GND due to stuck port clock   ;
; Datapath:dp|Register_File:rf|register_arr[7][3]  ; Stuck at GND due to stuck port clock   ;
; Datapath:dp|Register_File:rf|register_arr[7][4]  ; Stuck at GND due to stuck port clock   ;
; Datapath:dp|Register_File:rf|register_arr[7][5]  ; Stuck at GND due to stuck port clock   ;
; Datapath:dp|Register_File:rf|register_arr[7][6]  ; Stuck at GND due to stuck port clock   ;
; Datapath:dp|Register_File:rf|register_arr[7][7]  ; Stuck at GND due to stuck port clock   ;
; Datapath:dp|Register_File:rf|register_arr[7][8]  ; Stuck at GND due to stuck port clock   ;
; Datapath:dp|Register_File:rf|register_arr[7][9]  ; Stuck at GND due to stuck port clock   ;
; Datapath:dp|Register_File:rf|register_arr[7][10] ; Stuck at GND due to stuck port clock   ;
; Datapath:dp|Register_File:rf|register_arr[7][11] ; Stuck at GND due to stuck port clock   ;
; Datapath:dp|Register_File:rf|register_arr[7][12] ; Stuck at GND due to stuck port clock   ;
; Datapath:dp|Register_File:rf|register_arr[7][13] ; Stuck at GND due to stuck port clock   ;
; Datapath:dp|Register_File:rf|register_arr[7][14] ; Stuck at GND due to stuck port clock   ;
; Datapath:dp|Register_File:rf|register_arr[7][15] ; Stuck at GND due to stuck port clock   ;
; Data_out[13]~reg0                                ; Stuck at GND due to stuck port data_in ;
; Data_out[12]~reg0                                ; Stuck at GND due to stuck port data_in ;
; Data_out[11]~reg0                                ; Stuck at GND due to stuck port data_in ;
; Data_out[10]~reg0                                ; Stuck at GND due to stuck port data_in ;
; Data_out[9]~reg0                                 ; Stuck at GND due to stuck port data_in ;
; Data_out[8]~reg0                                 ; Stuck at GND due to stuck port data_in ;
; Data_out[7]~reg0                                 ; Stuck at GND due to stuck port data_in ;
; Data_out[6]~reg0                                 ; Stuck at GND due to stuck port data_in ;
; Data_out[5]~reg0                                 ; Stuck at GND due to stuck port data_in ;
; Data_out[4]~reg0                                 ; Stuck at GND due to stuck port data_in ;
; Data_out[3]~reg0                                 ; Stuck at GND due to stuck port data_in ;
; Data_out[2]~reg0                                 ; Stuck at GND due to stuck port data_in ;
; Data_out[1]~reg0                                 ; Stuck at GND due to stuck port data_in ;
; Data_out[0]~reg0                                 ; Stuck at GND due to stuck port data_in ;
; Data_out[14]~reg0                                ; Stuck at GND due to stuck port data_in ;
; Data_out[15]~reg0                                ; Stuck at GND due to stuck port data_in ;
; Address_out[0]~reg0                              ; Stuck at GND due to stuck port data_in ;
; Address_out[1]~reg0                              ; Stuck at GND due to stuck port data_in ;
; Address_out[2]~reg0                              ; Stuck at GND due to stuck port data_in ;
; Address_out[3]~reg0                              ; Stuck at GND due to stuck port data_in ;
; Address_out[4]~reg0                              ; Stuck at GND due to stuck port data_in ;
; Address_out[5]~reg0                              ; Stuck at GND due to stuck port data_in ;
; Address_out[6]~reg0                              ; Stuck at GND due to stuck port data_in ;
; Address_out[7]~reg0                              ; Stuck at GND due to stuck port data_in ;
; Address_out[8]~reg0                              ; Stuck at GND due to stuck port data_in ;
; Address_out[9]~reg0                              ; Stuck at GND due to stuck port data_in ;
; Address_out[10]~reg0                             ; Stuck at GND due to stuck port data_in ;
; Address_out[11]~reg0                             ; Stuck at GND due to stuck port data_in ;
; Address_out[12]~reg0                             ; Stuck at GND due to stuck port data_in ;
; Address_out[13]~reg0                             ; Stuck at GND due to stuck port data_in ;
; Address_out[14]~reg0                             ; Stuck at GND due to stuck port data_in ;
; Address_out[15]~reg0                             ; Stuck at GND due to stuck port data_in ;
; Total Number of Removed Registers = 176          ;                                        ;
+--------------------------------------------------+----------------------------------------+


+------------------------------------------------------------------------------------------------------------------------------------------------+
; Removed Registers Triggering Further Register Optimizations                                                                                    ;
+-----------------------------------------------+-------------------------+----------------------------------------------------------------------+
; Register name                                 ; Reason for Removal      ; Registers Removed due to This Register                               ;
+-----------------------------------------------+-------------------------+----------------------------------------------------------------------+
; Datapath:dp|ALU:the_best_alu_in_kista|SUM[14] ; Stuck at GND            ; Datapath:dp|Register_File:rf|register_arr[0][14],                    ;
;                                               ; due to stuck port clock ; Datapath:dp|Register_File:rf|register_arr[1][14],                    ;
;                                               ;                         ; Datapath:dp|Register_File:rf|register_arr[2][14],                    ;
;                                               ;                         ; Datapath:dp|Register_File:rf|register_arr[3][14],                    ;
;                                               ;                         ; Datapath:dp|Register_File:rf|register_arr[4][14],                    ;
;                                               ;                         ; Datapath:dp|Register_File:rf|register_arr[5][14],                    ;
;                                               ;                         ; Datapath:dp|Register_File:rf|register_arr[6][14],                    ;
;                                               ;                         ; Datapath:dp|Register_File:rf|register_arr[7][14], Data_out[14]~reg0, ;
;                                               ;                         ; Address_out[14]~reg0                                                 ;
; Datapath:dp|ALU:the_best_alu_in_kista|SUM[13] ; Stuck at GND            ; Datapath:dp|Register_File:rf|register_arr[0][13],                    ;
;                                               ; due to stuck port clock ; Datapath:dp|Register_File:rf|register_arr[1][13],                    ;
;                                               ;                         ; Datapath:dp|Register_File:rf|register_arr[2][13],                    ;
;                                               ;                         ; Datapath:dp|Register_File:rf|register_arr[3][13],                    ;
;                                               ;                         ; Datapath:dp|Register_File:rf|register_arr[4][13],                    ;
;                                               ;                         ; Datapath:dp|Register_File:rf|register_arr[5][13],                    ;
;                                               ;                         ; Datapath:dp|Register_File:rf|register_arr[6][13],                    ;
;                                               ;                         ; Datapath:dp|Register_File:rf|register_arr[7][13], Data_out[13]~reg0, ;
;                                               ;                         ; Address_out[13]~reg0                                                 ;
; Datapath:dp|ALU:the_best_alu_in_kista|SUM[12] ; Stuck at GND            ; Datapath:dp|Register_File:rf|register_arr[0][12],                    ;
;                                               ; due to stuck port clock ; Datapath:dp|Register_File:rf|register_arr[1][12],                    ;
;                                               ;                         ; Datapath:dp|Register_File:rf|register_arr[2][12],                    ;
;                                               ;                         ; Datapath:dp|Register_File:rf|register_arr[3][12],                    ;
;                                               ;                         ; Datapath:dp|Register_File:rf|register_arr[4][12],                    ;
;                                               ;                         ; Datapath:dp|Register_File:rf|register_arr[5][12],                    ;
;                                               ;                         ; Datapath:dp|Register_File:rf|register_arr[6][12],                    ;
;                                               ;                         ; Datapath:dp|Register_File:rf|register_arr[7][12], Data_out[12]~reg0, ;
;                                               ;                         ; Address_out[12]~reg0                                                 ;
; Datapath:dp|ALU:the_best_alu_in_kista|SUM[11] ; Stuck at GND            ; Datapath:dp|Register_File:rf|register_arr[0][11],                    ;
;                                               ; due to stuck port clock ; Datapath:dp|Register_File:rf|register_arr[1][11],                    ;
;                                               ;                         ; Datapath:dp|Register_File:rf|register_arr[2][11],                    ;
;                                               ;                         ; Datapath:dp|Register_File:rf|register_arr[3][11],                    ;
;                                               ;                         ; Datapath:dp|Register_File:rf|register_arr[4][11],                    ;
;                                               ;                         ; Datapath:dp|Register_File:rf|register_arr[5][11],                    ;
;                                               ;                         ; Datapath:dp|Register_File:rf|register_arr[6][11],                    ;
;                                               ;                         ; Datapath:dp|Register_File:rf|register_arr[7][11], Data_out[11]~reg0, ;
;                                               ;                         ; Address_out[11]~reg0                                                 ;
; Datapath:dp|ALU:the_best_alu_in_kista|SUM[10] ; Stuck at GND            ; Datapath:dp|Register_File:rf|register_arr[0][10],                    ;
;                                               ; due to stuck port clock ; Datapath:dp|Register_File:rf|register_arr[1][10],                    ;
;                                               ;                         ; Datapath:dp|Register_File:rf|register_arr[2][10],                    ;
;                                               ;                         ; Datapath:dp|Register_File:rf|register_arr[3][10],                    ;
;                                               ;                         ; Datapath:dp|Register_File:rf|register_arr[4][10],                    ;
;                                               ;                         ; Datapath:dp|Register_File:rf|register_arr[5][10],                    ;
;                                               ;                         ; Datapath:dp|Register_File:rf|register_arr[6][10],                    ;
;                                               ;                         ; Datapath:dp|Register_File:rf|register_arr[7][10], Data_out[10]~reg0, ;
;                                               ;                         ; Address_out[10]~reg0                                                 ;
; Datapath:dp|ALU:the_best_alu_in_kista|SUM[9]  ; Stuck at GND            ; Datapath:dp|Register_File:rf|register_arr[0][9],                     ;
;                                               ; due to stuck port clock ; Datapath:dp|Register_File:rf|register_arr[1][9],                     ;
;                                               ;                         ; Datapath:dp|Register_File:rf|register_arr[2][9],                     ;
;                                               ;                         ; Datapath:dp|Register_File:rf|register_arr[3][9],                     ;
;                                               ;                         ; Datapath:dp|Register_File:rf|register_arr[4][9],                     ;
;                                               ;                         ; Datapath:dp|Register_File:rf|register_arr[5][9],                     ;
;                                               ;                         ; Datapath:dp|Register_File:rf|register_arr[6][9],                     ;
;                                               ;                         ; Datapath:dp|Register_File:rf|register_arr[7][9], Data_out[9]~reg0,   ;
;                                               ;                         ; Address_out[9]~reg0                                                  ;
; Datapath:dp|ALU:the_best_alu_in_kista|SUM[8]  ; Stuck at GND            ; Datapath:dp|Register_File:rf|register_arr[0][8],                     ;
;                                               ; due to stuck port clock ; Datapath:dp|Register_File:rf|register_arr[1][8],                     ;
;                                               ;                         ; Datapath:dp|Register_File:rf|register_arr[2][8],                     ;
;                                               ;                         ; Datapath:dp|Register_File:rf|register_arr[3][8],                     ;
;                                               ;                         ; Datapath:dp|Register_File:rf|register_arr[4][8],                     ;
;                                               ;                         ; Datapath:dp|Register_File:rf|register_arr[5][8],                     ;
;                                               ;                         ; Datapath:dp|Register_File:rf|register_arr[6][8],                     ;
;                                               ;                         ; Datapath:dp|Register_File:rf|register_arr[7][8], Data_out[8]~reg0,   ;
;                                               ;                         ; Address_out[8]~reg0                                                  ;
; Datapath:dp|ALU:the_best_alu_in_kista|SUM[7]  ; Stuck at GND            ; Datapath:dp|Register_File:rf|register_arr[0][7],                     ;
;                                               ; due to stuck port clock ; Datapath:dp|Register_File:rf|register_arr[1][7],                     ;
;                                               ;                         ; Datapath:dp|Register_File:rf|register_arr[2][7],                     ;
;                                               ;                         ; Datapath:dp|Register_File:rf|register_arr[3][7],                     ;
;                                               ;                         ; Datapath:dp|Register_File:rf|register_arr[4][7],                     ;
;                                               ;                         ; Datapath:dp|Register_File:rf|register_arr[5][7],                     ;
;                                               ;                         ; Datapath:dp|Register_File:rf|register_arr[6][7],                     ;
;                                               ;                         ; Datapath:dp|Register_File:rf|register_arr[7][7], Data_out[7]~reg0,   ;
;                                               ;                         ; Address_out[7]~reg0                                                  ;
; Datapath:dp|ALU:the_best_alu_in_kista|SUM[6]  ; Stuck at GND            ; Datapath:dp|Register_File:rf|register_arr[0][6],                     ;
;                                               ; due to stuck port clock ; Datapath:dp|Register_File:rf|register_arr[1][6],                     ;
;                                               ;                         ; Datapath:dp|Register_File:rf|register_arr[2][6],                     ;
;                                               ;                         ; Datapath:dp|Register_File:rf|register_arr[3][6],                     ;
;                                               ;                         ; Datapath:dp|Register_File:rf|register_arr[4][6],                     ;
;                                               ;                         ; Datapath:dp|Register_File:rf|register_arr[5][6],                     ;
;                                               ;                         ; Datapath:dp|Register_File:rf|register_arr[6][6],                     ;
;                                               ;                         ; Datapath:dp|Register_File:rf|register_arr[7][6], Data_out[6]~reg0,   ;
;                                               ;                         ; Address_out[6]~reg0                                                  ;
; Datapath:dp|ALU:the_best_alu_in_kista|SUM[5]  ; Stuck at GND            ; Datapath:dp|Register_File:rf|register_arr[0][5],                     ;
;                                               ; due to stuck port clock ; Datapath:dp|Register_File:rf|register_arr[1][5],                     ;
;                                               ;                         ; Datapath:dp|Register_File:rf|register_arr[2][5],                     ;
;                                               ;                         ; Datapath:dp|Register_File:rf|register_arr[3][5],                     ;
;                                               ;                         ; Datapath:dp|Register_File:rf|register_arr[4][5],                     ;
;                                               ;                         ; Datapath:dp|Register_File:rf|register_arr[5][5],                     ;
;                                               ;                         ; Datapath:dp|Register_File:rf|register_arr[6][5],                     ;
;                                               ;                         ; Datapath:dp|Register_File:rf|register_arr[7][5], Data_out[5]~reg0,   ;
;                                               ;                         ; Address_out[5]~reg0                                                  ;
; Datapath:dp|ALU:the_best_alu_in_kista|SUM[4]  ; Stuck at GND            ; Datapath:dp|Register_File:rf|register_arr[0][4],                     ;
;                                               ; due to stuck port clock ; Datapath:dp|Register_File:rf|register_arr[1][4],                     ;
;                                               ;                         ; Datapath:dp|Register_File:rf|register_arr[2][4],                     ;
;                                               ;                         ; Datapath:dp|Register_File:rf|register_arr[3][4],                     ;
;                                               ;                         ; Datapath:dp|Register_File:rf|register_arr[4][4],                     ;
;                                               ;                         ; Datapath:dp|Register_File:rf|register_arr[5][4],                     ;
;                                               ;                         ; Datapath:dp|Register_File:rf|register_arr[6][4],                     ;
;                                               ;                         ; Datapath:dp|Register_File:rf|register_arr[7][4], Data_out[4]~reg0,   ;
;                                               ;                         ; Address_out[4]~reg0                                                  ;
; Datapath:dp|ALU:the_best_alu_in_kista|SUM[3]  ; Stuck at GND            ; Datapath:dp|Register_File:rf|register_arr[0][3],                     ;
;                                               ; due to stuck port clock ; Datapath:dp|Register_File:rf|register_arr[1][3],                     ;
;                                               ;                         ; Datapath:dp|Register_File:rf|register_arr[2][3],                     ;
;                                               ;                         ; Datapath:dp|Register_File:rf|register_arr[3][3],                     ;
;                                               ;                         ; Datapath:dp|Register_File:rf|register_arr[4][3],                     ;
;                                               ;                         ; Datapath:dp|Register_File:rf|register_arr[5][3],                     ;
;                                               ;                         ; Datapath:dp|Register_File:rf|register_arr[6][3],                     ;
;                                               ;                         ; Datapath:dp|Register_File:rf|register_arr[7][3], Data_out[3]~reg0,   ;
;                                               ;                         ; Address_out[3]~reg0                                                  ;
; Datapath:dp|ALU:the_best_alu_in_kista|SUM[2]  ; Stuck at GND            ; Datapath:dp|Register_File:rf|register_arr[0][2],                     ;
;                                               ; due to stuck port clock ; Datapath:dp|Register_File:rf|register_arr[1][2],                     ;
;                                               ;                         ; Datapath:dp|Register_File:rf|register_arr[2][2],                     ;
;                                               ;                         ; Datapath:dp|Register_File:rf|register_arr[3][2],                     ;
;                                               ;                         ; Datapath:dp|Register_File:rf|register_arr[4][2],                     ;
;                                               ;                         ; Datapath:dp|Register_File:rf|register_arr[5][2],                     ;
;                                               ;                         ; Datapath:dp|Register_File:rf|register_arr[6][2],                     ;
;                                               ;                         ; Datapath:dp|Register_File:rf|register_arr[7][2], Data_out[2]~reg0,   ;
;                                               ;                         ; Address_out[2]~reg0                                                  ;
; Datapath:dp|ALU:the_best_alu_in_kista|SUM[1]  ; Stuck at GND            ; Datapath:dp|Register_File:rf|register_arr[0][1],                     ;
;                                               ; due to stuck port clock ; Datapath:dp|Register_File:rf|register_arr[1][1],                     ;
;                                               ;                         ; Datapath:dp|Register_File:rf|register_arr[2][1],                     ;
;                                               ;                         ; Datapath:dp|Register_File:rf|register_arr[3][1],                     ;
;                                               ;                         ; Datapath:dp|Register_File:rf|register_arr[4][1],                     ;
;                                               ;                         ; Datapath:dp|Register_File:rf|register_arr[5][1],                     ;
;                                               ;                         ; Datapath:dp|Register_File:rf|register_arr[6][1],                     ;
;                                               ;                         ; Datapath:dp|Register_File:rf|register_arr[7][1], Data_out[1]~reg0,   ;
;                                               ;                         ; Address_out[1]~reg0                                                  ;
; Datapath:dp|ALU:the_best_alu_in_kista|SUM[0]  ; Stuck at GND            ; Datapath:dp|Register_File:rf|register_arr[0][0],                     ;
;                                               ; due to stuck port clock ; Datapath:dp|Register_File:rf|register_arr[1][0],                     ;
;                                               ;                         ; Datapath:dp|Register_File:rf|register_arr[2][0],                     ;
;                                               ;                         ; Datapath:dp|Register_File:rf|register_arr[3][0],                     ;
;                                               ;                         ; Datapath:dp|Register_File:rf|register_arr[4][0],                     ;
;                                               ;                         ; Datapath:dp|Register_File:rf|register_arr[5][0],                     ;
;                                               ;                         ; Datapath:dp|Register_File:rf|register_arr[6][0],                     ;
;                                               ;                         ; Datapath:dp|Register_File:rf|register_arr[7][0], Data_out[0]~reg0,   ;
;                                               ;                         ; Address_out[0]~reg0                                                  ;
; Datapath:dp|ALU:the_best_alu_in_kista|SUM[15] ; Stuck at GND            ; Datapath:dp|Register_File:rf|register_arr[0][15],                    ;
;                                               ; due to stuck port clock ; Datapath:dp|Register_File:rf|register_arr[1][15],                    ;
;                                               ;                         ; Datapath:dp|Register_File:rf|register_arr[2][15],                    ;
;                                               ;                         ; Datapath:dp|Register_File:rf|register_arr[3][15],                    ;
;                                               ;                         ; Datapath:dp|Register_File:rf|register_arr[4][15],                    ;
;                                               ;                         ; Datapath:dp|Register_File:rf|register_arr[5][15],                    ;
;                                               ;                         ; Datapath:dp|Register_File:rf|register_arr[6][15], Data_out[15]~reg0, ;
;                                               ;                         ; Address_out[15]~reg0                                                 ;
+-----------------------------------------------+-------------------------+----------------------------------------------------------------------+


+------------------------------------------------------+
; General Register Statistics                          ;
+----------------------------------------------+-------+
; Statistic                                    ; Value ;
+----------------------------------------------+-------+
; Total registers                              ; 6     ;
; Number of registers using Synchronous Clear  ; 0     ;
; Number of registers using Synchronous Load   ; 0     ;
; Number of registers using Asynchronous Clear ; 0     ;
; Number of registers using Asynchronous Load  ; 0     ;
; Number of registers using Clock Enable       ; 4     ;
; Number of registers using Preset             ; 0     ;
+----------------------------------------------+-------+


+-------------------------------------------------------------------------+
; Parameter Settings for User Entity Instance: Top-level Entity: |MCU_FSM ;
+----------------+-------+------------------------------------------------+
; Parameter Name ; Value ; Type                                           ;
+----------------+-------+------------------------------------------------+
; M              ; 3     ; Signed Integer                                 ;
; N              ; 16    ; Signed Integer                                 ;
+----------------+-------+------------------------------------------------+
Note: In order to hide this table in the UI and the text report file, please set the "Show Parameter Settings in Synthesis Report" option in "Analysis and Synthesis Settings -> More Settings" to "Off".


+----------------------------------------------------------+
; Parameter Settings for User Entity Instance: Datapath:dp ;
+----------------+-------+---------------------------------+
; Parameter Name ; Value ; Type                            ;
+----------------+-------+---------------------------------+
; m              ; 3     ; Signed Integer                  ;
; n              ; 16    ; Signed Integer                  ;
+----------------+-------+---------------------------------+
Note: In order to hide this table in the UI and the text report file, please set the "Show Parameter Settings in Synthesis Report" option in "Analysis and Synthesis Settings -> More Settings" to "Off".


+---------------------------------------------------------------------------+
; Parameter Settings for User Entity Instance: Datapath:dp|Register_File:rf ;
+----------------+-------+--------------------------------------------------+
; Parameter Name ; Value ; Type                                             ;
+----------------+-------+--------------------------------------------------+
; n              ; 16    ; Signed Integer                                   ;
; m              ; 3     ; Signed Integer                                   ;
+----------------+-------+--------------------------------------------------+
Note: In order to hide this table in the UI and the text report file, please set the "Show Parameter Settings in Synthesis Report" option in "Analysis and Synthesis Settings -> More Settings" to "Off".


+------------------------------------------------------------------------------------+
; Parameter Settings for User Entity Instance: Datapath:dp|ALU:the_best_alu_in_kista ;
+----------------+-------+-----------------------------------------------------------+
; Parameter Name ; Value ; Type                                                      ;
+----------------+-------+-----------------------------------------------------------+
; n              ; 16    ; Signed Integer                                            ;
+----------------+-------+-----------------------------------------------------------+
Note: In order to hide this table in the UI and the text report file, please set the "Show Parameter Settings in Synthesis Report" option in "Analysis and Synthesis Settings -> More Settings" to "Off".


+-----------------------------------------------------------------------------------------------------------------+
; Port Connectivity Checks: "micro_code:ucode"                                                                    ;
+-------+--------+----------+-------------------------------------------------------------------------------------+
; Port  ; Type   ; Severity ; Details                                                                             ;
+-------+--------+----------+-------------------------------------------------------------------------------------+
; sel   ; Output ; Info     ; Connected to dangling logic. Logic that only feeds a dangling port will be removed. ;
; le[3] ; Output ; Info     ; Connected to dangling logic. Logic that only feeds a dangling port will be removed. ;
+-------+--------+----------+-------------------------------------------------------------------------------------+


+------------------------------------------------------------------------------------------------------------------+
; Port Connectivity Checks: "Datapath:dp"                                                                          ;
+--------+--------+----------+-------------------------------------------------------------------------------------+
; Port   ; Type   ; Severity ; Details                                                                             ;
+--------+--------+----------+-------------------------------------------------------------------------------------+
; z_flag ; Output ; Info     ; Connected to dangling logic. Logic that only feeds a dangling port will be removed. ;
; n_flag ; Output ; Info     ; Connected to dangling logic. Logic that only feeds a dangling port will be removed. ;
; o_flag ; Output ; Info     ; Connected to dangling logic. Logic that only feeds a dangling port will be removed. ;
+--------+--------+----------+-------------------------------------------------------------------------------------+


+-------------------------------+
; Elapsed Time Per Partition    ;
+----------------+--------------+
; Partition Name ; Elapsed Time ;
+----------------+--------------+
; Top            ; 00:00:00     ;
+----------------+--------------+


+-------------------------------+
; Analysis & Synthesis Messages ;
+-------------------------------+
Info: *******************************************************************
Info: Running Quartus II 64-Bit Analysis & Synthesis
    Info: Version 13.0.1 Build 232 06/12/2013 Service Pack 1 SJ Web Edition
    Info: Processing started: Mon Oct  4 16:48:35 2021
Info: Command: quartus_map --read_settings_files=on --write_settings_files=off Lab3 -c Lab3
Warning (20028): Parallel compilation is not licensed and has been disabled
Info (12021): Found 1 design units, including 0 entities, in source file Instruction.vhd
    Info (12022): Found design unit 1: micro_assembly
Info (12021): Found 2 design units, including 1 entities, in source file test_rf.vhd
    Info (12022): Found design unit 1: test-tset_tse_tes_s
    Info (12023): Found entity 1: test
Info (12021): Found 2 design units, including 1 entities, in source file test_datapath.vhd
    Info (12022): Found design unit 1: test_datapath-test
    Info (12023): Found entity 1: test_datapath
Info (12021): Found 2 design units, including 1 entities, in source file test_ALU.vhd
    Info (12022): Found design unit 1: test_ALU-test
    Info (12023): Found entity 1: test_ALU
Info (12021): Found 2 design units, including 1 entities, in source file Register_File.vhd
    Info (12022): Found design unit 1: Register_File-rf
    Info (12023): Found entity 1: Register_File
Info (12021): Found 2 design units, including 1 entities, in source file Datapath.vhd
    Info (12022): Found design unit 1: Datapath-dp
    Info (12023): Found entity 1: Datapath
Info (12021): Found 2 design units, including 1 entities, in source file Clock_Divider.vhd
    Info (12022): Found design unit 1: Clock_Divider-count
    Info (12023): Found entity 1: Clock_Divider
Info (12021): Found 2 design units, including 1 entities, in source file ALU.vhd
    Info (12022): Found design unit 1: ALU-behave
    Info (12023): Found entity 1: ALU
Info (12021): Found 2 design units, including 1 entities, in source file MCU_FSM.vhd
    Info (12022): Found design unit 1: MCU_FSM-mcu
    Info (12023): Found entity 1: MCU_FSM
Info (12021): Found 2 design units, including 1 entities, in source file Micro_code.vhd
    Info (12022): Found design unit 1: micro_code-ROM
    Info (12023): Found entity 1: micro_code
Info (12127): Elaborating entity "MCU_FSM" for the top level hierarchy
Warning (10036): Verilog HDL or VHDL warning at MCU_FSM.vhd(83): object "sel" assigned a value but never read
Warning (10036): Verilog HDL or VHDL warning at MCU_FSM.vhd(87): object "Z" assigned a value but never read
Warning (10036): Verilog HDL or VHDL warning at MCU_FSM.vhd(87): object "Neg" assigned a value but never read
Warning (10036): Verilog HDL or VHDL warning at MCU_FSM.vhd(87): object "O" assigned a value but never read
Warning (10541): VHDL Signal Declaration warning at MCU_FSM.vhd(88): used implicit default value for signal "Z_N_O" because signal was never assigned a value or an explicit default value. Use of implicit default value may introduce unintended design optimizations.
Warning (10541): VHDL Signal Declaration warning at MCU_FSM.vhd(92): used implicit default value for signal "Din" because signal was never assigned a value or an explicit default value. Use of implicit default value may introduce unintended design optimizations.
Warning (10541): VHDL Signal Declaration warning at MCU_FSM.vhd(94): used implicit default value for signal "OFFSET" because signal was never assigned a value or an explicit default value. Use of implicit default value may introduce unintended design optimizations.
Warning (10541): VHDL Signal Declaration warning at MCU_FSM.vhd(99): used implicit default value for signal "RA" because signal was never assigned a value or an explicit default value. Use of implicit default value may introduce unintended design optimizations.
Warning (10541): VHDL Signal Declaration warning at MCU_FSM.vhd(100): used implicit default value for signal "RB" because signal was never assigned a value or an explicit default value. Use of implicit default value may introduce unintended design optimizations.
Warning (10541): VHDL Signal Declaration warning at MCU_FSM.vhd(101): used implicit default value for signal "WAddr" because signal was never assigned a value or an explicit default value. Use of implicit default value may introduce unintended design optimizations.
Info (12128): Elaborating entity "Datapath" for hierarchy "Datapath:dp"
Warning (10541): VHDL Signal Declaration warning at Datapath.vhd(93): used implicit default value for signal "clk1hz" because signal was never assigned a value or an explicit default value. Use of implicit default value may introduce unintended design optimizations.
Info (12128): Elaborating entity "Register_File" for hierarchy "Datapath:dp|Register_File:rf"
Info (12128): Elaborating entity "ALU" for hierarchy "Datapath:dp|ALU:the_best_alu_in_kista"
Warning (10631): VHDL Process Statement warning at ALU.vhd(60): inferring latch(es) for signal or variable "sub_overflow", which holds its previous value in one or more paths through the process
Info (10041): Inferred latch for "sub_overflow" at ALU.vhd(60)
Info (12128): Elaborating entity "micro_code" for hierarchy "micro_code:ucode"
Warning (10540): VHDL Signal Declaration warning at Micro_code.vhd(28): used explicit default value for signal "ADD_INSTRUCTION" because signal was never assigned a value
Warning (10540): VHDL Signal Declaration warning at Micro_code.vhd(35): used explicit default value for signal "SUB_INSTRUCTION" because signal was never assigned a value
Warning (10540): VHDL Signal Declaration warning at Micro_code.vhd(42): used explicit default value for signal "AND_INSTRUCTION" because signal was never assigned a value
Warning (10540): VHDL Signal Declaration warning at Micro_code.vhd(49): used explicit default value for signal "OR_INSTRUCTION" because signal was never assigned a value
Warning (10540): VHDL Signal Declaration warning at Micro_code.vhd(56): used explicit default value for signal "XOR_INSTRUCTION" because signal was never assigned a value
Warning (10540): VHDL Signal Declaration warning at Micro_code.vhd(63): used explicit default value for signal "NOR_INSTRUCTION" because signal was never assigned a value
Warning (10540): VHDL Signal Declaration warning at Micro_code.vhd(70): used explicit default value for signal "MOV_INSTRUCTION" because signal was never assigned a value
Warning (10540): VHDL Signal Declaration warning at Micro_code.vhd(77): used explicit default value for signal "NOP_INSTRUCTION" because signal was never assigned a value
Warning (10540): VHDL Signal Declaration warning at Micro_code.vhd(84): used explicit default value for signal "LD_INSTRUCTION" because signal was never assigned a value
Warning (10540): VHDL Signal Declaration warning at Micro_code.vhd(91): used explicit default value for signal "ST_INSTRUCTION" because signal was never assigned a value
Warning (10540): VHDL Signal Declaration warning at Micro_code.vhd(98): used explicit default value for signal "LDI_INSTRUCTION" because signal was never assigned a value
Warning (10540): VHDL Signal Declaration warning at Micro_code.vhd(105): used explicit default value for signal "BRZ_INSTRUCTION_NO_Z" because signal was never assigned a value
Warning (10540): VHDL Signal Declaration warning at Micro_code.vhd(112): used explicit default value for signal "BRZ_INSTRUCTION_Z" because signal was never assigned a value
Warning (10540): VHDL Signal Declaration warning at Micro_code.vhd(119): used explicit default value for signal "BRN_INSTRUCTION_NO_N" because signal was never assigned a value
Warning (10540): VHDL Signal Declaration warning at Micro_code.vhd(126): used explicit default value for signal "BRN_INSTRUCTION_N" because signal was never assigned a value
Warning (10540): VHDL Signal Declaration warning at Micro_code.vhd(133): used explicit default value for signal "BRO_INSTRUCTION_NO_O" because signal was never assigned a value
Warning (10540): VHDL Signal Declaration warning at Micro_code.vhd(140): used explicit default value for signal "BRO_INSTRUCTION_O" because signal was never assigned a value
Warning (10540): VHDL Signal Declaration warning at Micro_code.vhd(147): used explicit default value for signal "BRA_INSTRUCTION" because signal was never assigned a value
Warning (10325): VHDL Choice warning at Micro_code.vhd(201): ignored choice containing meta-value ""1111-""
Warning (13046): Tri-state node(s) do not directly drive top-level pin(s)
    Warning (13049): Converted tri-state buffer "Datapath:dp|OUTPUT[1]" feeding internal logic into a wire
    Warning (13049): Converted tri-state buffer "Datapath:dp|OUTPUT[0]" feeding internal logic into a wire
    Warning (13049): Converted tri-state buffer "Datapath:dp|OUTPUT[2]" feeding internal logic into a wire
    Warning (13049): Converted tri-state buffer "Datapath:dp|OUTPUT[3]" feeding internal logic into a wire
    Warning (13049): Converted tri-state buffer "Datapath:dp|OUTPUT[4]" feeding internal logic into a wire
    Warning (13049): Converted tri-state buffer "Datapath:dp|OUTPUT[5]" feeding internal logic into a wire
    Warning (13049): Converted tri-state buffer "Datapath:dp|OUTPUT[6]" feeding internal logic into a wire
    Warning (13049): Converted tri-state buffer "Datapath:dp|OUTPUT[7]" feeding internal logic into a wire
    Warning (13049): Converted tri-state buffer "Datapath:dp|OUTPUT[8]" feeding internal logic into a wire
    Warning (13049): Converted tri-state buffer "Datapath:dp|OUTPUT[9]" feeding internal logic into a wire
    Warning (13049): Converted tri-state buffer "Datapath:dp|OUTPUT[10]" feeding internal logic into a wire
    Warning (13049): Converted tri-state buffer "Datapath:dp|OUTPUT[11]" feeding internal logic into a wire
    Warning (13049): Converted tri-state buffer "Datapath:dp|OUTPUT[12]" feeding internal logic into a wire
    Warning (13049): Converted tri-state buffer "Datapath:dp|OUTPUT[13]" feeding internal logic into a wire
    Warning (13049): Converted tri-state buffer "Datapath:dp|OUTPUT[14]" feeding internal logic into a wire
    Warning (13049): Converted tri-state buffer "Datapath:dp|OUTPUT[15]" feeding internal logic into a wire
Warning (13024): Output pins are stuck at VCC or GND
    Warning (13410): Pin "Data_out[0]" is stuck at GND
    Warning (13410): Pin "Data_out[1]" is stuck at GND
    Warning (13410): Pin "Data_out[2]" is stuck at GND
    Warning (13410): Pin "Data_out[3]" is stuck at GND
    Warning (13410): Pin "Data_out[4]" is stuck at GND
    Warning (13410): Pin "Data_out[5]" is stuck at GND
    Warning (13410): Pin "Data_out[6]" is stuck at GND
    Warning (13410): Pin "Data_out[7]" is stuck at GND
    Warning (13410): Pin "Data_out[8]" is stuck at GND
    Warning (13410): Pin "Data_out[9]" is stuck at GND
    Warning (13410): Pin "Data_out[10]" is stuck at GND
    Warning (13410): Pin "Data_out[11]" is stuck at GND
    Warning (13410): Pin "Data_out[12]" is stuck at GND
    Warning (13410): Pin "Data_out[13]" is stuck at GND
    Warning (13410): Pin "Data_out[14]" is stuck at GND
    Warning (13410): Pin "Data_out[15]" is stuck at GND
    Warning (13410): Pin "Address_out[0]" is stuck at GND
    Warning (13410): Pin "Address_out[1]" is stuck at GND
    Warning (13410): Pin "Address_out[2]" is stuck at GND
    Warning (13410): Pin "Address_out[3]" is stuck at GND
    Warning (13410): Pin "Address_out[4]" is stuck at GND
    Warning (13410): Pin "Address_out[5]" is stuck at GND
    Warning (13410): Pin "Address_out[6]" is stuck at GND
    Warning (13410): Pin "Address_out[7]" is stuck at GND
    Warning (13410): Pin "Address_out[8]" is stuck at GND
    Warning (13410): Pin "Address_out[9]" is stuck at GND
    Warning (13410): Pin "Address_out[10]" is stuck at GND
    Warning (13410): Pin "Address_out[11]" is stuck at GND
    Warning (13410): Pin "Address_out[12]" is stuck at GND
    Warning (13410): Pin "Address_out[13]" is stuck at GND
    Warning (13410): Pin "Address_out[14]" is stuck at GND
    Warning (13410): Pin "Address_out[15]" is stuck at GND
Info (286030): Timing-Driven Synthesis is running
Info (16010): Generating hard_block partition "hard_block:auto_generated_inst"
    Info (16011): Adding 0 node(s), including 0 DDIO, 0 PLL, 0 transceiver and 0 LCELL
Warning (21074): Design contains 13 input pin(s) that do not drive logic
    Warning (15610): No output dependent on input pin "RESET"
    Warning (15610): No output dependent on input pin "Instruction[0]"
    Warning (15610): No output dependent on input pin "Instruction[1]"
    Warning (15610): No output dependent on input pin "Instruction[2]"
    Warning (15610): No output dependent on input pin "Instruction[3]"
    Warning (15610): No output dependent on input pin "Instruction[4]"
    Warning (15610): No output dependent on input pin "Instruction[5]"
    Warning (15610): No output dependent on input pin "Instruction[6]"
    Warning (15610): No output dependent on input pin "Instruction[7]"
    Warning (15610): No output dependent on input pin "Instruction[8]"
    Warning (15610): No output dependent on input pin "Instruction[9]"
    Warning (15610): No output dependent on input pin "Instruction[10]"
    Warning (15610): No output dependent on input pin "Instruction[11]"
Info (21057): Implemented 61 device resources after synthesis - the final resource count might be different
    Info (21058): Implemented 18 input pins
    Info (21059): Implemented 33 output pins
    Info (21061): Implemented 10 logic cells
Info: Quartus II 64-Bit Analysis & Synthesis was successful. 0 errors, 96 warnings
    Info: Peak virtual memory: 678 megabytes
    Info: Processing ended: Mon Oct  4 16:48:38 2021
    Info: Elapsed time: 00:00:03
    Info: Total CPU time (on all processors): 00:00:02


