------------------------------------------------------------
TimeQuest Timing Analyzer Summary
------------------------------------------------------------

Type  : Slow 1200mV 85C Model Setup 'OP[0]'
Slack : -5.127
TNS   : -5.127

Type  : Slow 1200mV 85C Model Setup 'Clock_Divider:cd|clk_tmp'
Slack : -3.807
TNS   : -48.842

Type  : Slow 1200mV 85C Model Setup 'CLK'
Slack : -2.734
TNS   : -40.132

Type  : Slow 1200mV 85C Model Hold 'CLK'
Slack : -0.215
TNS   : -0.215

Type  : Slow 1200mV 85C Model Hold 'Clock_Divider:cd|clk_tmp'
Slack : 0.581
TNS   : 0.000

Type  : Slow 1200mV 85C Model Hold 'OP[0]'
Slack : 1.624
TNS   : 0.000

Type  : Slow 1200mV 85C Model Minimum Pulse Width 'CLK'
Slack : -3.000
TNS   : -29.000

Type  : Slow 1200mV 85C Model Minimum Pulse Width 'OP[0]'
Slack : -3.000
TNS   : -3.000

Type  : Slow 1200mV 85C Model Minimum Pulse Width 'Clock_Divider:cd|clk_tmp'
Slack : -1.000
TNS   : -23.000

Type  : Slow 1200mV 0C Model Setup 'OP[0]'
Slack : -4.476
TNS   : -4.476

Type  : Slow 1200mV 0C Model Setup 'Clock_Divider:cd|clk_tmp'
Slack : -3.344
TNS   : -41.466

Type  : Slow 1200mV 0C Model Setup 'CLK'
Slack : -2.375
TNS   : -32.891

Type  : Slow 1200mV 0C Model Hold 'CLK'
Slack : -0.201
TNS   : -0.201

Type  : Slow 1200mV 0C Model Hold 'Clock_Divider:cd|clk_tmp'
Slack : 0.589
TNS   : 0.000

Type  : Slow 1200mV 0C Model Hold 'OP[0]'
Slack : 1.443
TNS   : 0.000

Type  : Slow 1200mV 0C Model Minimum Pulse Width 'CLK'
Slack : -3.000
TNS   : -29.000

Type  : Slow 1200mV 0C Model Minimum Pulse Width 'OP[0]'
Slack : -3.000
TNS   : -3.000

Type  : Slow 1200mV 0C Model Minimum Pulse Width 'Clock_Divider:cd|clk_tmp'
Slack : -1.000
TNS   : -23.000

Type  : Fast 1200mV 0C Model Setup 'OP[0]'
Slack : -2.405
TNS   : -2.405

Type  : Fast 1200mV 0C Model Setup 'Clock_Divider:cd|clk_tmp'
Slack : -1.682
TNS   : -18.136

Type  : Fast 1200mV 0C Model Setup 'CLK'
Slack : -1.095
TNS   : -11.728

Type  : Fast 1200mV 0C Model Hold 'CLK'
Slack : -0.193
TNS   : -0.193

Type  : Fast 1200mV 0C Model Hold 'Clock_Divider:cd|clk_tmp'
Slack : 0.224
TNS   : 0.000

Type  : Fast 1200mV 0C Model Hold 'OP[0]'
Slack : 0.893
TNS   : 0.000

Type  : Fast 1200mV 0C Model Minimum Pulse Width 'CLK'
Slack : -3.000
TNS   : -29.832

Type  : Fast 1200mV 0C Model Minimum Pulse Width 'OP[0]'
Slack : -3.000
TNS   : -3.000

Type  : Fast 1200mV 0C Model Minimum Pulse Width 'Clock_Divider:cd|clk_tmp'
Slack : -1.000
TNS   : -23.000

------------------------------------------------------------
