TimeQuest Timing Analyzer report for Lab1
Mon Sep 27 08:52:34 2021
Quartus II 64-Bit Version 13.0.1 Build 232 06/12/2013 Service Pack 1 SJ Web Edition


---------------------
; Table of Contents ;
---------------------
  1. Legal Notice
  2. TimeQuest Timing Analyzer Summary
  3. Parallel Compilation
  4. Clocks
  5. Slow Model Fmax Summary
  6. Slow Model Setup Summary
  7. Slow Model Hold Summary
  8. Slow Model Recovery Summary
  9. Slow Model Removal Summary
 10. Slow Model Minimum Pulse Width Summary
 11. Slow Model Setup: 'OP[0]'
 12. Slow Model Hold: 'OP[0]'
 13. Slow Model Minimum Pulse Width: 'OP[0]'
 14. Setup Times
 15. Hold Times
 16. Clock to Output Times
 17. Minimum Clock to Output Times
 18. Propagation Delay
 19. Minimum Propagation Delay
 20. Fast Model Setup Summary
 21. Fast Model Hold Summary
 22. Fast Model Recovery Summary
 23. Fast Model Removal Summary
 24. Fast Model Minimum Pulse Width Summary
 25. Fast Model Setup: 'OP[0]'
 26. Fast Model Hold: 'OP[0]'
 27. Fast Model Minimum Pulse Width: 'OP[0]'
 28. Setup Times
 29. Hold Times
 30. Clock to Output Times
 31. Minimum Clock to Output Times
 32. Propagation Delay
 33. Minimum Propagation Delay
 34. Multicorner Timing Analysis Summary
 35. Setup Times
 36. Hold Times
 37. Clock to Output Times
 38. Minimum Clock to Output Times
 39. Progagation Delay
 40. Minimum Progagation Delay
 41. Setup Transfers
 42. Hold Transfers
 43. Report TCCS
 44. Report RSKM
 45. Unconstrained Paths
 46. TimeQuest Timing Analyzer Messages



----------------
; Legal Notice ;
----------------
Copyright (C) 1991-2013 Altera Corporation
Your use of Altera Corporation's design tools, logic functions 
and other software and tools, and its AMPP partner logic 
functions, and any output files from any of the foregoing 
(including device programming or simulation files), and any 
associated documentation or information are expressly subject 
to the terms and conditions of the Altera Program License 
Subscription Agreement, Altera MegaCore Function License 
Agreement, or other applicable license agreement, including, 
without limitation, that your use is for the sole purpose of 
programming logic devices manufactured by Altera and sold by 
Altera or its authorized distributors.  Please refer to the 
applicable agreement for further details.



+----------------------------------------------------------------------------------------+
; TimeQuest Timing Analyzer Summary                                                      ;
+--------------------+-------------------------------------------------------------------+
; Quartus II Version ; Version 13.0.1 Build 232 06/12/2013 Service Pack 1 SJ Web Edition ;
; Revision Name      ; Lab1                                                              ;
; Device Family      ; Cyclone II                                                        ;
; Device Name        ; EP2C35F672C6                                                      ;
; Timing Models      ; Final                                                             ;
; Delay Model        ; Combined                                                          ;
; Rise/Fall Delays   ; Unavailable                                                       ;
+--------------------+-------------------------------------------------------------------+


Parallel compilation was disabled, but you have multiple processors available. Enable parallel compilation to reduce compilation time.
+-------------------------------------+
; Parallel Compilation                ;
+----------------------------+--------+
; Processors                 ; Number ;
+----------------------------+--------+
; Number detected on machine ; 16     ;
; Maximum allowed            ; 1      ;
+----------------------------+--------+


+-----------------------------------------------------------------------------------------------------------------------------------------------------------------------------------+
; Clocks                                                                                                                                                                            ;
+------------+------+--------+------------+-------+-------+------------+-----------+-------------+-------+--------+-----------+------------+----------+--------+--------+-----------+
; Clock Name ; Type ; Period ; Frequency  ; Rise  ; Fall  ; Duty Cycle ; Divide by ; Multiply by ; Phase ; Offset ; Edge List ; Edge Shift ; Inverted ; Master ; Source ; Targets   ;
+------------+------+--------+------------+-------+-------+------------+-----------+-------------+-------+--------+-----------+------------+----------+--------+--------+-----------+
; OP[0]      ; Base ; 1.000  ; 1000.0 MHz ; 0.000 ; 0.500 ;            ;           ;             ;       ;        ;           ;            ;          ;        ;        ; { OP[0] } ;
+------------+------+--------+------------+-------+-------+------------+-----------+-------------+-------+--------+-----------+------------+----------+--------+--------+-----------+


+--------------------------------------------------+
; Slow Model Fmax Summary                          ;
+------------+-----------------+------------+------+
; Fmax       ; Restricted Fmax ; Clock Name ; Note ;
+------------+-----------------+------------+------+
; 125.57 MHz ; 125.57 MHz      ; OP[0]      ;      ;
+------------+-----------------+------------+------+
This panel reports FMAX for every clock in the design, regardless of the user-specified clock periods.  FMAX is only computed for paths where the source and destination registers or ports are driven by the same clock.  Paths of different clocks, including generated clocks, are ignored.  For paths between a clock and its inversion, FMAX is computed as if the rising and falling edges are scaled along with FMAX, such that the duty cycle (in terms of a percentage) is maintained. Altera recommends that you always use clock constraints and other slack reports for sign-off analysis.


+--------------------------------+
; Slow Model Setup Summary       ;
+-------+--------+---------------+
; Clock ; Slack  ; End Point TNS ;
+-------+--------+---------------+
; OP[0] ; -3.482 ; -6.904        ;
+-------+--------+---------------+


+-------------------------------+
; Slow Model Hold Summary       ;
+-------+-------+---------------+
; Clock ; Slack ; End Point TNS ;
+-------+-------+---------------+
; OP[0] ; 0.906 ; 0.000         ;
+-------+-------+---------------+


-------------------------------
; Slow Model Recovery Summary ;
-------------------------------
No paths to report.


------------------------------
; Slow Model Removal Summary ;
------------------------------
No paths to report.


+----------------------------------------+
; Slow Model Minimum Pulse Width Summary ;
+-------+--------+-----------------------+
; Clock ; Slack  ; End Point TNS         ;
+-------+--------+-----------------------+
; OP[0] ; -1.222 ; -1.222                ;
+-------+--------+-----------------------+


+---------------------------------------------------------------------------------------------------------+
; Slow Model Setup: 'OP[0]'                                                                               ;
+--------+-----------+--------------+--------------+-------------+--------------+------------+------------+
; Slack  ; From Node ; To Node      ; Launch Clock ; Latch Clock ; Relationship ; Clock Skew ; Data Delay ;
+--------+-----------+--------------+--------------+-------------+--------------+------------+------------+
; -3.482 ; OP[0]     ; add_overflow ; OP[0]        ; OP[0]       ; 0.500        ; 2.381      ; 5.410      ;
; -3.422 ; OP[0]     ; sub_overflow ; OP[0]        ; OP[0]       ; 0.500        ; 2.461      ; 5.411      ;
; -2.982 ; OP[0]     ; add_overflow ; OP[0]        ; OP[0]       ; 1.000        ; 2.381      ; 5.410      ;
; -2.922 ; OP[0]     ; sub_overflow ; OP[0]        ; OP[0]       ; 1.000        ; 2.461      ; 5.411      ;
+--------+-----------+--------------+--------------+-------------+--------------+------------+------------+


+--------------------------------------------------------------------------------------------------------+
; Slow Model Hold: 'OP[0]'                                                                               ;
+-------+-----------+--------------+--------------+-------------+--------------+------------+------------+
; Slack ; From Node ; To Node      ; Launch Clock ; Latch Clock ; Relationship ; Clock Skew ; Data Delay ;
+-------+-----------+--------------+--------------+-------------+--------------+------------+------------+
; 0.906 ; OP[0]     ; sub_overflow ; OP[0]        ; OP[0]       ; 0.000        ; 2.461      ; 3.367      ;
; 0.985 ; OP[0]     ; add_overflow ; OP[0]        ; OP[0]       ; 0.000        ; 2.381      ; 3.366      ;
; 1.406 ; OP[0]     ; sub_overflow ; OP[0]        ; OP[0]       ; -0.500       ; 2.461      ; 3.367      ;
; 1.485 ; OP[0]     ; add_overflow ; OP[0]        ; OP[0]       ; -0.500       ; 2.381      ; 3.366      ;
+-------+-----------+--------------+--------------+-------------+--------------+------------+------------+


+---------------------------------------------------------------------------------------------------------+
; Slow Model Minimum Pulse Width: 'OP[0]'                                                                 ;
+--------+--------------+----------------+------------------+-------+------------+------------------------+
; Slack  ; Actual Width ; Required Width ; Type             ; Clock ; Clock Edge ; Target                 ;
+--------+--------------+----------------+------------------+-------+------------+------------------------+
; -1.222 ; 1.000        ; 2.222          ; Port Rate        ; OP[0] ; Rise       ; OP[0]                  ;
; 0.500  ; 0.500        ; 0.000          ; High Pulse Width ; OP[0] ; Rise       ; Equal0~0|combout       ;
; 0.500  ; 0.500        ; 0.000          ; Low Pulse Width  ; OP[0] ; Rise       ; Equal0~0|combout       ;
; 0.500  ; 0.500        ; 0.000          ; High Pulse Width ; OP[0] ; Rise       ; Equal0~0|datad         ;
; 0.500  ; 0.500        ; 0.000          ; Low Pulse Width  ; OP[0] ; Rise       ; Equal0~0|datad         ;
; 0.500  ; 0.500        ; 0.000          ; High Pulse Width ; OP[0] ; Rise       ; OP[0]|combout          ;
; 0.500  ; 0.500        ; 0.000          ; Low Pulse Width  ; OP[0] ; Rise       ; OP[0]|combout          ;
; 0.500  ; 0.500        ; 0.000          ; High Pulse Width ; OP[0] ; Rise       ; add_overflow           ;
; 0.500  ; 0.500        ; 0.000          ; Low Pulse Width  ; OP[0] ; Rise       ; add_overflow           ;
; 0.500  ; 0.500        ; 0.000          ; High Pulse Width ; OP[0] ; Rise       ; add_overflow|datac     ;
; 0.500  ; 0.500        ; 0.000          ; Low Pulse Width  ; OP[0] ; Rise       ; add_overflow|datac     ;
; 0.500  ; 0.500        ; 0.000          ; High Pulse Width ; OP[0] ; Rise       ; add_overflow~1|combout ;
; 0.500  ; 0.500        ; 0.000          ; Low Pulse Width  ; OP[0] ; Rise       ; add_overflow~1|combout ;
; 0.500  ; 0.500        ; 0.000          ; High Pulse Width ; OP[0] ; Rise       ; add_overflow~1|datad   ;
; 0.500  ; 0.500        ; 0.000          ; Low Pulse Width  ; OP[0] ; Rise       ; add_overflow~1|datad   ;
; 0.500  ; 0.500        ; 0.000          ; High Pulse Width ; OP[0] ; Fall       ; sub_overflow           ;
; 0.500  ; 0.500        ; 0.000          ; Low Pulse Width  ; OP[0] ; Fall       ; sub_overflow           ;
; 0.500  ; 0.500        ; 0.000          ; High Pulse Width ; OP[0] ; Rise       ; sub_overflow|datac     ;
; 0.500  ; 0.500        ; 0.000          ; Low Pulse Width  ; OP[0] ; Rise       ; sub_overflow|datac     ;
+--------+--------------+----------------+------------------+-------+------------+------------------------+


+-----------------------------------------------------------------------+
; Setup Times                                                           ;
+-----------+------------+-------+-------+------------+-----------------+
; Data Port ; Clock Port ; Rise  ; Fall  ; Clock Edge ; Clock Reference ;
+-----------+------------+-------+-------+------------+-----------------+
; A[*]      ; OP[0]      ; 5.609 ; 5.609 ; Rise       ; OP[0]           ;
;  A[0]     ; OP[0]      ; 5.572 ; 5.572 ; Rise       ; OP[0]           ;
;  A[1]     ; OP[0]      ; 5.609 ; 5.609 ; Rise       ; OP[0]           ;
;  A[2]     ; OP[0]      ; 5.506 ; 5.506 ; Rise       ; OP[0]           ;
;  A[3]     ; OP[0]      ; 4.427 ; 4.427 ; Rise       ; OP[0]           ;
;  A[4]     ; OP[0]      ; 4.739 ; 4.739 ; Rise       ; OP[0]           ;
;  A[5]     ; OP[0]      ; 4.475 ; 4.475 ; Rise       ; OP[0]           ;
;  A[6]     ; OP[0]      ; 3.992 ; 3.992 ; Rise       ; OP[0]           ;
; B[*]      ; OP[0]      ; 7.189 ; 7.189 ; Rise       ; OP[0]           ;
;  B[0]     ; OP[0]      ; 5.864 ; 5.864 ; Rise       ; OP[0]           ;
;  B[1]     ; OP[0]      ; 5.784 ; 5.784 ; Rise       ; OP[0]           ;
;  B[2]     ; OP[0]      ; 5.816 ; 5.816 ; Rise       ; OP[0]           ;
;  B[3]     ; OP[0]      ; 4.673 ; 4.673 ; Rise       ; OP[0]           ;
;  B[4]     ; OP[0]      ; 4.292 ; 4.292 ; Rise       ; OP[0]           ;
;  B[5]     ; OP[0]      ; 4.110 ; 4.110 ; Rise       ; OP[0]           ;
;  B[6]     ; OP[0]      ; 7.189 ; 7.189 ; Rise       ; OP[0]           ;
; OP[*]     ; OP[0]      ; 7.121 ; 7.121 ; Rise       ; OP[0]           ;
;  OP[0]    ; OP[0]      ; 3.982 ; 3.982 ; Rise       ; OP[0]           ;
;  OP[1]    ; OP[0]      ; 6.860 ; 6.860 ; Rise       ; OP[0]           ;
;  OP[2]    ; OP[0]      ; 7.121 ; 7.121 ; Rise       ; OP[0]           ;
; A[*]      ; OP[0]      ; 5.549 ; 5.549 ; Fall       ; OP[0]           ;
;  A[0]     ; OP[0]      ; 5.512 ; 5.512 ; Fall       ; OP[0]           ;
;  A[1]     ; OP[0]      ; 5.549 ; 5.549 ; Fall       ; OP[0]           ;
;  A[2]     ; OP[0]      ; 5.446 ; 5.446 ; Fall       ; OP[0]           ;
;  A[3]     ; OP[0]      ; 4.367 ; 4.367 ; Fall       ; OP[0]           ;
;  A[4]     ; OP[0]      ; 4.679 ; 4.679 ; Fall       ; OP[0]           ;
;  A[5]     ; OP[0]      ; 4.415 ; 4.415 ; Fall       ; OP[0]           ;
;  A[6]     ; OP[0]      ; 3.932 ; 3.932 ; Fall       ; OP[0]           ;
; B[*]      ; OP[0]      ; 7.129 ; 7.129 ; Fall       ; OP[0]           ;
;  B[0]     ; OP[0]      ; 5.804 ; 5.804 ; Fall       ; OP[0]           ;
;  B[1]     ; OP[0]      ; 5.724 ; 5.724 ; Fall       ; OP[0]           ;
;  B[2]     ; OP[0]      ; 5.756 ; 5.756 ; Fall       ; OP[0]           ;
;  B[3]     ; OP[0]      ; 4.613 ; 4.613 ; Fall       ; OP[0]           ;
;  B[4]     ; OP[0]      ; 4.232 ; 4.232 ; Fall       ; OP[0]           ;
;  B[5]     ; OP[0]      ; 4.050 ; 4.050 ; Fall       ; OP[0]           ;
;  B[6]     ; OP[0]      ; 7.129 ; 7.129 ; Fall       ; OP[0]           ;
; OP[*]     ; OP[0]      ; 7.061 ; 7.061 ; Fall       ; OP[0]           ;
;  OP[0]    ; OP[0]      ; 3.922 ; 3.922 ; Fall       ; OP[0]           ;
;  OP[1]    ; OP[0]      ; 6.800 ; 6.800 ; Fall       ; OP[0]           ;
;  OP[2]    ; OP[0]      ; 7.061 ; 7.061 ; Fall       ; OP[0]           ;
+-----------+------------+-------+-------+------------+-----------------+


+-------------------------------------------------------------------------+
; Hold Times                                                              ;
+-----------+------------+--------+--------+------------+-----------------+
; Data Port ; Clock Port ; Rise   ; Fall   ; Clock Edge ; Clock Reference ;
+-----------+------------+--------+--------+------------+-----------------+
; A[*]      ; OP[0]      ; -1.436 ; -1.436 ; Rise       ; OP[0]           ;
;  A[0]     ; OP[0]      ; -4.619 ; -4.619 ; Rise       ; OP[0]           ;
;  A[1]     ; OP[0]      ; -4.656 ; -4.656 ; Rise       ; OP[0]           ;
;  A[2]     ; OP[0]      ; -4.553 ; -4.553 ; Rise       ; OP[0]           ;
;  A[3]     ; OP[0]      ; -3.474 ; -3.474 ; Rise       ; OP[0]           ;
;  A[4]     ; OP[0]      ; -3.786 ; -3.786 ; Rise       ; OP[0]           ;
;  A[5]     ; OP[0]      ; -3.522 ; -3.522 ; Rise       ; OP[0]           ;
;  A[6]     ; OP[0]      ; -1.436 ; -1.436 ; Rise       ; OP[0]           ;
; B[*]      ; OP[0]      ; -3.157 ; -3.157 ; Rise       ; OP[0]           ;
;  B[0]     ; OP[0]      ; -4.911 ; -4.911 ; Rise       ; OP[0]           ;
;  B[1]     ; OP[0]      ; -4.831 ; -4.831 ; Rise       ; OP[0]           ;
;  B[2]     ; OP[0]      ; -4.863 ; -4.863 ; Rise       ; OP[0]           ;
;  B[3]     ; OP[0]      ; -3.720 ; -3.720 ; Rise       ; OP[0]           ;
;  B[4]     ; OP[0]      ; -3.339 ; -3.339 ; Rise       ; OP[0]           ;
;  B[5]     ; OP[0]      ; -3.157 ; -3.157 ; Rise       ; OP[0]           ;
;  B[6]     ; OP[0]      ; -4.116 ; -4.116 ; Rise       ; OP[0]           ;
; OP[*]     ; OP[0]      ; -0.985 ; -0.985 ; Rise       ; OP[0]           ;
;  OP[0]    ; OP[0]      ; -0.985 ; -0.985 ; Rise       ; OP[0]           ;
;  OP[1]    ; OP[0]      ; -4.456 ; -4.456 ; Rise       ; OP[0]           ;
;  OP[2]    ; OP[0]      ; -4.421 ; -4.421 ; Rise       ; OP[0]           ;
; A[*]      ; OP[0]      ; -1.355 ; -1.355 ; Fall       ; OP[0]           ;
;  A[0]     ; OP[0]      ; -4.540 ; -4.540 ; Fall       ; OP[0]           ;
;  A[1]     ; OP[0]      ; -4.577 ; -4.577 ; Fall       ; OP[0]           ;
;  A[2]     ; OP[0]      ; -4.474 ; -4.474 ; Fall       ; OP[0]           ;
;  A[3]     ; OP[0]      ; -3.395 ; -3.395 ; Fall       ; OP[0]           ;
;  A[4]     ; OP[0]      ; -3.707 ; -3.707 ; Fall       ; OP[0]           ;
;  A[5]     ; OP[0]      ; -3.443 ; -3.443 ; Fall       ; OP[0]           ;
;  A[6]     ; OP[0]      ; -1.355 ; -1.355 ; Fall       ; OP[0]           ;
; B[*]      ; OP[0]      ; -3.078 ; -3.078 ; Fall       ; OP[0]           ;
;  B[0]     ; OP[0]      ; -4.832 ; -4.832 ; Fall       ; OP[0]           ;
;  B[1]     ; OP[0]      ; -4.752 ; -4.752 ; Fall       ; OP[0]           ;
;  B[2]     ; OP[0]      ; -4.784 ; -4.784 ; Fall       ; OP[0]           ;
;  B[3]     ; OP[0]      ; -3.641 ; -3.641 ; Fall       ; OP[0]           ;
;  B[4]     ; OP[0]      ; -3.260 ; -3.260 ; Fall       ; OP[0]           ;
;  B[5]     ; OP[0]      ; -3.078 ; -3.078 ; Fall       ; OP[0]           ;
;  B[6]     ; OP[0]      ; -4.040 ; -4.040 ; Fall       ; OP[0]           ;
; OP[*]     ; OP[0]      ; -0.906 ; -0.906 ; Fall       ; OP[0]           ;
;  OP[0]    ; OP[0]      ; -0.906 ; -0.906 ; Fall       ; OP[0]           ;
;  OP[1]    ; OP[0]      ; -4.377 ; -4.377 ; Fall       ; OP[0]           ;
;  OP[2]    ; OP[0]      ; -4.342 ; -4.342 ; Fall       ; OP[0]           ;
+-----------+------------+--------+--------+------------+-----------------+


+-------------------------------------------------------------------------+
; Clock to Output Times                                                   ;
+-----------+------------+--------+--------+------------+-----------------+
; Data Port ; Clock Port ; Rise   ; Fall   ; Clock Edge ; Clock Reference ;
+-----------+------------+--------+--------+------------+-----------------+
; N_Flag    ; OP[0]      ; 10.130 ; 10.130 ; Rise       ; OP[0]           ;
; O_Flag    ; OP[0]      ; 10.267 ; 10.267 ; Rise       ; OP[0]           ;
; SUM[*]    ; OP[0]      ; 12.904 ; 12.904 ; Rise       ; OP[0]           ;
;  SUM[0]   ; OP[0]      ; 11.965 ; 11.965 ; Rise       ; OP[0]           ;
;  SUM[1]   ; OP[0]      ; 12.291 ; 12.291 ; Rise       ; OP[0]           ;
;  SUM[2]   ; OP[0]      ; 12.904 ; 12.904 ; Rise       ; OP[0]           ;
;  SUM[3]   ; OP[0]      ; 12.348 ; 12.348 ; Rise       ; OP[0]           ;
;  SUM[4]   ; OP[0]      ; 12.184 ; 12.184 ; Rise       ; OP[0]           ;
;  SUM[5]   ; OP[0]      ; 12.792 ; 12.792 ; Rise       ; OP[0]           ;
;  SUM[6]   ; OP[0]      ; 10.170 ; 10.170 ; Rise       ; OP[0]           ;
; Z_Flag    ; OP[0]      ; 15.288 ; 15.288 ; Rise       ; OP[0]           ;
; N_Flag    ; OP[0]      ; 10.130 ; 10.130 ; Fall       ; OP[0]           ;
; O_Flag    ; OP[0]      ; 10.677 ; 10.677 ; Fall       ; OP[0]           ;
; SUM[*]    ; OP[0]      ; 12.904 ; 12.904 ; Fall       ; OP[0]           ;
;  SUM[0]   ; OP[0]      ; 11.965 ; 11.965 ; Fall       ; OP[0]           ;
;  SUM[1]   ; OP[0]      ; 12.291 ; 12.291 ; Fall       ; OP[0]           ;
;  SUM[2]   ; OP[0]      ; 12.904 ; 12.904 ; Fall       ; OP[0]           ;
;  SUM[3]   ; OP[0]      ; 12.348 ; 12.348 ; Fall       ; OP[0]           ;
;  SUM[4]   ; OP[0]      ; 12.184 ; 12.184 ; Fall       ; OP[0]           ;
;  SUM[5]   ; OP[0]      ; 12.792 ; 12.792 ; Fall       ; OP[0]           ;
;  SUM[6]   ; OP[0]      ; 10.170 ; 10.170 ; Fall       ; OP[0]           ;
; Z_Flag    ; OP[0]      ; 15.288 ; 15.288 ; Fall       ; OP[0]           ;
+-----------+------------+--------+--------+------------+-----------------+


+-------------------------------------------------------------------------+
; Minimum Clock to Output Times                                           ;
+-----------+------------+--------+--------+------------+-----------------+
; Data Port ; Clock Port ; Rise   ; Fall   ; Clock Edge ; Clock Reference ;
+-----------+------------+--------+--------+------------+-----------------+
; N_Flag    ; OP[0]      ; 8.086  ; 8.086  ; Rise       ; OP[0]           ;
; O_Flag    ; OP[0]      ; 10.267 ; 10.267 ; Rise       ; OP[0]           ;
; SUM[*]    ; OP[0]      ; 8.126  ; 8.126  ; Rise       ; OP[0]           ;
;  SUM[0]   ; OP[0]      ; 9.368  ; 9.368  ; Rise       ; OP[0]           ;
;  SUM[1]   ; OP[0]      ; 9.679  ; 9.679  ; Rise       ; OP[0]           ;
;  SUM[2]   ; OP[0]      ; 10.416 ; 10.416 ; Rise       ; OP[0]           ;
;  SUM[3]   ; OP[0]      ; 9.736  ; 9.736  ; Rise       ; OP[0]           ;
;  SUM[4]   ; OP[0]      ; 9.883  ; 9.883  ; Rise       ; OP[0]           ;
;  SUM[5]   ; OP[0]      ; 10.406 ; 10.406 ; Rise       ; OP[0]           ;
;  SUM[6]   ; OP[0]      ; 8.126  ; 8.126  ; Rise       ; OP[0]           ;
; Z_Flag    ; OP[0]      ; 9.738  ; 9.738  ; Rise       ; OP[0]           ;
; N_Flag    ; OP[0]      ; 8.086  ; 8.086  ; Fall       ; OP[0]           ;
; O_Flag    ; OP[0]      ; 10.677 ; 10.677 ; Fall       ; OP[0]           ;
; SUM[*]    ; OP[0]      ; 8.126  ; 8.126  ; Fall       ; OP[0]           ;
;  SUM[0]   ; OP[0]      ; 9.368  ; 9.368  ; Fall       ; OP[0]           ;
;  SUM[1]   ; OP[0]      ; 9.679  ; 9.679  ; Fall       ; OP[0]           ;
;  SUM[2]   ; OP[0]      ; 10.416 ; 10.416 ; Fall       ; OP[0]           ;
;  SUM[3]   ; OP[0]      ; 9.736  ; 9.736  ; Fall       ; OP[0]           ;
;  SUM[4]   ; OP[0]      ; 9.883  ; 9.883  ; Fall       ; OP[0]           ;
;  SUM[5]   ; OP[0]      ; 10.406 ; 10.406 ; Fall       ; OP[0]           ;
;  SUM[6]   ; OP[0]      ; 8.126  ; 8.126  ; Fall       ; OP[0]           ;
; Z_Flag    ; OP[0]      ; 9.738  ; 9.738  ; Fall       ; OP[0]           ;
+-----------+------------+--------+--------+------------+-----------------+


+--------------------------------------------------------------+
; Propagation Delay                                            ;
+------------+-------------+--------+--------+--------+--------+
; Input Port ; Output Port ; RR     ; RF     ; FR     ; FF     ;
+------------+-------------+--------+--------+--------+--------+
; A[0]       ; N_Flag      ; 11.720 ; 11.720 ; 11.720 ; 11.720 ;
; A[0]       ; SUM[0]      ; 11.732 ; 11.732 ; 11.732 ; 11.732 ;
; A[0]       ; SUM[1]      ; 11.868 ; 11.868 ; 11.868 ; 11.868 ;
; A[0]       ; SUM[2]      ; 12.935 ; 12.935 ; 12.935 ; 12.935 ;
; A[0]       ; SUM[3]      ; 12.148 ; 12.148 ; 12.148 ; 12.148 ;
; A[0]       ; SUM[4]      ; 12.967 ; 12.967 ; 12.967 ; 12.967 ;
; A[0]       ; SUM[5]      ; 13.635 ; 13.635 ; 13.635 ; 13.635 ;
; A[0]       ; SUM[6]      ; 11.760 ; 11.760 ; 11.760 ; 11.760 ;
; A[0]       ; Z_Flag      ; 15.617 ; 15.617 ; 15.617 ; 15.617 ;
; A[1]       ; N_Flag      ; 11.757 ; 11.757 ; 11.757 ; 11.757 ;
; A[1]       ; SUM[1]      ; 11.590 ; 11.590 ; 11.590 ; 11.590 ;
; A[1]       ; SUM[2]      ; 12.972 ; 12.972 ; 12.972 ; 12.972 ;
; A[1]       ; SUM[3]      ; 12.185 ; 12.185 ; 12.185 ; 12.185 ;
; A[1]       ; SUM[4]      ; 13.004 ; 13.004 ; 13.004 ; 13.004 ;
; A[1]       ; SUM[5]      ; 13.672 ; 13.672 ; 13.672 ; 13.672 ;
; A[1]       ; SUM[6]      ; 11.797 ; 11.797 ; 11.797 ; 11.797 ;
; A[1]       ; Z_Flag      ; 15.654 ; 15.654 ; 15.654 ; 15.654 ;
; A[2]       ; N_Flag      ; 11.654 ; 11.654 ; 11.654 ; 11.654 ;
; A[2]       ; SUM[2]      ; 12.549 ; 12.549 ; 12.549 ; 12.549 ;
; A[2]       ; SUM[3]      ; 12.082 ; 12.082 ; 12.082 ; 12.082 ;
; A[2]       ; SUM[4]      ; 12.901 ; 12.901 ; 12.901 ; 12.901 ;
; A[2]       ; SUM[5]      ; 13.569 ; 13.569 ; 13.569 ; 13.569 ;
; A[2]       ; SUM[6]      ; 11.694 ; 11.694 ; 11.694 ; 11.694 ;
; A[2]       ; Z_Flag      ; 15.551 ; 15.551 ; 15.551 ; 15.551 ;
; A[3]       ; N_Flag      ; 10.575 ; 10.575 ; 10.575 ; 10.575 ;
; A[3]       ; SUM[3]      ; 10.691 ; 10.691 ; 10.691 ; 10.691 ;
; A[3]       ; SUM[4]      ; 11.822 ; 11.822 ; 11.822 ; 11.822 ;
; A[3]       ; SUM[5]      ; 12.490 ; 12.490 ; 12.490 ; 12.490 ;
; A[3]       ; SUM[6]      ; 10.615 ; 10.615 ; 10.615 ; 10.615 ;
; A[3]       ; Z_Flag      ; 14.472 ; 14.472 ; 14.472 ; 14.472 ;
; A[4]       ; N_Flag      ; 10.887 ; 10.887 ; 10.887 ; 10.887 ;
; A[4]       ; SUM[4]      ; 11.819 ; 11.819 ; 11.819 ; 11.819 ;
; A[4]       ; SUM[5]      ; 12.802 ; 12.802 ; 12.802 ; 12.802 ;
; A[4]       ; SUM[6]      ; 10.927 ; 10.927 ; 10.927 ; 10.927 ;
; A[4]       ; Z_Flag      ; 14.469 ; 14.469 ; 14.469 ; 14.469 ;
; A[5]       ; N_Flag      ; 10.623 ; 10.623 ; 10.623 ; 10.623 ;
; A[5]       ; SUM[5]      ; 12.223 ; 12.223 ; 12.223 ; 12.223 ;
; A[5]       ; SUM[6]      ; 10.663 ; 10.663 ; 10.663 ; 10.663 ;
; A[5]       ; Z_Flag      ; 13.801 ; 13.801 ; 13.801 ; 13.801 ;
; A[6]       ; N_Flag      ; 10.140 ; 10.140 ; 10.140 ; 10.140 ;
; A[6]       ; SUM[6]      ; 10.180 ; 10.180 ; 10.180 ; 10.180 ;
; A[6]       ; Z_Flag      ; 11.792 ; 11.792 ; 11.792 ; 11.792 ;
; B[0]       ; N_Flag      ; 12.012 ; 12.012 ; 12.012 ; 12.012 ;
; B[0]       ; SUM[0]      ; 12.023 ; 12.023 ; 12.023 ; 12.023 ;
; B[0]       ; SUM[1]      ; 12.160 ; 12.160 ; 12.160 ; 12.160 ;
; B[0]       ; SUM[2]      ; 13.227 ; 13.227 ; 13.227 ; 13.227 ;
; B[0]       ; SUM[3]      ; 12.440 ; 12.440 ; 12.440 ; 12.440 ;
; B[0]       ; SUM[4]      ; 13.259 ; 13.259 ; 13.259 ; 13.259 ;
; B[0]       ; SUM[5]      ; 13.927 ; 13.927 ; 13.927 ; 13.927 ;
; B[0]       ; SUM[6]      ; 12.052 ; 12.052 ; 12.052 ; 12.052 ;
; B[0]       ; Z_Flag      ; 15.909 ; 15.909 ; 15.909 ; 15.909 ;
; B[1]       ; N_Flag      ; 11.932 ; 11.932 ; 11.932 ; 11.932 ;
; B[1]       ; SUM[1]      ; 11.768 ; 11.768 ; 11.768 ; 11.768 ;
; B[1]       ; SUM[2]      ; 13.147 ; 13.147 ; 13.147 ; 13.147 ;
; B[1]       ; SUM[3]      ; 12.360 ; 12.360 ; 12.360 ; 12.360 ;
; B[1]       ; SUM[4]      ; 13.179 ; 13.179 ; 13.179 ; 13.179 ;
; B[1]       ; SUM[5]      ; 13.847 ; 13.847 ; 13.847 ; 13.847 ;
; B[1]       ; SUM[6]      ; 11.972 ; 11.972 ; 11.972 ; 11.972 ;
; B[1]       ; Z_Flag      ; 15.829 ; 15.829 ; 15.829 ; 15.829 ;
; B[2]       ; N_Flag      ; 11.964 ; 11.964 ; 11.964 ; 11.964 ;
; B[2]       ; SUM[2]      ; 12.862 ; 12.862 ; 12.862 ; 12.862 ;
; B[2]       ; SUM[3]      ; 12.392 ; 12.392 ; 12.392 ; 12.392 ;
; B[2]       ; SUM[4]      ; 13.211 ; 13.211 ; 13.211 ; 13.211 ;
; B[2]       ; SUM[5]      ; 13.879 ; 13.879 ; 13.879 ; 13.879 ;
; B[2]       ; SUM[6]      ; 12.004 ; 12.004 ; 12.004 ; 12.004 ;
; B[2]       ; Z_Flag      ; 15.861 ; 15.861 ; 15.861 ; 15.861 ;
; B[3]       ; N_Flag      ; 10.821 ; 10.821 ; 10.821 ; 10.821 ;
; B[3]       ; SUM[3]      ; 10.934 ; 10.934 ; 10.934 ; 10.934 ;
; B[3]       ; SUM[4]      ; 12.068 ; 12.068 ; 12.068 ; 12.068 ;
; B[3]       ; SUM[5]      ; 12.736 ; 12.736 ; 12.736 ; 12.736 ;
; B[3]       ; SUM[6]      ; 10.861 ; 10.861 ; 10.861 ; 10.861 ;
; B[3]       ; Z_Flag      ; 14.718 ; 14.718 ; 14.718 ; 14.718 ;
; B[4]       ; N_Flag      ; 10.440 ; 10.440 ; 10.440 ; 10.440 ;
; B[4]       ; SUM[4]      ; 11.371 ; 11.371 ; 11.371 ; 11.371 ;
; B[4]       ; SUM[5]      ; 12.355 ; 12.355 ; 12.355 ; 12.355 ;
; B[4]       ; SUM[6]      ; 10.480 ; 10.480 ; 10.480 ; 10.480 ;
; B[4]       ; Z_Flag      ; 14.021 ; 14.021 ; 14.021 ; 14.021 ;
; B[5]       ; N_Flag      ; 10.258 ; 10.258 ; 10.258 ; 10.258 ;
; B[5]       ; SUM[5]      ; 11.861 ; 11.861 ; 11.861 ; 11.861 ;
; B[5]       ; SUM[6]      ; 10.298 ; 10.298 ; 10.298 ; 10.298 ;
; B[5]       ; Z_Flag      ; 13.439 ; 13.439 ; 13.439 ; 13.439 ;
; B[6]       ; N_Flag      ; 13.337 ; 13.337 ; 13.337 ; 13.337 ;
; B[6]       ; SUM[6]      ; 13.377 ; 13.377 ; 13.377 ; 13.377 ;
; B[6]       ; Z_Flag      ; 14.989 ; 14.989 ; 14.989 ; 14.989 ;
; OP[1]      ; N_Flag      ; 13.008 ; 13.008 ; 13.008 ; 13.008 ;
; OP[1]      ; SUM[0]      ; 13.371 ; 13.371 ; 13.371 ; 13.371 ;
; OP[1]      ; SUM[1]      ; 13.858 ; 13.858 ; 13.858 ; 13.858 ;
; OP[1]      ; SUM[2]      ; 14.411 ; 14.411 ; 14.411 ; 14.411 ;
; OP[1]      ; SUM[3]      ; 13.740 ; 13.740 ; 13.740 ; 13.740 ;
; OP[1]      ; SUM[4]      ; 13.876 ; 13.876 ; 13.876 ; 13.876 ;
; OP[1]      ; SUM[5]      ; 14.687 ; 14.687 ; 14.687 ; 14.687 ;
; OP[1]      ; SUM[6]      ; 13.048 ; 13.048 ; 13.048 ; 13.048 ;
; OP[1]      ; Z_Flag      ; 16.795 ; 16.795 ; 16.795 ; 16.795 ;
; OP[2]      ; N_Flag      ; 13.269 ; 13.269 ; 13.269 ; 13.269 ;
; OP[2]      ; SUM[0]      ; 13.632 ; 13.632 ; 13.632 ; 13.632 ;
; OP[2]      ; SUM[1]      ; 14.122 ; 14.122 ; 14.122 ; 14.122 ;
; OP[2]      ; SUM[2]      ; 14.675 ; 14.675 ; 14.675 ; 14.675 ;
; OP[2]      ; SUM[3]      ; 14.004 ; 14.004 ; 14.004 ; 14.004 ;
; OP[2]      ; SUM[4]      ; 14.137 ; 14.137 ; 14.137 ; 14.137 ;
; OP[2]      ; SUM[5]      ; 14.951 ; 14.951 ; 14.951 ; 14.951 ;
; OP[2]      ; SUM[6]      ; 13.309 ; 13.309 ; 13.309 ; 13.309 ;
; OP[2]      ; Z_Flag      ; 17.059 ; 17.059 ; 17.059 ; 17.059 ;
+------------+-------------+--------+--------+--------+--------+


+--------------------------------------------------------------+
; Minimum Propagation Delay                                    ;
+------------+-------------+--------+--------+--------+--------+
; Input Port ; Output Port ; RR     ; RF     ; FR     ; FF     ;
+------------+-------------+--------+--------+--------+--------+
; A[0]       ; N_Flag      ; 11.720 ; 11.720 ; 11.720 ; 11.720 ;
; A[0]       ; SUM[0]      ; 9.909  ; 9.909  ; 9.909  ; 9.909  ;
; A[0]       ; SUM[1]      ; 11.868 ; 11.868 ; 11.868 ; 11.868 ;
; A[0]       ; SUM[2]      ; 12.935 ; 12.935 ; 12.935 ; 12.935 ;
; A[0]       ; SUM[3]      ; 12.148 ; 12.148 ; 12.148 ; 12.148 ;
; A[0]       ; SUM[4]      ; 12.967 ; 12.967 ; 12.967 ; 12.967 ;
; A[0]       ; SUM[5]      ; 13.635 ; 13.635 ; 13.635 ; 13.635 ;
; A[0]       ; SUM[6]      ; 11.760 ; 11.760 ; 11.760 ; 11.760 ;
; A[0]       ; Z_Flag      ; 12.902 ; 12.902 ; 12.902 ; 12.902 ;
; A[1]       ; N_Flag      ; 11.757 ; 11.757 ; 11.757 ; 11.757 ;
; A[1]       ; SUM[1]      ; 10.559 ; 10.559 ; 10.559 ; 10.559 ;
; A[1]       ; SUM[2]      ; 12.972 ; 12.972 ; 12.972 ; 12.972 ;
; A[1]       ; SUM[3]      ; 12.185 ; 12.185 ; 12.185 ; 12.185 ;
; A[1]       ; SUM[4]      ; 13.004 ; 13.004 ; 13.004 ; 13.004 ;
; A[1]       ; SUM[5]      ; 13.672 ; 13.672 ; 13.672 ; 13.672 ;
; A[1]       ; SUM[6]      ; 11.797 ; 11.797 ; 11.797 ; 11.797 ;
; A[1]       ; Z_Flag      ; 12.537 ; 12.537 ; 12.537 ; 12.537 ;
; A[2]       ; N_Flag      ; 11.654 ; 11.654 ; 11.654 ; 11.654 ;
; A[2]       ; SUM[2]      ; 10.925 ; 10.925 ; 10.925 ; 10.925 ;
; A[2]       ; SUM[3]      ; 12.082 ; 12.082 ; 12.082 ; 12.082 ;
; A[2]       ; SUM[4]      ; 12.901 ; 12.901 ; 12.901 ; 12.901 ;
; A[2]       ; SUM[5]      ; 13.569 ; 13.569 ; 13.569 ; 13.569 ;
; A[2]       ; SUM[6]      ; 11.694 ; 11.694 ; 11.694 ; 11.694 ;
; A[2]       ; Z_Flag      ; 13.306 ; 13.306 ; 13.306 ; 13.306 ;
; A[3]       ; N_Flag      ; 10.575 ; 10.575 ; 10.575 ; 10.575 ;
; A[3]       ; SUM[3]      ; 9.762  ; 9.762  ; 9.762  ; 9.762  ;
; A[3]       ; SUM[4]      ; 11.822 ; 11.822 ; 11.822 ; 11.822 ;
; A[3]       ; SUM[5]      ; 12.490 ; 12.490 ; 12.490 ; 12.490 ;
; A[3]       ; SUM[6]      ; 10.615 ; 10.615 ; 10.615 ; 10.615 ;
; A[3]       ; Z_Flag      ; 12.100 ; 12.100 ; 12.100 ; 12.100 ;
; A[4]       ; N_Flag      ; 10.887 ; 10.887 ; 10.887 ; 10.887 ;
; A[4]       ; SUM[4]      ; 10.145 ; 10.145 ; 10.145 ; 10.145 ;
; A[4]       ; SUM[5]      ; 12.802 ; 12.802 ; 12.802 ; 12.802 ;
; A[4]       ; SUM[6]      ; 10.927 ; 10.927 ; 10.927 ; 10.927 ;
; A[4]       ; Z_Flag      ; 12.539 ; 12.539 ; 12.539 ; 12.539 ;
; A[5]       ; N_Flag      ; 10.623 ; 10.623 ; 10.623 ; 10.623 ;
; A[5]       ; SUM[5]      ; 9.995  ; 10.604 ; 10.604 ; 9.995  ;
; A[5]       ; SUM[6]      ; 10.663 ; 10.663 ; 10.663 ; 10.663 ;
; A[5]       ; Z_Flag      ; 12.182 ; 11.573 ; 11.573 ; 12.182 ;
; A[6]       ; N_Flag      ; 9.189  ; 9.312  ; 9.312  ; 9.189  ;
; A[6]       ; SUM[6]      ; 9.229  ; 9.352  ; 9.352  ; 9.229  ;
; A[6]       ; Z_Flag      ; 10.964 ; 10.841 ; 10.841 ; 10.964 ;
; B[0]       ; N_Flag      ; 12.012 ; 12.012 ; 12.012 ; 12.012 ;
; B[0]       ; SUM[0]      ; 9.429  ; 9.429  ; 9.429  ; 9.429  ;
; B[0]       ; SUM[1]      ; 12.160 ; 12.160 ; 12.160 ; 12.160 ;
; B[0]       ; SUM[2]      ; 13.227 ; 13.227 ; 13.227 ; 13.227 ;
; B[0]       ; SUM[3]      ; 12.440 ; 12.440 ; 12.440 ; 12.440 ;
; B[0]       ; SUM[4]      ; 13.259 ; 13.259 ; 13.259 ; 13.259 ;
; B[0]       ; SUM[5]      ; 13.927 ; 13.927 ; 13.927 ; 13.927 ;
; B[0]       ; SUM[6]      ; 12.052 ; 12.052 ; 12.052 ; 12.052 ;
; B[0]       ; Z_Flag      ; 12.422 ; 12.422 ; 12.422 ; 12.422 ;
; B[1]       ; N_Flag      ; 11.932 ; 11.932 ; 11.932 ; 11.932 ;
; B[1]       ; SUM[1]      ; 9.956  ; 9.956  ; 9.956  ; 9.956  ;
; B[1]       ; SUM[2]      ; 13.147 ; 13.147 ; 13.147 ; 13.147 ;
; B[1]       ; SUM[3]      ; 12.360 ; 12.360 ; 12.360 ; 12.360 ;
; B[1]       ; SUM[4]      ; 13.179 ; 13.179 ; 13.179 ; 13.179 ;
; B[1]       ; SUM[5]      ; 13.847 ; 13.847 ; 13.847 ; 13.847 ;
; B[1]       ; SUM[6]      ; 11.972 ; 11.972 ; 11.972 ; 11.972 ;
; B[1]       ; Z_Flag      ; 11.934 ; 11.934 ; 11.934 ; 11.934 ;
; B[2]       ; N_Flag      ; 11.964 ; 11.964 ; 11.964 ; 11.964 ;
; B[2]       ; SUM[2]      ; 10.687 ; 10.687 ; 10.687 ; 10.687 ;
; B[2]       ; SUM[3]      ; 12.392 ; 12.392 ; 12.392 ; 12.392 ;
; B[2]       ; SUM[4]      ; 13.211 ; 13.211 ; 13.211 ; 13.211 ;
; B[2]       ; SUM[5]      ; 13.879 ; 13.879 ; 13.879 ; 13.879 ;
; B[2]       ; SUM[6]      ; 12.004 ; 12.004 ; 12.004 ; 12.004 ;
; B[2]       ; Z_Flag      ; 13.071 ; 13.071 ; 13.071 ; 13.071 ;
; B[3]       ; N_Flag      ; 10.821 ; 10.821 ; 10.821 ; 10.821 ;
; B[3]       ; SUM[3]      ; 9.016  ; 9.016  ; 9.016  ; 9.016  ;
; B[3]       ; SUM[4]      ; 12.068 ; 12.068 ; 12.068 ; 12.068 ;
; B[3]       ; SUM[5]      ; 12.736 ; 12.736 ; 12.736 ; 12.736 ;
; B[3]       ; SUM[6]      ; 10.861 ; 10.861 ; 10.861 ; 10.861 ;
; B[3]       ; Z_Flag      ; 11.354 ; 11.354 ; 11.354 ; 11.354 ;
; B[4]       ; N_Flag      ; 10.440 ; 10.440 ; 10.440 ; 10.440 ;
; B[4]       ; SUM[4]      ; 9.138  ; 9.256  ; 9.256  ; 9.138  ;
; B[4]       ; SUM[5]      ; 12.355 ; 12.355 ; 12.355 ; 12.355 ;
; B[4]       ; SUM[6]      ; 10.480 ; 10.480 ; 10.480 ; 10.480 ;
; B[4]       ; Z_Flag      ; 11.906 ; 11.788 ; 11.788 ; 11.906 ;
; B[5]       ; N_Flag      ; 10.258 ; 10.258 ; 10.258 ; 10.258 ;
; B[5]       ; SUM[5]      ; 9.392  ; 9.682  ; 9.682  ; 9.392  ;
; B[5]       ; SUM[6]      ; 10.298 ; 10.298 ; 10.298 ; 10.298 ;
; B[5]       ; Z_Flag      ; 11.260 ; 10.970 ; 10.970 ; 11.260 ;
; B[6]       ; N_Flag      ; 12.017 ; 12.017 ; 12.017 ; 12.017 ;
; B[6]       ; SUM[6]      ; 12.057 ; 12.057 ; 12.057 ; 12.057 ;
; B[6]       ; Z_Flag      ; 13.669 ; 13.669 ; 13.669 ; 13.669 ;
; OP[1]      ; N_Flag      ; 11.557 ; 11.557 ; 11.557 ; 11.557 ;
; OP[1]      ; SUM[0]      ; 11.424 ; 11.424 ; 11.424 ; 11.424 ;
; OP[1]      ; SUM[1]      ; 11.971 ; 11.971 ; 11.971 ; 11.971 ;
; OP[1]      ; SUM[2]      ; 12.449 ; 12.449 ; 12.449 ; 12.449 ;
; OP[1]      ; SUM[3]      ; 12.031 ; 12.031 ; 12.031 ; 12.031 ;
; OP[1]      ; SUM[4]      ; 12.108 ; 12.108 ; 12.108 ; 12.108 ;
; OP[1]      ; SUM[5]      ; 12.240 ; 12.240 ; 12.240 ; 12.240 ;
; OP[1]      ; SUM[6]      ; 11.597 ; 11.597 ; 11.597 ; 11.597 ;
; OP[1]      ; Z_Flag      ; 13.209 ; 13.209 ; 13.209 ; 13.209 ;
; OP[2]      ; N_Flag      ; 11.522 ; 11.522 ; 11.522 ; 11.522 ;
; OP[2]      ; SUM[0]      ; 11.577 ; 11.577 ; 11.577 ; 11.577 ;
; OP[2]      ; SUM[1]      ; 11.927 ; 11.927 ; 11.927 ; 11.927 ;
; OP[2]      ; SUM[2]      ; 12.158 ; 12.158 ; 12.158 ; 12.158 ;
; OP[2]      ; SUM[3]      ; 11.985 ; 11.985 ; 11.985 ; 11.985 ;
; OP[2]      ; SUM[4]      ; 12.120 ; 12.120 ; 12.120 ; 12.120 ;
; OP[2]      ; SUM[5]      ; 12.423 ; 12.423 ; 12.423 ; 12.423 ;
; OP[2]      ; SUM[6]      ; 11.562 ; 11.562 ; 11.562 ; 11.562 ;
; OP[2]      ; Z_Flag      ; 13.174 ; 13.174 ; 13.174 ; 13.174 ;
+------------+-------------+--------+--------+--------+--------+


+--------------------------------+
; Fast Model Setup Summary       ;
+-------+--------+---------------+
; Clock ; Slack  ; End Point TNS ;
+-------+--------+---------------+
; OP[0] ; -1.194 ; -2.369        ;
+-------+--------+---------------+


+-------------------------------+
; Fast Model Hold Summary       ;
+-------+-------+---------------+
; Clock ; Slack ; End Point TNS ;
+-------+-------+---------------+
; OP[0] ; 0.366 ; 0.000         ;
+-------+-------+---------------+


-------------------------------
; Fast Model Recovery Summary ;
-------------------------------
No paths to report.


------------------------------
; Fast Model Removal Summary ;
------------------------------
No paths to report.


+----------------------------------------+
; Fast Model Minimum Pulse Width Summary ;
+-------+--------+-----------------------+
; Clock ; Slack  ; End Point TNS         ;
+-------+--------+-----------------------+
; OP[0] ; -1.222 ; -1.222                ;
+-------+--------+-----------------------+


+---------------------------------------------------------------------------------------------------------+
; Fast Model Setup: 'OP[0]'                                                                               ;
+--------+-----------+--------------+--------------+-------------+--------------+------------+------------+
; Slack  ; From Node ; To Node      ; Launch Clock ; Latch Clock ; Relationship ; Clock Skew ; Data Delay ;
+--------+-----------+--------------+--------------+-------------+--------------+------------+------------+
; -1.194 ; OP[0]     ; add_overflow ; OP[0]        ; OP[0]       ; 0.500        ; 1.193      ; 2.487      ;
; -1.175 ; OP[0]     ; sub_overflow ; OP[0]        ; OP[0]       ; 0.500        ; 1.210      ; 2.487      ;
; -0.694 ; OP[0]     ; add_overflow ; OP[0]        ; OP[0]       ; 1.000        ; 1.193      ; 2.487      ;
; -0.675 ; OP[0]     ; sub_overflow ; OP[0]        ; OP[0]       ; 1.000        ; 1.210      ; 2.487      ;
+--------+-----------+--------------+--------------+-------------+--------------+------------+------------+


+--------------------------------------------------------------------------------------------------------+
; Fast Model Hold: 'OP[0]'                                                                               ;
+-------+-----------+--------------+--------------+-------------+--------------+------------+------------+
; Slack ; From Node ; To Node      ; Launch Clock ; Latch Clock ; Relationship ; Clock Skew ; Data Delay ;
+-------+-----------+--------------+--------------+-------------+--------------+------------+------------+
; 0.366 ; OP[0]     ; sub_overflow ; OP[0]        ; OP[0]       ; 0.000        ; 1.210      ; 1.576      ;
; 0.383 ; OP[0]     ; add_overflow ; OP[0]        ; OP[0]       ; 0.000        ; 1.193      ; 1.576      ;
; 0.866 ; OP[0]     ; sub_overflow ; OP[0]        ; OP[0]       ; -0.500       ; 1.210      ; 1.576      ;
; 0.883 ; OP[0]     ; add_overflow ; OP[0]        ; OP[0]       ; -0.500       ; 1.193      ; 1.576      ;
+-------+-----------+--------------+--------------+-------------+--------------+------------+------------+


+---------------------------------------------------------------------------------------------------------+
; Fast Model Minimum Pulse Width: 'OP[0]'                                                                 ;
+--------+--------------+----------------+------------------+-------+------------+------------------------+
; Slack  ; Actual Width ; Required Width ; Type             ; Clock ; Clock Edge ; Target                 ;
+--------+--------------+----------------+------------------+-------+------------+------------------------+
; -1.222 ; 1.000        ; 2.222          ; Port Rate        ; OP[0] ; Rise       ; OP[0]                  ;
; 0.500  ; 0.500        ; 0.000          ; High Pulse Width ; OP[0] ; Rise       ; Equal0~0|combout       ;
; 0.500  ; 0.500        ; 0.000          ; Low Pulse Width  ; OP[0] ; Rise       ; Equal0~0|combout       ;
; 0.500  ; 0.500        ; 0.000          ; High Pulse Width ; OP[0] ; Rise       ; Equal0~0|datad         ;
; 0.500  ; 0.500        ; 0.000          ; Low Pulse Width  ; OP[0] ; Rise       ; Equal0~0|datad         ;
; 0.500  ; 0.500        ; 0.000          ; High Pulse Width ; OP[0] ; Rise       ; OP[0]|combout          ;
; 0.500  ; 0.500        ; 0.000          ; Low Pulse Width  ; OP[0] ; Rise       ; OP[0]|combout          ;
; 0.500  ; 0.500        ; 0.000          ; High Pulse Width ; OP[0] ; Rise       ; add_overflow           ;
; 0.500  ; 0.500        ; 0.000          ; Low Pulse Width  ; OP[0] ; Rise       ; add_overflow           ;
; 0.500  ; 0.500        ; 0.000          ; High Pulse Width ; OP[0] ; Rise       ; add_overflow|datac     ;
; 0.500  ; 0.500        ; 0.000          ; Low Pulse Width  ; OP[0] ; Rise       ; add_overflow|datac     ;
; 0.500  ; 0.500        ; 0.000          ; High Pulse Width ; OP[0] ; Rise       ; add_overflow~1|combout ;
; 0.500  ; 0.500        ; 0.000          ; Low Pulse Width  ; OP[0] ; Rise       ; add_overflow~1|combout ;
; 0.500  ; 0.500        ; 0.000          ; High Pulse Width ; OP[0] ; Rise       ; add_overflow~1|datad   ;
; 0.500  ; 0.500        ; 0.000          ; Low Pulse Width  ; OP[0] ; Rise       ; add_overflow~1|datad   ;
; 0.500  ; 0.500        ; 0.000          ; High Pulse Width ; OP[0] ; Fall       ; sub_overflow           ;
; 0.500  ; 0.500        ; 0.000          ; Low Pulse Width  ; OP[0] ; Fall       ; sub_overflow           ;
; 0.500  ; 0.500        ; 0.000          ; High Pulse Width ; OP[0] ; Rise       ; sub_overflow|datac     ;
; 0.500  ; 0.500        ; 0.000          ; Low Pulse Width  ; OP[0] ; Rise       ; sub_overflow|datac     ;
+--------+--------------+----------------+------------------+-------+------------+------------------------+


+-----------------------------------------------------------------------+
; Setup Times                                                           ;
+-----------+------------+-------+-------+------------+-----------------+
; Data Port ; Clock Port ; Rise  ; Fall  ; Clock Edge ; Clock Reference ;
+-----------+------------+-------+-------+------------+-----------------+
; A[*]      ; OP[0]      ; 2.565 ; 2.565 ; Rise       ; OP[0]           ;
;  A[0]     ; OP[0]      ; 2.549 ; 2.549 ; Rise       ; OP[0]           ;
;  A[1]     ; OP[0]      ; 2.565 ; 2.565 ; Rise       ; OP[0]           ;
;  A[2]     ; OP[0]      ; 2.519 ; 2.519 ; Rise       ; OP[0]           ;
;  A[3]     ; OP[0]      ; 1.956 ; 1.956 ; Rise       ; OP[0]           ;
;  A[4]     ; OP[0]      ; 2.118 ; 2.118 ; Rise       ; OP[0]           ;
;  A[5]     ; OP[0]      ; 1.973 ; 1.973 ; Rise       ; OP[0]           ;
;  A[6]     ; OP[0]      ; 1.795 ; 1.795 ; Rise       ; OP[0]           ;
; B[*]      ; OP[0]      ; 3.757 ; 3.757 ; Rise       ; OP[0]           ;
;  B[0]     ; OP[0]      ; 2.674 ; 2.674 ; Rise       ; OP[0]           ;
;  B[1]     ; OP[0]      ; 2.609 ; 2.609 ; Rise       ; OP[0]           ;
;  B[2]     ; OP[0]      ; 2.622 ; 2.622 ; Rise       ; OP[0]           ;
;  B[3]     ; OP[0]      ; 1.955 ; 1.955 ; Rise       ; OP[0]           ;
;  B[4]     ; OP[0]      ; 1.792 ; 1.792 ; Rise       ; OP[0]           ;
;  B[5]     ; OP[0]      ; 1.715 ; 1.715 ; Rise       ; OP[0]           ;
;  B[6]     ; OP[0]      ; 3.757 ; 3.757 ; Rise       ; OP[0]           ;
; OP[*]     ; OP[0]      ; 3.749 ; 3.749 ; Rise       ; OP[0]           ;
;  OP[0]    ; OP[0]      ; 1.694 ; 1.694 ; Rise       ; OP[0]           ;
;  OP[1]    ; OP[0]      ; 3.634 ; 3.634 ; Rise       ; OP[0]           ;
;  OP[2]    ; OP[0]      ; 3.749 ; 3.749 ; Rise       ; OP[0]           ;
; A[*]      ; OP[0]      ; 2.546 ; 2.546 ; Fall       ; OP[0]           ;
;  A[0]     ; OP[0]      ; 2.530 ; 2.530 ; Fall       ; OP[0]           ;
;  A[1]     ; OP[0]      ; 2.546 ; 2.546 ; Fall       ; OP[0]           ;
;  A[2]     ; OP[0]      ; 2.500 ; 2.500 ; Fall       ; OP[0]           ;
;  A[3]     ; OP[0]      ; 1.937 ; 1.937 ; Fall       ; OP[0]           ;
;  A[4]     ; OP[0]      ; 2.099 ; 2.099 ; Fall       ; OP[0]           ;
;  A[5]     ; OP[0]      ; 1.954 ; 1.954 ; Fall       ; OP[0]           ;
;  A[6]     ; OP[0]      ; 1.776 ; 1.776 ; Fall       ; OP[0]           ;
; B[*]      ; OP[0]      ; 3.738 ; 3.738 ; Fall       ; OP[0]           ;
;  B[0]     ; OP[0]      ; 2.655 ; 2.655 ; Fall       ; OP[0]           ;
;  B[1]     ; OP[0]      ; 2.590 ; 2.590 ; Fall       ; OP[0]           ;
;  B[2]     ; OP[0]      ; 2.603 ; 2.603 ; Fall       ; OP[0]           ;
;  B[3]     ; OP[0]      ; 1.936 ; 1.936 ; Fall       ; OP[0]           ;
;  B[4]     ; OP[0]      ; 1.773 ; 1.773 ; Fall       ; OP[0]           ;
;  B[5]     ; OP[0]      ; 1.696 ; 1.696 ; Fall       ; OP[0]           ;
;  B[6]     ; OP[0]      ; 3.738 ; 3.738 ; Fall       ; OP[0]           ;
; OP[*]     ; OP[0]      ; 3.730 ; 3.730 ; Fall       ; OP[0]           ;
;  OP[0]    ; OP[0]      ; 1.675 ; 1.675 ; Fall       ; OP[0]           ;
;  OP[1]    ; OP[0]      ; 3.615 ; 3.615 ; Fall       ; OP[0]           ;
;  OP[2]    ; OP[0]      ; 3.730 ; 3.730 ; Fall       ; OP[0]           ;
+-----------+------------+-------+-------+------------+-----------------+


+-------------------------------------------------------------------------+
; Hold Times                                                              ;
+-----------+------------+--------+--------+------------+-----------------+
; Data Port ; Clock Port ; Rise   ; Fall   ; Clock Edge ; Clock Reference ;
+-----------+------------+--------+--------+------------+-----------------+
; A[*]      ; OP[0]      ; -0.726 ; -0.726 ; Rise       ; OP[0]           ;
;  A[0]     ; OP[0]      ; -2.149 ; -2.149 ; Rise       ; OP[0]           ;
;  A[1]     ; OP[0]      ; -2.165 ; -2.165 ; Rise       ; OP[0]           ;
;  A[2]     ; OP[0]      ; -2.119 ; -2.119 ; Rise       ; OP[0]           ;
;  A[3]     ; OP[0]      ; -1.556 ; -1.556 ; Rise       ; OP[0]           ;
;  A[4]     ; OP[0]      ; -1.718 ; -1.718 ; Rise       ; OP[0]           ;
;  A[5]     ; OP[0]      ; -1.573 ; -1.573 ; Rise       ; OP[0]           ;
;  A[6]     ; OP[0]      ; -0.726 ; -0.726 ; Rise       ; OP[0]           ;
; B[*]      ; OP[0]      ; -1.315 ; -1.315 ; Rise       ; OP[0]           ;
;  B[0]     ; OP[0]      ; -2.274 ; -2.274 ; Rise       ; OP[0]           ;
;  B[1]     ; OP[0]      ; -2.209 ; -2.209 ; Rise       ; OP[0]           ;
;  B[2]     ; OP[0]      ; -2.222 ; -2.222 ; Rise       ; OP[0]           ;
;  B[3]     ; OP[0]      ; -1.555 ; -1.555 ; Rise       ; OP[0]           ;
;  B[4]     ; OP[0]      ; -1.392 ; -1.392 ; Rise       ; OP[0]           ;
;  B[5]     ; OP[0]      ; -1.315 ; -1.315 ; Rise       ; OP[0]           ;
;  B[6]     ; OP[0]      ; -2.489 ; -2.489 ; Rise       ; OP[0]           ;
; OP[*]     ; OP[0]      ; -0.383 ; -0.383 ; Rise       ; OP[0]           ;
;  OP[0]    ; OP[0]      ; -0.383 ; -0.383 ; Rise       ; OP[0]           ;
;  OP[1]    ; OP[0]      ; -2.636 ; -2.636 ; Rise       ; OP[0]           ;
;  OP[2]    ; OP[0]      ; -2.620 ; -2.620 ; Rise       ; OP[0]           ;
; A[*]      ; OP[0]      ; -0.708 ; -0.708 ; Fall       ; OP[0]           ;
;  A[0]     ; OP[0]      ; -2.132 ; -2.132 ; Fall       ; OP[0]           ;
;  A[1]     ; OP[0]      ; -2.148 ; -2.148 ; Fall       ; OP[0]           ;
;  A[2]     ; OP[0]      ; -2.102 ; -2.102 ; Fall       ; OP[0]           ;
;  A[3]     ; OP[0]      ; -1.539 ; -1.539 ; Fall       ; OP[0]           ;
;  A[4]     ; OP[0]      ; -1.701 ; -1.701 ; Fall       ; OP[0]           ;
;  A[5]     ; OP[0]      ; -1.556 ; -1.556 ; Fall       ; OP[0]           ;
;  A[6]     ; OP[0]      ; -0.708 ; -0.708 ; Fall       ; OP[0]           ;
; B[*]      ; OP[0]      ; -1.298 ; -1.298 ; Fall       ; OP[0]           ;
;  B[0]     ; OP[0]      ; -2.257 ; -2.257 ; Fall       ; OP[0]           ;
;  B[1]     ; OP[0]      ; -2.192 ; -2.192 ; Fall       ; OP[0]           ;
;  B[2]     ; OP[0]      ; -2.205 ; -2.205 ; Fall       ; OP[0]           ;
;  B[3]     ; OP[0]      ; -1.538 ; -1.538 ; Fall       ; OP[0]           ;
;  B[4]     ; OP[0]      ; -1.375 ; -1.375 ; Fall       ; OP[0]           ;
;  B[5]     ; OP[0]      ; -1.298 ; -1.298 ; Fall       ; OP[0]           ;
;  B[6]     ; OP[0]      ; -2.475 ; -2.475 ; Fall       ; OP[0]           ;
; OP[*]     ; OP[0]      ; -0.366 ; -0.366 ; Fall       ; OP[0]           ;
;  OP[0]    ; OP[0]      ; -0.366 ; -0.366 ; Fall       ; OP[0]           ;
;  OP[1]    ; OP[0]      ; -2.619 ; -2.619 ; Fall       ; OP[0]           ;
;  OP[2]    ; OP[0]      ; -2.603 ; -2.603 ; Fall       ; OP[0]           ;
+-----------+------------+--------+--------+------------+-----------------+


+-----------------------------------------------------------------------+
; Clock to Output Times                                                 ;
+-----------+------------+-------+-------+------------+-----------------+
; Data Port ; Clock Port ; Rise  ; Fall  ; Clock Edge ; Clock Reference ;
+-----------+------------+-------+-------+------------+-----------------+
; N_Flag    ; OP[0]      ; 5.043 ; 5.043 ; Rise       ; OP[0]           ;
; O_Flag    ; OP[0]      ; 5.208 ; 5.208 ; Rise       ; OP[0]           ;
; SUM[*]    ; OP[0]      ; 6.984 ; 6.984 ; Rise       ; OP[0]           ;
;  SUM[0]   ; OP[0]      ; 6.571 ; 6.571 ; Rise       ; OP[0]           ;
;  SUM[1]   ; OP[0]      ; 6.704 ; 6.704 ; Rise       ; OP[0]           ;
;  SUM[2]   ; OP[0]      ; 6.984 ; 6.984 ; Rise       ; OP[0]           ;
;  SUM[3]   ; OP[0]      ; 6.699 ; 6.699 ; Rise       ; OP[0]           ;
;  SUM[4]   ; OP[0]      ; 6.638 ; 6.638 ; Rise       ; OP[0]           ;
;  SUM[5]   ; OP[0]      ; 6.900 ; 6.900 ; Rise       ; OP[0]           ;
;  SUM[6]   ; OP[0]      ; 5.084 ; 5.084 ; Rise       ; OP[0]           ;
; Z_Flag    ; OP[0]      ; 8.029 ; 8.029 ; Rise       ; OP[0]           ;
; N_Flag    ; OP[0]      ; 5.043 ; 5.043 ; Fall       ; OP[0]           ;
; O_Flag    ; OP[0]      ; 5.378 ; 5.378 ; Fall       ; OP[0]           ;
; SUM[*]    ; OP[0]      ; 6.984 ; 6.984 ; Fall       ; OP[0]           ;
;  SUM[0]   ; OP[0]      ; 6.571 ; 6.571 ; Fall       ; OP[0]           ;
;  SUM[1]   ; OP[0]      ; 6.704 ; 6.704 ; Fall       ; OP[0]           ;
;  SUM[2]   ; OP[0]      ; 6.984 ; 6.984 ; Fall       ; OP[0]           ;
;  SUM[3]   ; OP[0]      ; 6.699 ; 6.699 ; Fall       ; OP[0]           ;
;  SUM[4]   ; OP[0]      ; 6.638 ; 6.638 ; Fall       ; OP[0]           ;
;  SUM[5]   ; OP[0]      ; 6.900 ; 6.900 ; Fall       ; OP[0]           ;
;  SUM[6]   ; OP[0]      ; 5.084 ; 5.084 ; Fall       ; OP[0]           ;
; Z_Flag    ; OP[0]      ; 8.029 ; 8.029 ; Fall       ; OP[0]           ;
+-----------+------------+-------+-------+------------+-----------------+


+-----------------------------------------------------------------------+
; Minimum Clock to Output Times                                         ;
+-----------+------------+-------+-------+------------+-----------------+
; Data Port ; Clock Port ; Rise  ; Fall  ; Clock Edge ; Clock Reference ;
+-----------+------------+-------+-------+------------+-----------------+
; N_Flag    ; OP[0]      ; 4.132 ; 4.132 ; Rise       ; OP[0]           ;
; O_Flag    ; OP[0]      ; 5.208 ; 5.208 ; Rise       ; OP[0]           ;
; SUM[*]    ; OP[0]      ; 4.173 ; 4.173 ; Rise       ; OP[0]           ;
;  SUM[0]   ; OP[0]      ; 4.715 ; 4.715 ; Rise       ; OP[0]           ;
;  SUM[1]   ; OP[0]      ; 4.861 ; 4.861 ; Rise       ; OP[0]           ;
;  SUM[2]   ; OP[0]      ; 5.179 ; 5.179 ; Rise       ; OP[0]           ;
;  SUM[3]   ; OP[0]      ; 4.857 ; 4.857 ; Rise       ; OP[0]           ;
;  SUM[4]   ; OP[0]      ; 4.909 ; 4.909 ; Rise       ; OP[0]           ;
;  SUM[5]   ; OP[0]      ; 5.130 ; 5.130 ; Rise       ; OP[0]           ;
;  SUM[6]   ; OP[0]      ; 4.173 ; 4.173 ; Rise       ; OP[0]           ;
; Z_Flag    ; OP[0]      ; 4.886 ; 4.886 ; Rise       ; OP[0]           ;
; N_Flag    ; OP[0]      ; 4.132 ; 4.132 ; Fall       ; OP[0]           ;
; O_Flag    ; OP[0]      ; 5.378 ; 5.378 ; Fall       ; OP[0]           ;
; SUM[*]    ; OP[0]      ; 4.173 ; 4.173 ; Fall       ; OP[0]           ;
;  SUM[0]   ; OP[0]      ; 4.715 ; 4.715 ; Fall       ; OP[0]           ;
;  SUM[1]   ; OP[0]      ; 4.861 ; 4.861 ; Fall       ; OP[0]           ;
;  SUM[2]   ; OP[0]      ; 5.179 ; 5.179 ; Fall       ; OP[0]           ;
;  SUM[3]   ; OP[0]      ; 4.857 ; 4.857 ; Fall       ; OP[0]           ;
;  SUM[4]   ; OP[0]      ; 4.909 ; 4.909 ; Fall       ; OP[0]           ;
;  SUM[5]   ; OP[0]      ; 5.130 ; 5.130 ; Fall       ; OP[0]           ;
;  SUM[6]   ; OP[0]      ; 4.173 ; 4.173 ; Fall       ; OP[0]           ;
; Z_Flag    ; OP[0]      ; 4.886 ; 4.886 ; Fall       ; OP[0]           ;
+-----------+------------+-------+-------+------------+-----------------+


+----------------------------------------------------------+
; Propagation Delay                                        ;
+------------+-------------+-------+-------+-------+-------+
; Input Port ; Output Port ; RR    ; RF    ; FR    ; FF    ;
+------------+-------------+-------+-------+-------+-------+
; A[0]       ; N_Flag      ; 5.898 ; 5.898 ; 5.898 ; 5.898 ;
; A[0]       ; SUM[0]      ; 5.922 ; 5.922 ; 5.922 ; 5.922 ;
; A[0]       ; SUM[1]      ; 5.960 ; 5.960 ; 5.960 ; 5.960 ;
; A[0]       ; SUM[2]      ; 6.427 ; 6.427 ; 6.427 ; 6.427 ;
; A[0]       ; SUM[3]      ; 6.081 ; 6.081 ; 6.081 ; 6.081 ;
; A[0]       ; SUM[4]      ; 6.422 ; 6.422 ; 6.422 ; 6.422 ;
; A[0]       ; SUM[5]      ; 6.720 ; 6.720 ; 6.720 ; 6.720 ;
; A[0]       ; SUM[6]      ; 5.939 ; 5.939 ; 5.939 ; 5.939 ;
; A[0]       ; Z_Flag      ; 7.625 ; 7.625 ; 7.625 ; 7.625 ;
; A[1]       ; N_Flag      ; 5.914 ; 5.914 ; 5.914 ; 5.914 ;
; A[1]       ; SUM[1]      ; 5.871 ; 5.871 ; 5.871 ; 5.871 ;
; A[1]       ; SUM[2]      ; 6.443 ; 6.443 ; 6.443 ; 6.443 ;
; A[1]       ; SUM[3]      ; 6.097 ; 6.097 ; 6.097 ; 6.097 ;
; A[1]       ; SUM[4]      ; 6.438 ; 6.438 ; 6.438 ; 6.438 ;
; A[1]       ; SUM[5]      ; 6.736 ; 6.736 ; 6.736 ; 6.736 ;
; A[1]       ; SUM[6]      ; 5.955 ; 5.955 ; 5.955 ; 5.955 ;
; A[1]       ; Z_Flag      ; 7.641 ; 7.641 ; 7.641 ; 7.641 ;
; A[2]       ; N_Flag      ; 5.868 ; 5.868 ; 5.868 ; 5.868 ;
; A[2]       ; SUM[2]      ; 6.298 ; 6.298 ; 6.298 ; 6.298 ;
; A[2]       ; SUM[3]      ; 6.051 ; 6.051 ; 6.051 ; 6.051 ;
; A[2]       ; SUM[4]      ; 6.392 ; 6.392 ; 6.392 ; 6.392 ;
; A[2]       ; SUM[5]      ; 6.690 ; 6.690 ; 6.690 ; 6.690 ;
; A[2]       ; SUM[6]      ; 5.909 ; 5.909 ; 5.909 ; 5.909 ;
; A[2]       ; Z_Flag      ; 7.595 ; 7.595 ; 7.595 ; 7.595 ;
; A[3]       ; N_Flag      ; 5.305 ; 5.305 ; 5.305 ; 5.305 ;
; A[3]       ; SUM[3]      ; 5.385 ; 5.385 ; 5.385 ; 5.385 ;
; A[3]       ; SUM[4]      ; 5.829 ; 5.829 ; 5.829 ; 5.829 ;
; A[3]       ; SUM[5]      ; 6.127 ; 6.127 ; 6.127 ; 6.127 ;
; A[3]       ; SUM[6]      ; 5.346 ; 5.346 ; 5.346 ; 5.346 ;
; A[3]       ; Z_Flag      ; 7.032 ; 7.032 ; 7.032 ; 7.032 ;
; A[4]       ; N_Flag      ; 5.467 ; 5.467 ; 5.467 ; 5.467 ;
; A[4]       ; SUM[4]      ; 5.886 ; 5.886 ; 5.886 ; 5.886 ;
; A[4]       ; SUM[5]      ; 6.289 ; 6.289 ; 6.289 ; 6.289 ;
; A[4]       ; SUM[6]      ; 5.508 ; 5.508 ; 5.508 ; 5.508 ;
; A[4]       ; Z_Flag      ; 7.089 ; 7.089 ; 7.089 ; 7.089 ;
; A[5]       ; N_Flag      ; 5.322 ; 5.322 ; 5.322 ; 5.322 ;
; A[5]       ; SUM[5]      ; 6.039 ; 6.039 ; 6.039 ; 6.039 ;
; A[5]       ; SUM[6]      ; 5.363 ; 5.363 ; 5.363 ; 5.363 ;
; A[5]       ; Z_Flag      ; 6.729 ; 6.729 ; 6.729 ; 6.729 ;
; A[6]       ; N_Flag      ; 5.144 ; 5.144 ; 5.144 ; 5.144 ;
; A[6]       ; SUM[6]      ; 5.185 ; 5.185 ; 5.185 ; 5.185 ;
; A[6]       ; Z_Flag      ; 5.898 ; 5.898 ; 5.898 ; 5.898 ;
; B[0]       ; N_Flag      ; 6.023 ; 6.023 ; 6.023 ; 6.023 ;
; B[0]       ; SUM[0]      ; 6.049 ; 6.049 ; 6.049 ; 6.049 ;
; B[0]       ; SUM[1]      ; 6.085 ; 6.085 ; 6.085 ; 6.085 ;
; B[0]       ; SUM[2]      ; 6.552 ; 6.552 ; 6.552 ; 6.552 ;
; B[0]       ; SUM[3]      ; 6.206 ; 6.206 ; 6.206 ; 6.206 ;
; B[0]       ; SUM[4]      ; 6.547 ; 6.547 ; 6.547 ; 6.547 ;
; B[0]       ; SUM[5]      ; 6.845 ; 6.845 ; 6.845 ; 6.845 ;
; B[0]       ; SUM[6]      ; 6.064 ; 6.064 ; 6.064 ; 6.064 ;
; B[0]       ; Z_Flag      ; 7.750 ; 7.750 ; 7.750 ; 7.750 ;
; B[1]       ; N_Flag      ; 5.958 ; 5.958 ; 5.958 ; 5.958 ;
; B[1]       ; SUM[1]      ; 5.917 ; 5.917 ; 5.917 ; 5.917 ;
; B[1]       ; SUM[2]      ; 6.487 ; 6.487 ; 6.487 ; 6.487 ;
; B[1]       ; SUM[3]      ; 6.141 ; 6.141 ; 6.141 ; 6.141 ;
; B[1]       ; SUM[4]      ; 6.482 ; 6.482 ; 6.482 ; 6.482 ;
; B[1]       ; SUM[5]      ; 6.780 ; 6.780 ; 6.780 ; 6.780 ;
; B[1]       ; SUM[6]      ; 5.999 ; 5.999 ; 5.999 ; 5.999 ;
; B[1]       ; Z_Flag      ; 7.685 ; 7.685 ; 7.685 ; 7.685 ;
; B[2]       ; N_Flag      ; 5.971 ; 5.971 ; 5.971 ; 5.971 ;
; B[2]       ; SUM[2]      ; 6.400 ; 6.400 ; 6.400 ; 6.400 ;
; B[2]       ; SUM[3]      ; 6.154 ; 6.154 ; 6.154 ; 6.154 ;
; B[2]       ; SUM[4]      ; 6.495 ; 6.495 ; 6.495 ; 6.495 ;
; B[2]       ; SUM[5]      ; 6.793 ; 6.793 ; 6.793 ; 6.793 ;
; B[2]       ; SUM[6]      ; 6.012 ; 6.012 ; 6.012 ; 6.012 ;
; B[2]       ; Z_Flag      ; 7.698 ; 7.698 ; 7.698 ; 7.698 ;
; B[3]       ; N_Flag      ; 5.304 ; 5.304 ; 5.304 ; 5.304 ;
; B[3]       ; SUM[3]      ; 5.382 ; 5.382 ; 5.382 ; 5.382 ;
; B[3]       ; SUM[4]      ; 5.828 ; 5.828 ; 5.828 ; 5.828 ;
; B[3]       ; SUM[5]      ; 6.126 ; 6.126 ; 6.126 ; 6.126 ;
; B[3]       ; SUM[6]      ; 5.345 ; 5.345 ; 5.345 ; 5.345 ;
; B[3]       ; Z_Flag      ; 7.031 ; 7.031 ; 7.031 ; 7.031 ;
; B[4]       ; N_Flag      ; 5.141 ; 5.141 ; 5.141 ; 5.141 ;
; B[4]       ; SUM[4]      ; 5.562 ; 5.562 ; 5.562 ; 5.562 ;
; B[4]       ; SUM[5]      ; 5.963 ; 5.963 ; 5.963 ; 5.963 ;
; B[4]       ; SUM[6]      ; 5.182 ; 5.182 ; 5.182 ; 5.182 ;
; B[4]       ; Z_Flag      ; 6.765 ; 6.765 ; 6.765 ; 6.765 ;
; B[5]       ; N_Flag      ; 5.064 ; 5.064 ; 5.064 ; 5.064 ;
; B[5]       ; SUM[5]      ; 5.783 ; 5.783 ; 5.783 ; 5.783 ;
; B[5]       ; SUM[6]      ; 5.105 ; 5.105 ; 5.105 ; 5.105 ;
; B[5]       ; Z_Flag      ; 6.473 ; 6.473 ; 6.473 ; 6.473 ;
; B[6]       ; N_Flag      ; 7.106 ; 7.106 ; 7.106 ; 7.106 ;
; B[6]       ; SUM[6]      ; 7.147 ; 7.147 ; 7.147 ; 7.147 ;
; B[6]       ; Z_Flag      ; 7.860 ; 7.860 ; 7.860 ; 7.860 ;
; OP[1]      ; N_Flag      ; 6.983 ; 6.983 ; 6.983 ; 6.983 ;
; OP[1]      ; SUM[0]      ; 7.184 ; 7.184 ; 7.184 ; 7.184 ;
; OP[1]      ; SUM[1]      ; 7.402 ; 7.402 ; 7.402 ; 7.402 ;
; OP[1]      ; SUM[2]      ; 7.631 ; 7.631 ; 7.631 ; 7.631 ;
; OP[1]      ; SUM[3]      ; 7.316 ; 7.316 ; 7.316 ; 7.316 ;
; OP[1]      ; SUM[4]      ; 7.368 ; 7.368 ; 7.368 ; 7.368 ;
; OP[1]      ; SUM[5]      ; 7.736 ; 7.736 ; 7.736 ; 7.736 ;
; OP[1]      ; SUM[6]      ; 7.024 ; 7.024 ; 7.024 ; 7.024 ;
; OP[1]      ; Z_Flag      ; 8.676 ; 8.676 ; 8.676 ; 8.676 ;
; OP[2]      ; N_Flag      ; 7.098 ; 7.098 ; 7.098 ; 7.098 ;
; OP[2]      ; SUM[0]      ; 7.299 ; 7.299 ; 7.299 ; 7.299 ;
; OP[2]      ; SUM[1]      ; 7.520 ; 7.520 ; 7.520 ; 7.520 ;
; OP[2]      ; SUM[2]      ; 7.749 ; 7.749 ; 7.749 ; 7.749 ;
; OP[2]      ; SUM[3]      ; 7.434 ; 7.434 ; 7.434 ; 7.434 ;
; OP[2]      ; SUM[4]      ; 7.483 ; 7.483 ; 7.483 ; 7.483 ;
; OP[2]      ; SUM[5]      ; 7.854 ; 7.854 ; 7.854 ; 7.854 ;
; OP[2]      ; SUM[6]      ; 7.139 ; 7.139 ; 7.139 ; 7.139 ;
; OP[2]      ; Z_Flag      ; 8.794 ; 8.794 ; 8.794 ; 8.794 ;
+------------+-------------+-------+-------+-------+-------+


+----------------------------------------------------------+
; Minimum Propagation Delay                                ;
+------------+-------------+-------+-------+-------+-------+
; Input Port ; Output Port ; RR    ; RF    ; FR    ; FF    ;
+------------+-------------+-------+-------+-------+-------+
; A[0]       ; N_Flag      ; 5.898 ; 5.898 ; 5.898 ; 5.898 ;
; A[0]       ; SUM[0]      ; 5.151 ; 5.151 ; 5.151 ; 5.151 ;
; A[0]       ; SUM[1]      ; 5.960 ; 5.960 ; 5.960 ; 5.960 ;
; A[0]       ; SUM[2]      ; 6.427 ; 6.427 ; 6.427 ; 6.427 ;
; A[0]       ; SUM[3]      ; 6.081 ; 6.081 ; 6.081 ; 6.081 ;
; A[0]       ; SUM[4]      ; 6.422 ; 6.422 ; 6.422 ; 6.422 ;
; A[0]       ; SUM[5]      ; 6.720 ; 6.720 ; 6.720 ; 6.720 ;
; A[0]       ; SUM[6]      ; 5.939 ; 5.939 ; 5.939 ; 5.939 ;
; A[0]       ; Z_Flag      ; 6.490 ; 6.490 ; 6.490 ; 6.490 ;
; A[1]       ; N_Flag      ; 5.914 ; 5.914 ; 5.914 ; 5.914 ;
; A[1]       ; SUM[1]      ; 5.454 ; 5.454 ; 5.454 ; 5.454 ;
; A[1]       ; SUM[2]      ; 6.443 ; 6.443 ; 6.443 ; 6.443 ;
; A[1]       ; SUM[3]      ; 6.097 ; 6.097 ; 6.097 ; 6.097 ;
; A[1]       ; SUM[4]      ; 6.438 ; 6.438 ; 6.438 ; 6.438 ;
; A[1]       ; SUM[5]      ; 6.736 ; 6.736 ; 6.736 ; 6.736 ;
; A[1]       ; SUM[6]      ; 5.955 ; 5.955 ; 5.955 ; 5.955 ;
; A[1]       ; Z_Flag      ; 6.302 ; 6.302 ; 6.302 ; 6.302 ;
; A[2]       ; N_Flag      ; 5.868 ; 5.868 ; 5.868 ; 5.868 ;
; A[2]       ; SUM[2]      ; 5.611 ; 5.611 ; 5.611 ; 5.611 ;
; A[2]       ; SUM[3]      ; 6.051 ; 6.051 ; 6.051 ; 6.051 ;
; A[2]       ; SUM[4]      ; 6.392 ; 6.392 ; 6.392 ; 6.392 ;
; A[2]       ; SUM[5]      ; 6.690 ; 6.690 ; 6.690 ; 6.690 ;
; A[2]       ; SUM[6]      ; 5.909 ; 5.909 ; 5.909 ; 5.909 ;
; A[2]       ; Z_Flag      ; 6.622 ; 6.622 ; 6.622 ; 6.622 ;
; A[3]       ; N_Flag      ; 5.305 ; 5.305 ; 5.305 ; 5.305 ;
; A[3]       ; SUM[3]      ; 5.011 ; 5.011 ; 5.011 ; 5.011 ;
; A[3]       ; SUM[4]      ; 5.829 ; 5.829 ; 5.829 ; 5.829 ;
; A[3]       ; SUM[5]      ; 6.127 ; 6.127 ; 6.127 ; 6.127 ;
; A[3]       ; SUM[6]      ; 5.346 ; 5.346 ; 5.346 ; 5.346 ;
; A[3]       ; Z_Flag      ; 6.021 ; 6.021 ; 6.021 ; 6.021 ;
; A[4]       ; N_Flag      ; 5.467 ; 5.467 ; 5.467 ; 5.467 ;
; A[4]       ; SUM[4]      ; 5.176 ; 5.176 ; 5.176 ; 5.176 ;
; A[4]       ; SUM[5]      ; 6.289 ; 6.289 ; 6.289 ; 6.289 ;
; A[4]       ; SUM[6]      ; 5.508 ; 5.508 ; 5.508 ; 5.508 ;
; A[4]       ; Z_Flag      ; 6.221 ; 6.221 ; 6.221 ; 6.221 ;
; A[5]       ; N_Flag      ; 5.322 ; 5.322 ; 5.322 ; 5.322 ;
; A[5]       ; SUM[5]      ; 5.101 ; 5.356 ; 5.356 ; 5.101 ;
; A[5]       ; SUM[6]      ; 5.363 ; 5.363 ; 5.363 ; 5.363 ;
; A[5]       ; Z_Flag      ; 6.046 ; 5.791 ; 5.791 ; 6.046 ;
; A[6]       ; N_Flag      ; 4.740 ; 4.811 ; 4.811 ; 4.740 ;
; A[6]       ; SUM[6]      ; 4.781 ; 4.852 ; 4.852 ; 4.781 ;
; A[6]       ; Z_Flag      ; 5.565 ; 5.494 ; 5.494 ; 5.565 ;
; B[0]       ; N_Flag      ; 6.023 ; 6.023 ; 6.023 ; 6.023 ;
; B[0]       ; SUM[0]      ; 4.951 ; 4.951 ; 4.951 ; 4.951 ;
; B[0]       ; SUM[1]      ; 6.085 ; 6.085 ; 6.085 ; 6.085 ;
; B[0]       ; SUM[2]      ; 6.552 ; 6.552 ; 6.552 ; 6.552 ;
; B[0]       ; SUM[3]      ; 6.206 ; 6.206 ; 6.206 ; 6.206 ;
; B[0]       ; SUM[4]      ; 6.547 ; 6.547 ; 6.547 ; 6.547 ;
; B[0]       ; SUM[5]      ; 6.845 ; 6.845 ; 6.845 ; 6.845 ;
; B[0]       ; SUM[6]      ; 6.064 ; 6.064 ; 6.064 ; 6.064 ;
; B[0]       ; Z_Flag      ; 6.290 ; 6.290 ; 6.290 ; 6.290 ;
; B[1]       ; N_Flag      ; 5.958 ; 5.958 ; 5.958 ; 5.958 ;
; B[1]       ; SUM[1]      ; 5.155 ; 5.155 ; 5.155 ; 5.155 ;
; B[1]       ; SUM[2]      ; 6.487 ; 6.487 ; 6.487 ; 6.487 ;
; B[1]       ; SUM[3]      ; 6.141 ; 6.141 ; 6.141 ; 6.141 ;
; B[1]       ; SUM[4]      ; 6.482 ; 6.482 ; 6.482 ; 6.482 ;
; B[1]       ; SUM[5]      ; 6.780 ; 6.780 ; 6.780 ; 6.780 ;
; B[1]       ; SUM[6]      ; 5.999 ; 5.999 ; 5.999 ; 5.999 ;
; B[1]       ; Z_Flag      ; 6.003 ; 6.003 ; 6.003 ; 6.003 ;
; B[2]       ; N_Flag      ; 5.971 ; 5.971 ; 5.971 ; 5.971 ;
; B[2]       ; SUM[2]      ; 5.483 ; 5.483 ; 5.483 ; 5.483 ;
; B[2]       ; SUM[3]      ; 6.154 ; 6.154 ; 6.154 ; 6.154 ;
; B[2]       ; SUM[4]      ; 6.495 ; 6.495 ; 6.495 ; 6.495 ;
; B[2]       ; SUM[5]      ; 6.793 ; 6.793 ; 6.793 ; 6.793 ;
; B[2]       ; SUM[6]      ; 6.012 ; 6.012 ; 6.012 ; 6.012 ;
; B[2]       ; Z_Flag      ; 6.528 ; 6.528 ; 6.528 ; 6.528 ;
; B[3]       ; N_Flag      ; 5.304 ; 5.304 ; 5.304 ; 5.304 ;
; B[3]       ; SUM[3]      ; 4.581 ; 4.581 ; 4.581 ; 4.581 ;
; B[3]       ; SUM[4]      ; 5.828 ; 5.828 ; 5.828 ; 5.828 ;
; B[3]       ; SUM[5]      ; 6.126 ; 6.126 ; 6.126 ; 6.126 ;
; B[3]       ; SUM[6]      ; 5.345 ; 5.345 ; 5.345 ; 5.345 ;
; B[3]       ; Z_Flag      ; 5.591 ; 5.591 ; 5.591 ; 5.591 ;
; B[4]       ; N_Flag      ; 5.141 ; 5.141 ; 5.141 ; 5.141 ;
; B[4]       ; SUM[4]      ; 4.624 ; 4.667 ; 4.667 ; 4.624 ;
; B[4]       ; SUM[5]      ; 5.963 ; 5.963 ; 5.963 ; 5.963 ;
; B[4]       ; SUM[6]      ; 5.182 ; 5.182 ; 5.182 ; 5.182 ;
; B[4]       ; Z_Flag      ; 5.870 ; 5.827 ; 5.827 ; 5.870 ;
; B[5]       ; N_Flag      ; 5.064 ; 5.064 ; 5.064 ; 5.064 ;
; B[5]       ; SUM[5]      ; 4.740 ; 4.856 ; 4.856 ; 4.740 ;
; B[5]       ; SUM[6]      ; 5.105 ; 5.105 ; 5.105 ; 5.105 ;
; B[5]       ; Z_Flag      ; 5.546 ; 5.430 ; 5.430 ; 5.546 ;
; B[6]       ; N_Flag      ; 6.570 ; 6.570 ; 6.570 ; 6.570 ;
; B[6]       ; SUM[6]      ; 6.611 ; 6.611 ; 6.611 ; 6.611 ;
; B[6]       ; Z_Flag      ; 7.324 ; 7.324 ; 7.324 ; 7.324 ;
; OP[1]      ; N_Flag      ; 6.385 ; 6.385 ; 6.385 ; 6.385 ;
; OP[1]      ; SUM[0]      ; 6.370 ; 6.370 ; 6.370 ; 6.370 ;
; OP[1]      ; SUM[1]      ; 6.607 ; 6.607 ; 6.607 ; 6.607 ;
; OP[1]      ; SUM[2]      ; 6.822 ; 6.822 ; 6.822 ; 6.822 ;
; OP[1]      ; SUM[3]      ; 6.603 ; 6.603 ; 6.603 ; 6.603 ;
; OP[1]      ; SUM[4]      ; 6.636 ; 6.636 ; 6.636 ; 6.636 ;
; OP[1]      ; SUM[5]      ; 6.692 ; 6.692 ; 6.692 ; 6.692 ;
; OP[1]      ; SUM[6]      ; 6.426 ; 6.426 ; 6.426 ; 6.426 ;
; OP[1]      ; Z_Flag      ; 7.139 ; 7.139 ; 7.139 ; 7.139 ;
; OP[2]      ; N_Flag      ; 6.369 ; 6.369 ; 6.369 ; 6.369 ;
; OP[2]      ; SUM[0]      ; 6.443 ; 6.443 ; 6.443 ; 6.443 ;
; OP[2]      ; SUM[1]      ; 6.592 ; 6.592 ; 6.592 ; 6.592 ;
; OP[2]      ; SUM[2]      ; 6.686 ; 6.686 ; 6.686 ; 6.686 ;
; OP[2]      ; SUM[3]      ; 6.586 ; 6.586 ; 6.586 ; 6.586 ;
; OP[2]      ; SUM[4]      ; 6.633 ; 6.633 ; 6.633 ; 6.633 ;
; OP[2]      ; SUM[5]      ; 6.769 ; 6.769 ; 6.769 ; 6.769 ;
; OP[2]      ; SUM[6]      ; 6.410 ; 6.410 ; 6.410 ; 6.410 ;
; OP[2]      ; Z_Flag      ; 7.123 ; 7.123 ; 7.123 ; 7.123 ;
+------------+-------------+-------+-------+-------+-------+


+------------------------------------------------------------------------------+
; Multicorner Timing Analysis Summary                                          ;
+------------------+--------+-------+----------+---------+---------------------+
; Clock            ; Setup  ; Hold  ; Recovery ; Removal ; Minimum Pulse Width ;
+------------------+--------+-------+----------+---------+---------------------+
; Worst-case Slack ; -3.482 ; 0.366 ; N/A      ; N/A     ; -1.222              ;
;  OP[0]           ; -3.482 ; 0.366 ; N/A      ; N/A     ; -1.222              ;
; Design-wide TNS  ; -6.904 ; 0.0   ; 0.0      ; 0.0     ; -1.222              ;
;  OP[0]           ; -6.904 ; 0.000 ; N/A      ; N/A     ; -1.222              ;
+------------------+--------+-------+----------+---------+---------------------+


+-----------------------------------------------------------------------+
; Setup Times                                                           ;
+-----------+------------+-------+-------+------------+-----------------+
; Data Port ; Clock Port ; Rise  ; Fall  ; Clock Edge ; Clock Reference ;
+-----------+------------+-------+-------+------------+-----------------+
; A[*]      ; OP[0]      ; 5.609 ; 5.609 ; Rise       ; OP[0]           ;
;  A[0]     ; OP[0]      ; 5.572 ; 5.572 ; Rise       ; OP[0]           ;
;  A[1]     ; OP[0]      ; 5.609 ; 5.609 ; Rise       ; OP[0]           ;
;  A[2]     ; OP[0]      ; 5.506 ; 5.506 ; Rise       ; OP[0]           ;
;  A[3]     ; OP[0]      ; 4.427 ; 4.427 ; Rise       ; OP[0]           ;
;  A[4]     ; OP[0]      ; 4.739 ; 4.739 ; Rise       ; OP[0]           ;
;  A[5]     ; OP[0]      ; 4.475 ; 4.475 ; Rise       ; OP[0]           ;
;  A[6]     ; OP[0]      ; 3.992 ; 3.992 ; Rise       ; OP[0]           ;
; B[*]      ; OP[0]      ; 7.189 ; 7.189 ; Rise       ; OP[0]           ;
;  B[0]     ; OP[0]      ; 5.864 ; 5.864 ; Rise       ; OP[0]           ;
;  B[1]     ; OP[0]      ; 5.784 ; 5.784 ; Rise       ; OP[0]           ;
;  B[2]     ; OP[0]      ; 5.816 ; 5.816 ; Rise       ; OP[0]           ;
;  B[3]     ; OP[0]      ; 4.673 ; 4.673 ; Rise       ; OP[0]           ;
;  B[4]     ; OP[0]      ; 4.292 ; 4.292 ; Rise       ; OP[0]           ;
;  B[5]     ; OP[0]      ; 4.110 ; 4.110 ; Rise       ; OP[0]           ;
;  B[6]     ; OP[0]      ; 7.189 ; 7.189 ; Rise       ; OP[0]           ;
; OP[*]     ; OP[0]      ; 7.121 ; 7.121 ; Rise       ; OP[0]           ;
;  OP[0]    ; OP[0]      ; 3.982 ; 3.982 ; Rise       ; OP[0]           ;
;  OP[1]    ; OP[0]      ; 6.860 ; 6.860 ; Rise       ; OP[0]           ;
;  OP[2]    ; OP[0]      ; 7.121 ; 7.121 ; Rise       ; OP[0]           ;
; A[*]      ; OP[0]      ; 5.549 ; 5.549 ; Fall       ; OP[0]           ;
;  A[0]     ; OP[0]      ; 5.512 ; 5.512 ; Fall       ; OP[0]           ;
;  A[1]     ; OP[0]      ; 5.549 ; 5.549 ; Fall       ; OP[0]           ;
;  A[2]     ; OP[0]      ; 5.446 ; 5.446 ; Fall       ; OP[0]           ;
;  A[3]     ; OP[0]      ; 4.367 ; 4.367 ; Fall       ; OP[0]           ;
;  A[4]     ; OP[0]      ; 4.679 ; 4.679 ; Fall       ; OP[0]           ;
;  A[5]     ; OP[0]      ; 4.415 ; 4.415 ; Fall       ; OP[0]           ;
;  A[6]     ; OP[0]      ; 3.932 ; 3.932 ; Fall       ; OP[0]           ;
; B[*]      ; OP[0]      ; 7.129 ; 7.129 ; Fall       ; OP[0]           ;
;  B[0]     ; OP[0]      ; 5.804 ; 5.804 ; Fall       ; OP[0]           ;
;  B[1]     ; OP[0]      ; 5.724 ; 5.724 ; Fall       ; OP[0]           ;
;  B[2]     ; OP[0]      ; 5.756 ; 5.756 ; Fall       ; OP[0]           ;
;  B[3]     ; OP[0]      ; 4.613 ; 4.613 ; Fall       ; OP[0]           ;
;  B[4]     ; OP[0]      ; 4.232 ; 4.232 ; Fall       ; OP[0]           ;
;  B[5]     ; OP[0]      ; 4.050 ; 4.050 ; Fall       ; OP[0]           ;
;  B[6]     ; OP[0]      ; 7.129 ; 7.129 ; Fall       ; OP[0]           ;
; OP[*]     ; OP[0]      ; 7.061 ; 7.061 ; Fall       ; OP[0]           ;
;  OP[0]    ; OP[0]      ; 3.922 ; 3.922 ; Fall       ; OP[0]           ;
;  OP[1]    ; OP[0]      ; 6.800 ; 6.800 ; Fall       ; OP[0]           ;
;  OP[2]    ; OP[0]      ; 7.061 ; 7.061 ; Fall       ; OP[0]           ;
+-----------+------------+-------+-------+------------+-----------------+


+-------------------------------------------------------------------------+
; Hold Times                                                              ;
+-----------+------------+--------+--------+------------+-----------------+
; Data Port ; Clock Port ; Rise   ; Fall   ; Clock Edge ; Clock Reference ;
+-----------+------------+--------+--------+------------+-----------------+
; A[*]      ; OP[0]      ; -0.726 ; -0.726 ; Rise       ; OP[0]           ;
;  A[0]     ; OP[0]      ; -2.149 ; -2.149 ; Rise       ; OP[0]           ;
;  A[1]     ; OP[0]      ; -2.165 ; -2.165 ; Rise       ; OP[0]           ;
;  A[2]     ; OP[0]      ; -2.119 ; -2.119 ; Rise       ; OP[0]           ;
;  A[3]     ; OP[0]      ; -1.556 ; -1.556 ; Rise       ; OP[0]           ;
;  A[4]     ; OP[0]      ; -1.718 ; -1.718 ; Rise       ; OP[0]           ;
;  A[5]     ; OP[0]      ; -1.573 ; -1.573 ; Rise       ; OP[0]           ;
;  A[6]     ; OP[0]      ; -0.726 ; -0.726 ; Rise       ; OP[0]           ;
; B[*]      ; OP[0]      ; -1.315 ; -1.315 ; Rise       ; OP[0]           ;
;  B[0]     ; OP[0]      ; -2.274 ; -2.274 ; Rise       ; OP[0]           ;
;  B[1]     ; OP[0]      ; -2.209 ; -2.209 ; Rise       ; OP[0]           ;
;  B[2]     ; OP[0]      ; -2.222 ; -2.222 ; Rise       ; OP[0]           ;
;  B[3]     ; OP[0]      ; -1.555 ; -1.555 ; Rise       ; OP[0]           ;
;  B[4]     ; OP[0]      ; -1.392 ; -1.392 ; Rise       ; OP[0]           ;
;  B[5]     ; OP[0]      ; -1.315 ; -1.315 ; Rise       ; OP[0]           ;
;  B[6]     ; OP[0]      ; -2.489 ; -2.489 ; Rise       ; OP[0]           ;
; OP[*]     ; OP[0]      ; -0.383 ; -0.383 ; Rise       ; OP[0]           ;
;  OP[0]    ; OP[0]      ; -0.383 ; -0.383 ; Rise       ; OP[0]           ;
;  OP[1]    ; OP[0]      ; -2.636 ; -2.636 ; Rise       ; OP[0]           ;
;  OP[2]    ; OP[0]      ; -2.620 ; -2.620 ; Rise       ; OP[0]           ;
; A[*]      ; OP[0]      ; -0.708 ; -0.708 ; Fall       ; OP[0]           ;
;  A[0]     ; OP[0]      ; -2.132 ; -2.132 ; Fall       ; OP[0]           ;
;  A[1]     ; OP[0]      ; -2.148 ; -2.148 ; Fall       ; OP[0]           ;
;  A[2]     ; OP[0]      ; -2.102 ; -2.102 ; Fall       ; OP[0]           ;
;  A[3]     ; OP[0]      ; -1.539 ; -1.539 ; Fall       ; OP[0]           ;
;  A[4]     ; OP[0]      ; -1.701 ; -1.701 ; Fall       ; OP[0]           ;
;  A[5]     ; OP[0]      ; -1.556 ; -1.556 ; Fall       ; OP[0]           ;
;  A[6]     ; OP[0]      ; -0.708 ; -0.708 ; Fall       ; OP[0]           ;
; B[*]      ; OP[0]      ; -1.298 ; -1.298 ; Fall       ; OP[0]           ;
;  B[0]     ; OP[0]      ; -2.257 ; -2.257 ; Fall       ; OP[0]           ;
;  B[1]     ; OP[0]      ; -2.192 ; -2.192 ; Fall       ; OP[0]           ;
;  B[2]     ; OP[0]      ; -2.205 ; -2.205 ; Fall       ; OP[0]           ;
;  B[3]     ; OP[0]      ; -1.538 ; -1.538 ; Fall       ; OP[0]           ;
;  B[4]     ; OP[0]      ; -1.375 ; -1.375 ; Fall       ; OP[0]           ;
;  B[5]     ; OP[0]      ; -1.298 ; -1.298 ; Fall       ; OP[0]           ;
;  B[6]     ; OP[0]      ; -2.475 ; -2.475 ; Fall       ; OP[0]           ;
; OP[*]     ; OP[0]      ; -0.366 ; -0.366 ; Fall       ; OP[0]           ;
;  OP[0]    ; OP[0]      ; -0.366 ; -0.366 ; Fall       ; OP[0]           ;
;  OP[1]    ; OP[0]      ; -2.619 ; -2.619 ; Fall       ; OP[0]           ;
;  OP[2]    ; OP[0]      ; -2.603 ; -2.603 ; Fall       ; OP[0]           ;
+-----------+------------+--------+--------+------------+-----------------+


+-------------------------------------------------------------------------+
; Clock to Output Times                                                   ;
+-----------+------------+--------+--------+------------+-----------------+
; Data Port ; Clock Port ; Rise   ; Fall   ; Clock Edge ; Clock Reference ;
+-----------+------------+--------+--------+------------+-----------------+
; N_Flag    ; OP[0]      ; 10.130 ; 10.130 ; Rise       ; OP[0]           ;
; O_Flag    ; OP[0]      ; 10.267 ; 10.267 ; Rise       ; OP[0]           ;
; SUM[*]    ; OP[0]      ; 12.904 ; 12.904 ; Rise       ; OP[0]           ;
;  SUM[0]   ; OP[0]      ; 11.965 ; 11.965 ; Rise       ; OP[0]           ;
;  SUM[1]   ; OP[0]      ; 12.291 ; 12.291 ; Rise       ; OP[0]           ;
;  SUM[2]   ; OP[0]      ; 12.904 ; 12.904 ; Rise       ; OP[0]           ;
;  SUM[3]   ; OP[0]      ; 12.348 ; 12.348 ; Rise       ; OP[0]           ;
;  SUM[4]   ; OP[0]      ; 12.184 ; 12.184 ; Rise       ; OP[0]           ;
;  SUM[5]   ; OP[0]      ; 12.792 ; 12.792 ; Rise       ; OP[0]           ;
;  SUM[6]   ; OP[0]      ; 10.170 ; 10.170 ; Rise       ; OP[0]           ;
; Z_Flag    ; OP[0]      ; 15.288 ; 15.288 ; Rise       ; OP[0]           ;
; N_Flag    ; OP[0]      ; 10.130 ; 10.130 ; Fall       ; OP[0]           ;
; O_Flag    ; OP[0]      ; 10.677 ; 10.677 ; Fall       ; OP[0]           ;
; SUM[*]    ; OP[0]      ; 12.904 ; 12.904 ; Fall       ; OP[0]           ;
;  SUM[0]   ; OP[0]      ; 11.965 ; 11.965 ; Fall       ; OP[0]           ;
;  SUM[1]   ; OP[0]      ; 12.291 ; 12.291 ; Fall       ; OP[0]           ;
;  SUM[2]   ; OP[0]      ; 12.904 ; 12.904 ; Fall       ; OP[0]           ;
;  SUM[3]   ; OP[0]      ; 12.348 ; 12.348 ; Fall       ; OP[0]           ;
;  SUM[4]   ; OP[0]      ; 12.184 ; 12.184 ; Fall       ; OP[0]           ;
;  SUM[5]   ; OP[0]      ; 12.792 ; 12.792 ; Fall       ; OP[0]           ;
;  SUM[6]   ; OP[0]      ; 10.170 ; 10.170 ; Fall       ; OP[0]           ;
; Z_Flag    ; OP[0]      ; 15.288 ; 15.288 ; Fall       ; OP[0]           ;
+-----------+------------+--------+--------+------------+-----------------+


+-----------------------------------------------------------------------+
; Minimum Clock to Output Times                                         ;
+-----------+------------+-------+-------+------------+-----------------+
; Data Port ; Clock Port ; Rise  ; Fall  ; Clock Edge ; Clock Reference ;
+-----------+------------+-------+-------+------------+-----------------+
; N_Flag    ; OP[0]      ; 4.132 ; 4.132 ; Rise       ; OP[0]           ;
; O_Flag    ; OP[0]      ; 5.208 ; 5.208 ; Rise       ; OP[0]           ;
; SUM[*]    ; OP[0]      ; 4.173 ; 4.173 ; Rise       ; OP[0]           ;
;  SUM[0]   ; OP[0]      ; 4.715 ; 4.715 ; Rise       ; OP[0]           ;
;  SUM[1]   ; OP[0]      ; 4.861 ; 4.861 ; Rise       ; OP[0]           ;
;  SUM[2]   ; OP[0]      ; 5.179 ; 5.179 ; Rise       ; OP[0]           ;
;  SUM[3]   ; OP[0]      ; 4.857 ; 4.857 ; Rise       ; OP[0]           ;
;  SUM[4]   ; OP[0]      ; 4.909 ; 4.909 ; Rise       ; OP[0]           ;
;  SUM[5]   ; OP[0]      ; 5.130 ; 5.130 ; Rise       ; OP[0]           ;
;  SUM[6]   ; OP[0]      ; 4.173 ; 4.173 ; Rise       ; OP[0]           ;
; Z_Flag    ; OP[0]      ; 4.886 ; 4.886 ; Rise       ; OP[0]           ;
; N_Flag    ; OP[0]      ; 4.132 ; 4.132 ; Fall       ; OP[0]           ;
; O_Flag    ; OP[0]      ; 5.378 ; 5.378 ; Fall       ; OP[0]           ;
; SUM[*]    ; OP[0]      ; 4.173 ; 4.173 ; Fall       ; OP[0]           ;
;  SUM[0]   ; OP[0]      ; 4.715 ; 4.715 ; Fall       ; OP[0]           ;
;  SUM[1]   ; OP[0]      ; 4.861 ; 4.861 ; Fall       ; OP[0]           ;
;  SUM[2]   ; OP[0]      ; 5.179 ; 5.179 ; Fall       ; OP[0]           ;
;  SUM[3]   ; OP[0]      ; 4.857 ; 4.857 ; Fall       ; OP[0]           ;
;  SUM[4]   ; OP[0]      ; 4.909 ; 4.909 ; Fall       ; OP[0]           ;
;  SUM[5]   ; OP[0]      ; 5.130 ; 5.130 ; Fall       ; OP[0]           ;
;  SUM[6]   ; OP[0]      ; 4.173 ; 4.173 ; Fall       ; OP[0]           ;
; Z_Flag    ; OP[0]      ; 4.886 ; 4.886 ; Fall       ; OP[0]           ;
+-----------+------------+-------+-------+------------+-----------------+


+--------------------------------------------------------------+
; Progagation Delay                                            ;
+------------+-------------+--------+--------+--------+--------+
; Input Port ; Output Port ; RR     ; RF     ; FR     ; FF     ;
+------------+-------------+--------+--------+--------+--------+
; A[0]       ; N_Flag      ; 11.720 ; 11.720 ; 11.720 ; 11.720 ;
; A[0]       ; SUM[0]      ; 11.732 ; 11.732 ; 11.732 ; 11.732 ;
; A[0]       ; SUM[1]      ; 11.868 ; 11.868 ; 11.868 ; 11.868 ;
; A[0]       ; SUM[2]      ; 12.935 ; 12.935 ; 12.935 ; 12.935 ;
; A[0]       ; SUM[3]      ; 12.148 ; 12.148 ; 12.148 ; 12.148 ;
; A[0]       ; SUM[4]      ; 12.967 ; 12.967 ; 12.967 ; 12.967 ;
; A[0]       ; SUM[5]      ; 13.635 ; 13.635 ; 13.635 ; 13.635 ;
; A[0]       ; SUM[6]      ; 11.760 ; 11.760 ; 11.760 ; 11.760 ;
; A[0]       ; Z_Flag      ; 15.617 ; 15.617 ; 15.617 ; 15.617 ;
; A[1]       ; N_Flag      ; 11.757 ; 11.757 ; 11.757 ; 11.757 ;
; A[1]       ; SUM[1]      ; 11.590 ; 11.590 ; 11.590 ; 11.590 ;
; A[1]       ; SUM[2]      ; 12.972 ; 12.972 ; 12.972 ; 12.972 ;
; A[1]       ; SUM[3]      ; 12.185 ; 12.185 ; 12.185 ; 12.185 ;
; A[1]       ; SUM[4]      ; 13.004 ; 13.004 ; 13.004 ; 13.004 ;
; A[1]       ; SUM[5]      ; 13.672 ; 13.672 ; 13.672 ; 13.672 ;
; A[1]       ; SUM[6]      ; 11.797 ; 11.797 ; 11.797 ; 11.797 ;
; A[1]       ; Z_Flag      ; 15.654 ; 15.654 ; 15.654 ; 15.654 ;
; A[2]       ; N_Flag      ; 11.654 ; 11.654 ; 11.654 ; 11.654 ;
; A[2]       ; SUM[2]      ; 12.549 ; 12.549 ; 12.549 ; 12.549 ;
; A[2]       ; SUM[3]      ; 12.082 ; 12.082 ; 12.082 ; 12.082 ;
; A[2]       ; SUM[4]      ; 12.901 ; 12.901 ; 12.901 ; 12.901 ;
; A[2]       ; SUM[5]      ; 13.569 ; 13.569 ; 13.569 ; 13.569 ;
; A[2]       ; SUM[6]      ; 11.694 ; 11.694 ; 11.694 ; 11.694 ;
; A[2]       ; Z_Flag      ; 15.551 ; 15.551 ; 15.551 ; 15.551 ;
; A[3]       ; N_Flag      ; 10.575 ; 10.575 ; 10.575 ; 10.575 ;
; A[3]       ; SUM[3]      ; 10.691 ; 10.691 ; 10.691 ; 10.691 ;
; A[3]       ; SUM[4]      ; 11.822 ; 11.822 ; 11.822 ; 11.822 ;
; A[3]       ; SUM[5]      ; 12.490 ; 12.490 ; 12.490 ; 12.490 ;
; A[3]       ; SUM[6]      ; 10.615 ; 10.615 ; 10.615 ; 10.615 ;
; A[3]       ; Z_Flag      ; 14.472 ; 14.472 ; 14.472 ; 14.472 ;
; A[4]       ; N_Flag      ; 10.887 ; 10.887 ; 10.887 ; 10.887 ;
; A[4]       ; SUM[4]      ; 11.819 ; 11.819 ; 11.819 ; 11.819 ;
; A[4]       ; SUM[5]      ; 12.802 ; 12.802 ; 12.802 ; 12.802 ;
; A[4]       ; SUM[6]      ; 10.927 ; 10.927 ; 10.927 ; 10.927 ;
; A[4]       ; Z_Flag      ; 14.469 ; 14.469 ; 14.469 ; 14.469 ;
; A[5]       ; N_Flag      ; 10.623 ; 10.623 ; 10.623 ; 10.623 ;
; A[5]       ; SUM[5]      ; 12.223 ; 12.223 ; 12.223 ; 12.223 ;
; A[5]       ; SUM[6]      ; 10.663 ; 10.663 ; 10.663 ; 10.663 ;
; A[5]       ; Z_Flag      ; 13.801 ; 13.801 ; 13.801 ; 13.801 ;
; A[6]       ; N_Flag      ; 10.140 ; 10.140 ; 10.140 ; 10.140 ;
; A[6]       ; SUM[6]      ; 10.180 ; 10.180 ; 10.180 ; 10.180 ;
; A[6]       ; Z_Flag      ; 11.792 ; 11.792 ; 11.792 ; 11.792 ;
; B[0]       ; N_Flag      ; 12.012 ; 12.012 ; 12.012 ; 12.012 ;
; B[0]       ; SUM[0]      ; 12.023 ; 12.023 ; 12.023 ; 12.023 ;
; B[0]       ; SUM[1]      ; 12.160 ; 12.160 ; 12.160 ; 12.160 ;
; B[0]       ; SUM[2]      ; 13.227 ; 13.227 ; 13.227 ; 13.227 ;
; B[0]       ; SUM[3]      ; 12.440 ; 12.440 ; 12.440 ; 12.440 ;
; B[0]       ; SUM[4]      ; 13.259 ; 13.259 ; 13.259 ; 13.259 ;
; B[0]       ; SUM[5]      ; 13.927 ; 13.927 ; 13.927 ; 13.927 ;
; B[0]       ; SUM[6]      ; 12.052 ; 12.052 ; 12.052 ; 12.052 ;
; B[0]       ; Z_Flag      ; 15.909 ; 15.909 ; 15.909 ; 15.909 ;
; B[1]       ; N_Flag      ; 11.932 ; 11.932 ; 11.932 ; 11.932 ;
; B[1]       ; SUM[1]      ; 11.768 ; 11.768 ; 11.768 ; 11.768 ;
; B[1]       ; SUM[2]      ; 13.147 ; 13.147 ; 13.147 ; 13.147 ;
; B[1]       ; SUM[3]      ; 12.360 ; 12.360 ; 12.360 ; 12.360 ;
; B[1]       ; SUM[4]      ; 13.179 ; 13.179 ; 13.179 ; 13.179 ;
; B[1]       ; SUM[5]      ; 13.847 ; 13.847 ; 13.847 ; 13.847 ;
; B[1]       ; SUM[6]      ; 11.972 ; 11.972 ; 11.972 ; 11.972 ;
; B[1]       ; Z_Flag      ; 15.829 ; 15.829 ; 15.829 ; 15.829 ;
; B[2]       ; N_Flag      ; 11.964 ; 11.964 ; 11.964 ; 11.964 ;
; B[2]       ; SUM[2]      ; 12.862 ; 12.862 ; 12.862 ; 12.862 ;
; B[2]       ; SUM[3]      ; 12.392 ; 12.392 ; 12.392 ; 12.392 ;
; B[2]       ; SUM[4]      ; 13.211 ; 13.211 ; 13.211 ; 13.211 ;
; B[2]       ; SUM[5]      ; 13.879 ; 13.879 ; 13.879 ; 13.879 ;
; B[2]       ; SUM[6]      ; 12.004 ; 12.004 ; 12.004 ; 12.004 ;
; B[2]       ; Z_Flag      ; 15.861 ; 15.861 ; 15.861 ; 15.861 ;
; B[3]       ; N_Flag      ; 10.821 ; 10.821 ; 10.821 ; 10.821 ;
; B[3]       ; SUM[3]      ; 10.934 ; 10.934 ; 10.934 ; 10.934 ;
; B[3]       ; SUM[4]      ; 12.068 ; 12.068 ; 12.068 ; 12.068 ;
; B[3]       ; SUM[5]      ; 12.736 ; 12.736 ; 12.736 ; 12.736 ;
; B[3]       ; SUM[6]      ; 10.861 ; 10.861 ; 10.861 ; 10.861 ;
; B[3]       ; Z_Flag      ; 14.718 ; 14.718 ; 14.718 ; 14.718 ;
; B[4]       ; N_Flag      ; 10.440 ; 10.440 ; 10.440 ; 10.440 ;
; B[4]       ; SUM[4]      ; 11.371 ; 11.371 ; 11.371 ; 11.371 ;
; B[4]       ; SUM[5]      ; 12.355 ; 12.355 ; 12.355 ; 12.355 ;
; B[4]       ; SUM[6]      ; 10.480 ; 10.480 ; 10.480 ; 10.480 ;
; B[4]       ; Z_Flag      ; 14.021 ; 14.021 ; 14.021 ; 14.021 ;
; B[5]       ; N_Flag      ; 10.258 ; 10.258 ; 10.258 ; 10.258 ;
; B[5]       ; SUM[5]      ; 11.861 ; 11.861 ; 11.861 ; 11.861 ;
; B[5]       ; SUM[6]      ; 10.298 ; 10.298 ; 10.298 ; 10.298 ;
; B[5]       ; Z_Flag      ; 13.439 ; 13.439 ; 13.439 ; 13.439 ;
; B[6]       ; N_Flag      ; 13.337 ; 13.337 ; 13.337 ; 13.337 ;
; B[6]       ; SUM[6]      ; 13.377 ; 13.377 ; 13.377 ; 13.377 ;
; B[6]       ; Z_Flag      ; 14.989 ; 14.989 ; 14.989 ; 14.989 ;
; OP[1]      ; N_Flag      ; 13.008 ; 13.008 ; 13.008 ; 13.008 ;
; OP[1]      ; SUM[0]      ; 13.371 ; 13.371 ; 13.371 ; 13.371 ;
; OP[1]      ; SUM[1]      ; 13.858 ; 13.858 ; 13.858 ; 13.858 ;
; OP[1]      ; SUM[2]      ; 14.411 ; 14.411 ; 14.411 ; 14.411 ;
; OP[1]      ; SUM[3]      ; 13.740 ; 13.740 ; 13.740 ; 13.740 ;
; OP[1]      ; SUM[4]      ; 13.876 ; 13.876 ; 13.876 ; 13.876 ;
; OP[1]      ; SUM[5]      ; 14.687 ; 14.687 ; 14.687 ; 14.687 ;
; OP[1]      ; SUM[6]      ; 13.048 ; 13.048 ; 13.048 ; 13.048 ;
; OP[1]      ; Z_Flag      ; 16.795 ; 16.795 ; 16.795 ; 16.795 ;
; OP[2]      ; N_Flag      ; 13.269 ; 13.269 ; 13.269 ; 13.269 ;
; OP[2]      ; SUM[0]      ; 13.632 ; 13.632 ; 13.632 ; 13.632 ;
; OP[2]      ; SUM[1]      ; 14.122 ; 14.122 ; 14.122 ; 14.122 ;
; OP[2]      ; SUM[2]      ; 14.675 ; 14.675 ; 14.675 ; 14.675 ;
; OP[2]      ; SUM[3]      ; 14.004 ; 14.004 ; 14.004 ; 14.004 ;
; OP[2]      ; SUM[4]      ; 14.137 ; 14.137 ; 14.137 ; 14.137 ;
; OP[2]      ; SUM[5]      ; 14.951 ; 14.951 ; 14.951 ; 14.951 ;
; OP[2]      ; SUM[6]      ; 13.309 ; 13.309 ; 13.309 ; 13.309 ;
; OP[2]      ; Z_Flag      ; 17.059 ; 17.059 ; 17.059 ; 17.059 ;
+------------+-------------+--------+--------+--------+--------+


+----------------------------------------------------------+
; Minimum Progagation Delay                                ;
+------------+-------------+-------+-------+-------+-------+
; Input Port ; Output Port ; RR    ; RF    ; FR    ; FF    ;
+------------+-------------+-------+-------+-------+-------+
; A[0]       ; N_Flag      ; 5.898 ; 5.898 ; 5.898 ; 5.898 ;
; A[0]       ; SUM[0]      ; 5.151 ; 5.151 ; 5.151 ; 5.151 ;
; A[0]       ; SUM[1]      ; 5.960 ; 5.960 ; 5.960 ; 5.960 ;
; A[0]       ; SUM[2]      ; 6.427 ; 6.427 ; 6.427 ; 6.427 ;
; A[0]       ; SUM[3]      ; 6.081 ; 6.081 ; 6.081 ; 6.081 ;
; A[0]       ; SUM[4]      ; 6.422 ; 6.422 ; 6.422 ; 6.422 ;
; A[0]       ; SUM[5]      ; 6.720 ; 6.720 ; 6.720 ; 6.720 ;
; A[0]       ; SUM[6]      ; 5.939 ; 5.939 ; 5.939 ; 5.939 ;
; A[0]       ; Z_Flag      ; 6.490 ; 6.490 ; 6.490 ; 6.490 ;
; A[1]       ; N_Flag      ; 5.914 ; 5.914 ; 5.914 ; 5.914 ;
; A[1]       ; SUM[1]      ; 5.454 ; 5.454 ; 5.454 ; 5.454 ;
; A[1]       ; SUM[2]      ; 6.443 ; 6.443 ; 6.443 ; 6.443 ;
; A[1]       ; SUM[3]      ; 6.097 ; 6.097 ; 6.097 ; 6.097 ;
; A[1]       ; SUM[4]      ; 6.438 ; 6.438 ; 6.438 ; 6.438 ;
; A[1]       ; SUM[5]      ; 6.736 ; 6.736 ; 6.736 ; 6.736 ;
; A[1]       ; SUM[6]      ; 5.955 ; 5.955 ; 5.955 ; 5.955 ;
; A[1]       ; Z_Flag      ; 6.302 ; 6.302 ; 6.302 ; 6.302 ;
; A[2]       ; N_Flag      ; 5.868 ; 5.868 ; 5.868 ; 5.868 ;
; A[2]       ; SUM[2]      ; 5.611 ; 5.611 ; 5.611 ; 5.611 ;
; A[2]       ; SUM[3]      ; 6.051 ; 6.051 ; 6.051 ; 6.051 ;
; A[2]       ; SUM[4]      ; 6.392 ; 6.392 ; 6.392 ; 6.392 ;
; A[2]       ; SUM[5]      ; 6.690 ; 6.690 ; 6.690 ; 6.690 ;
; A[2]       ; SUM[6]      ; 5.909 ; 5.909 ; 5.909 ; 5.909 ;
; A[2]       ; Z_Flag      ; 6.622 ; 6.622 ; 6.622 ; 6.622 ;
; A[3]       ; N_Flag      ; 5.305 ; 5.305 ; 5.305 ; 5.305 ;
; A[3]       ; SUM[3]      ; 5.011 ; 5.011 ; 5.011 ; 5.011 ;
; A[3]       ; SUM[4]      ; 5.829 ; 5.829 ; 5.829 ; 5.829 ;
; A[3]       ; SUM[5]      ; 6.127 ; 6.127 ; 6.127 ; 6.127 ;
; A[3]       ; SUM[6]      ; 5.346 ; 5.346 ; 5.346 ; 5.346 ;
; A[3]       ; Z_Flag      ; 6.021 ; 6.021 ; 6.021 ; 6.021 ;
; A[4]       ; N_Flag      ; 5.467 ; 5.467 ; 5.467 ; 5.467 ;
; A[4]       ; SUM[4]      ; 5.176 ; 5.176 ; 5.176 ; 5.176 ;
; A[4]       ; SUM[5]      ; 6.289 ; 6.289 ; 6.289 ; 6.289 ;
; A[4]       ; SUM[6]      ; 5.508 ; 5.508 ; 5.508 ; 5.508 ;
; A[4]       ; Z_Flag      ; 6.221 ; 6.221 ; 6.221 ; 6.221 ;
; A[5]       ; N_Flag      ; 5.322 ; 5.322 ; 5.322 ; 5.322 ;
; A[5]       ; SUM[5]      ; 5.101 ; 5.356 ; 5.356 ; 5.101 ;
; A[5]       ; SUM[6]      ; 5.363 ; 5.363 ; 5.363 ; 5.363 ;
; A[5]       ; Z_Flag      ; 6.046 ; 5.791 ; 5.791 ; 6.046 ;
; A[6]       ; N_Flag      ; 4.740 ; 4.811 ; 4.811 ; 4.740 ;
; A[6]       ; SUM[6]      ; 4.781 ; 4.852 ; 4.852 ; 4.781 ;
; A[6]       ; Z_Flag      ; 5.565 ; 5.494 ; 5.494 ; 5.565 ;
; B[0]       ; N_Flag      ; 6.023 ; 6.023 ; 6.023 ; 6.023 ;
; B[0]       ; SUM[0]      ; 4.951 ; 4.951 ; 4.951 ; 4.951 ;
; B[0]       ; SUM[1]      ; 6.085 ; 6.085 ; 6.085 ; 6.085 ;
; B[0]       ; SUM[2]      ; 6.552 ; 6.552 ; 6.552 ; 6.552 ;
; B[0]       ; SUM[3]      ; 6.206 ; 6.206 ; 6.206 ; 6.206 ;
; B[0]       ; SUM[4]      ; 6.547 ; 6.547 ; 6.547 ; 6.547 ;
; B[0]       ; SUM[5]      ; 6.845 ; 6.845 ; 6.845 ; 6.845 ;
; B[0]       ; SUM[6]      ; 6.064 ; 6.064 ; 6.064 ; 6.064 ;
; B[0]       ; Z_Flag      ; 6.290 ; 6.290 ; 6.290 ; 6.290 ;
; B[1]       ; N_Flag      ; 5.958 ; 5.958 ; 5.958 ; 5.958 ;
; B[1]       ; SUM[1]      ; 5.155 ; 5.155 ; 5.155 ; 5.155 ;
; B[1]       ; SUM[2]      ; 6.487 ; 6.487 ; 6.487 ; 6.487 ;
; B[1]       ; SUM[3]      ; 6.141 ; 6.141 ; 6.141 ; 6.141 ;
; B[1]       ; SUM[4]      ; 6.482 ; 6.482 ; 6.482 ; 6.482 ;
; B[1]       ; SUM[5]      ; 6.780 ; 6.780 ; 6.780 ; 6.780 ;
; B[1]       ; SUM[6]      ; 5.999 ; 5.999 ; 5.999 ; 5.999 ;
; B[1]       ; Z_Flag      ; 6.003 ; 6.003 ; 6.003 ; 6.003 ;
; B[2]       ; N_Flag      ; 5.971 ; 5.971 ; 5.971 ; 5.971 ;
; B[2]       ; SUM[2]      ; 5.483 ; 5.483 ; 5.483 ; 5.483 ;
; B[2]       ; SUM[3]      ; 6.154 ; 6.154 ; 6.154 ; 6.154 ;
; B[2]       ; SUM[4]      ; 6.495 ; 6.495 ; 6.495 ; 6.495 ;
; B[2]       ; SUM[5]      ; 6.793 ; 6.793 ; 6.793 ; 6.793 ;
; B[2]       ; SUM[6]      ; 6.012 ; 6.012 ; 6.012 ; 6.012 ;
; B[2]       ; Z_Flag      ; 6.528 ; 6.528 ; 6.528 ; 6.528 ;
; B[3]       ; N_Flag      ; 5.304 ; 5.304 ; 5.304 ; 5.304 ;
; B[3]       ; SUM[3]      ; 4.581 ; 4.581 ; 4.581 ; 4.581 ;
; B[3]       ; SUM[4]      ; 5.828 ; 5.828 ; 5.828 ; 5.828 ;
; B[3]       ; SUM[5]      ; 6.126 ; 6.126 ; 6.126 ; 6.126 ;
; B[3]       ; SUM[6]      ; 5.345 ; 5.345 ; 5.345 ; 5.345 ;
; B[3]       ; Z_Flag      ; 5.591 ; 5.591 ; 5.591 ; 5.591 ;
; B[4]       ; N_Flag      ; 5.141 ; 5.141 ; 5.141 ; 5.141 ;
; B[4]       ; SUM[4]      ; 4.624 ; 4.667 ; 4.667 ; 4.624 ;
; B[4]       ; SUM[5]      ; 5.963 ; 5.963 ; 5.963 ; 5.963 ;
; B[4]       ; SUM[6]      ; 5.182 ; 5.182 ; 5.182 ; 5.182 ;
; B[4]       ; Z_Flag      ; 5.870 ; 5.827 ; 5.827 ; 5.870 ;
; B[5]       ; N_Flag      ; 5.064 ; 5.064 ; 5.064 ; 5.064 ;
; B[5]       ; SUM[5]      ; 4.740 ; 4.856 ; 4.856 ; 4.740 ;
; B[5]       ; SUM[6]      ; 5.105 ; 5.105 ; 5.105 ; 5.105 ;
; B[5]       ; Z_Flag      ; 5.546 ; 5.430 ; 5.430 ; 5.546 ;
; B[6]       ; N_Flag      ; 6.570 ; 6.570 ; 6.570 ; 6.570 ;
; B[6]       ; SUM[6]      ; 6.611 ; 6.611 ; 6.611 ; 6.611 ;
; B[6]       ; Z_Flag      ; 7.324 ; 7.324 ; 7.324 ; 7.324 ;
; OP[1]      ; N_Flag      ; 6.385 ; 6.385 ; 6.385 ; 6.385 ;
; OP[1]      ; SUM[0]      ; 6.370 ; 6.370 ; 6.370 ; 6.370 ;
; OP[1]      ; SUM[1]      ; 6.607 ; 6.607 ; 6.607 ; 6.607 ;
; OP[1]      ; SUM[2]      ; 6.822 ; 6.822 ; 6.822 ; 6.822 ;
; OP[1]      ; SUM[3]      ; 6.603 ; 6.603 ; 6.603 ; 6.603 ;
; OP[1]      ; SUM[4]      ; 6.636 ; 6.636 ; 6.636 ; 6.636 ;
; OP[1]      ; SUM[5]      ; 6.692 ; 6.692 ; 6.692 ; 6.692 ;
; OP[1]      ; SUM[6]      ; 6.426 ; 6.426 ; 6.426 ; 6.426 ;
; OP[1]      ; Z_Flag      ; 7.139 ; 7.139 ; 7.139 ; 7.139 ;
; OP[2]      ; N_Flag      ; 6.369 ; 6.369 ; 6.369 ; 6.369 ;
; OP[2]      ; SUM[0]      ; 6.443 ; 6.443 ; 6.443 ; 6.443 ;
; OP[2]      ; SUM[1]      ; 6.592 ; 6.592 ; 6.592 ; 6.592 ;
; OP[2]      ; SUM[2]      ; 6.686 ; 6.686 ; 6.686 ; 6.686 ;
; OP[2]      ; SUM[3]      ; 6.586 ; 6.586 ; 6.586 ; 6.586 ;
; OP[2]      ; SUM[4]      ; 6.633 ; 6.633 ; 6.633 ; 6.633 ;
; OP[2]      ; SUM[5]      ; 6.769 ; 6.769 ; 6.769 ; 6.769 ;
; OP[2]      ; SUM[6]      ; 6.410 ; 6.410 ; 6.410 ; 6.410 ;
; OP[2]      ; Z_Flag      ; 7.123 ; 7.123 ; 7.123 ; 7.123 ;
+------------+-------------+-------+-------+-------+-------+


+-------------------------------------------------------------------+
; Setup Transfers                                                   ;
+------------+----------+----------+----------+----------+----------+
; From Clock ; To Clock ; RR Paths ; FR Paths ; RF Paths ; FF Paths ;
+------------+----------+----------+----------+----------+----------+
; OP[0]      ; OP[0]    ; 11       ; 11       ; 11       ; 11       ;
+------------+----------+----------+----------+----------+----------+
Entries labeled "false path" only account for clock-to-clock false paths and not path-based false paths. As a result, actual path counts may be lower than reported.


+-------------------------------------------------------------------+
; Hold Transfers                                                    ;
+------------+----------+----------+----------+----------+----------+
; From Clock ; To Clock ; RR Paths ; FR Paths ; RF Paths ; FF Paths ;
+------------+----------+----------+----------+----------+----------+
; OP[0]      ; OP[0]    ; 11       ; 11       ; 11       ; 11       ;
+------------+----------+----------+----------+----------+----------+
Entries labeled "false path" only account for clock-to-clock false paths and not path-based false paths. As a result, actual path counts may be lower than reported.


---------------
; Report TCCS ;
---------------
No dedicated SERDES Transmitter circuitry present in device or used in design


---------------
; Report RSKM ;
---------------
No dedicated SERDES Receiver circuitry present in device or used in design


+------------------------------------------------+
; Unconstrained Paths                            ;
+---------------------------------+-------+------+
; Property                        ; Setup ; Hold ;
+---------------------------------+-------+------+
; Illegal Clocks                  ; 0     ; 0    ;
; Unconstrained Clocks            ; 0     ; 0    ;
; Unconstrained Input Ports       ; 17    ; 17   ;
; Unconstrained Input Port Paths  ; 143   ; 143  ;
; Unconstrained Output Ports      ; 10    ; 10   ;
; Unconstrained Output Port Paths ; 113   ; 113  ;
+---------------------------------+-------+------+


+------------------------------------+
; TimeQuest Timing Analyzer Messages ;
+------------------------------------+
Info: *******************************************************************
Info: Running Quartus II 64-Bit TimeQuest Timing Analyzer
    Info: Version 13.0.1 Build 232 06/12/2013 Service Pack 1 SJ Web Edition
    Info: Processing started: Mon Sep 27 08:52:34 2021
Info: Command: quartus_sta Lab1 -c Lab1
Info: qsta_default_script.tcl version: #1
Warning (20028): Parallel compilation is not licensed and has been disabled
Info (21077): Low junction temperature is 0 degrees C
Info (21077): High junction temperature is 85 degrees C
Warning (335093): TimeQuest Timing Analyzer is analyzing 2 combinational loops as latches.
Critical Warning (332012): Synopsys Design Constraints File file not found: 'Lab1.sdc'. A Synopsys Design Constraints File is required by the TimeQuest Timing Analyzer to get proper timing constraints. Without it, the Compiler will not properly optimize the design.
Info (332142): No user constrained base clocks found in the design. Calling "derive_clocks -period 1.0"
Info (332105): Deriving Clocks
    Info (332105): create_clock -period 1.000 -name OP[0] OP[0]
Info: Found TIMEQUEST_REPORT_SCRIPT_INCLUDE_DEFAULT_ANALYSIS = ON
Info: Analyzing Slow Model
Critical Warning (332148): Timing requirements not met
Info (332146): Worst-case setup slack is -3.482
    Info (332119):     Slack End Point TNS Clock 
    Info (332119): ========= ============= =====================
    Info (332119):    -3.482        -6.904 OP[0] 
Info (332146): Worst-case hold slack is 0.906
    Info (332119):     Slack End Point TNS Clock 
    Info (332119): ========= ============= =====================
    Info (332119):     0.906         0.000 OP[0] 
Info (332140): No Recovery paths to report
Info (332140): No Removal paths to report
Info (332146): Worst-case minimum pulse width slack is -1.222
    Info (332119):     Slack End Point TNS Clock 
    Info (332119): ========= ============= =====================
    Info (332119):    -1.222        -1.222 OP[0] 
Info (332001): The selected device family is not supported by the report_metastability command.
Info: Analyzing Fast Model
Critical Warning (332148): Timing requirements not met
Info (332146): Worst-case setup slack is -1.194
    Info (332119):     Slack End Point TNS Clock 
    Info (332119): ========= ============= =====================
    Info (332119):    -1.194        -2.369 OP[0] 
Info (332146): Worst-case hold slack is 0.366
    Info (332119):     Slack End Point TNS Clock 
    Info (332119): ========= ============= =====================
    Info (332119):     0.366         0.000 OP[0] 
Info (332140): No Recovery paths to report
Info (332140): No Removal paths to report
Info (332146): Worst-case minimum pulse width slack is -1.222
    Info (332119):     Slack End Point TNS Clock 
    Info (332119): ========= ============= =====================
    Info (332119):    -1.222        -1.222 OP[0] 
Info (332001): The selected device family is not supported by the report_metastability command.
Info (332102): Design is not fully constrained for setup requirements
Info (332102): Design is not fully constrained for hold requirements
Info: Quartus II 64-Bit TimeQuest Timing Analyzer was successful. 0 errors, 5 warnings
    Info: Peak virtual memory: 491 megabytes
    Info: Processing ended: Mon Sep 27 08:52:34 2021
    Info: Elapsed time: 00:00:00
    Info: Total CPU time (on all processors): 00:00:01


