------------------------------------------------------------
TimeQuest Timing Analyzer Summary
------------------------------------------------------------

Type  : Slow Model Setup 'OP[0]'
Slack : -5.502
TNS   : -5.502

Type  : Slow Model Setup 'Clock_Divider:cd|clk_tmp'
Slack : -4.592
TNS   : -46.882

Type  : Slow Model Setup 'CLK'
Slack : -2.837
TNS   : -46.671

Type  : Slow Model Hold 'CLK'
Slack : -2.554
TNS   : -2.554

Type  : Slow Model Hold 'Clock_Divider:cd|clk_tmp'
Slack : 1.088
TNS   : 0.000

Type  : Slow Model Hold 'OP[0]'
Slack : 2.066
TNS   : 0.000

Type  : Slow Model Minimum Pulse Width 'CLK'
Slack : -1.380
TNS   : -27.380

Type  : Slow Model Minimum Pulse Width 'OP[0]'
Slack : -1.222
TNS   : -1.222

Type  : Slow Model Minimum Pulse Width 'Clock_Divider:cd|clk_tmp'
Slack : -0.500
TNS   : -23.000

Type  : Fast Model Setup 'OP[0]'
Slack : -2.314
TNS   : -2.314

Type  : Fast Model Setup 'Clock_Divider:cd|clk_tmp'
Slack : -1.415
TNS   : -8.807

Type  : Fast Model Setup 'CLK'
Slack : -0.843
TNS   : -9.269

Type  : Fast Model Hold 'CLK'
Slack : -1.595
TNS   : -1.595

Type  : Fast Model Hold 'Clock_Divider:cd|clk_tmp'
Slack : 0.315
TNS   : 0.000

Type  : Fast Model Hold 'OP[0]'
Slack : 0.845
TNS   : 0.000

Type  : Fast Model Minimum Pulse Width 'CLK'
Slack : -1.380
TNS   : -27.380

Type  : Fast Model Minimum Pulse Width 'OP[0]'
Slack : -1.222
TNS   : -1.222

Type  : Fast Model Minimum Pulse Width 'Clock_Divider:cd|clk_tmp'
Slack : -0.500
TNS   : -23.000

------------------------------------------------------------
